2023-04-06 22:46:46.432 29394-29571 V/adam: 14:46:46.432 29571 V adam adam_packer_utils.cpp 18: <-- adam_packer_pack_body +4
2023-04-06 22:46:46.432 29394-29571 V/adam: 14:46:46.432 29571 V adam adam_server_session.cpp 518: cmdtype:17, orig:1182, encrypt:726
2023-04-06 22:46:46.433 22709-22951 D/bt_bta_dm: bta_dm_rm_cback: BTA Role management callback count:2 status:BTA_SYS_CONN_BUSY peer:c0:83:xx:xx:xx:0b
2023-04-06 22:46:46.433 22709-22951 I/bt_btm_pm: BTM_SetPowerMode: Device is already in requested mode 0, interval: 0, max: 0, min: 0
2023-04-06 22:46:46.433 22709-22951 I/bt_rfcomm: LogMsg: PORT_WriteDataCO() handle:31
2023-04-06 22:46:46.433 22709-22951 I/bt_rfcomm: LogMsg: PORT_WriteData 755 bytes
2023-04-06 22:46:46.433 22709-22951 I/bt_rfcomm: LogMsg: PORT_Write : Data is being sent
2023-04-06 22:46:46.433 22709-22951 D/bt_bta_dm: bta_dm_rm_cback: BTA Role management callback count:2 status:BTA_SYS_CONN_IDLE peer:c0:83:xx:xx:xx:0b
2023-04-06 22:46:46.434 22709-22951 I/bt_rfcomm: LogMsg: p_len=755 bytes
2023-04-06 22:46:47.123 28412-28603 D/HARDCODER: [com_tencent_mm_hardcoder_HardCoderJNI.cpp,Java_com_tencent_mm_hardcoder_HardCoderJNI_cancelCpuCoreForThread:259]"cancelCpuCoreForThread: len:1, tid:28603, timestamp:" PRId64
2023-04-06 22:46:47.124 28412-28603 D/HARDCODER: [header.h,genReqPack:46]"getReqPack funcid:1005, dataLen:76 callertid:28603 timestamp:477477362"
2023-04-06 22:46:47.124 28412-28603 D/HARDCODER: [header.h,genReqPack:87]"genReqPack json header len:52, requestid:1680792407124041"
2023-04-06 22:46:47.124 28412-28603 D/HARDCODER: [protocol.h,cancelCpuCoreForThread:853]"cancelCpuCoreForThread requestid:1680792407124041, unbindlen:1"
2023-04-06 22:46:47.124 28412-28605 D/HARDCODER: [localsocket.h,loop:185]"loop, poll success, revents&POLLIN:1, read pipe ret:4"
2023-04-06 22:46:47.124 28412-28605 D/HARDCODER: [localsocket.h,checkCanWrite:63]"checkCanWrite poll ret:1 revent&POLLOUT:4, fd:240"
2023-04-06 22:46:47.125 28412-28603 D/HARDCODER: [header.h,genReqPack:46]"getReqPack funcid:1007, dataLen:67 callertid:28615 timestamp:477477363"
2023-04-06 22:46:47.125 28412-28603 D/HARDCODER: [header.h,genReqPack:87]"genReqPack json header len:52, requestid:1680792407125174"
2023-04-06 22:46:47.125 28412-28605 D/HARDCODER: [localsocket.h,loop:160]"loop, send sendPack finish, ret:128, fd:240, len:128, offset:128, queue:0, costtime:1 "
2023-04-06 22:46:47.125 28412-28603 D/HARDCODER: [protocol.h,cancelHighIOFreq:922]"cancelHighIOFreq requestid:1680792407125174"
2023-04-06 22:46:47.125 28412-28603 D/HARDCODER: [com_tencent_mm_hardcoder_HardCoderJNI.cpp,Java_com_tencent_mm_hardcoder_HardCoderJNI_cancelHighIOFreq:279]"cancelHighIOFreq, requestId:1680792407125174, tid:28615, timestamp:" PRId64
2023-04-06 22:46:47.125 2129-28606 D/GameLocalSocketServer: uid: 10209, pid: 28412, sock: 1155, begin: 0x48444352, recv len: 128, updated: 0
2023-04-06 22:46:47.126 28412-28605 D/HARDCODER: [localsocket.h,loop:185]"loop, poll success, revents&POLLIN:1, read pipe ret:4"
2023-04-06 22:46:47.126 28412-28605 D/HARDCODER: [localsocket.h,checkCanWrite:63]"checkCanWrite poll ret:1 revent&POLLOUT:4, fd:240"
2023-04-06 22:46:47.126 28412-28605 D/HARDCODER: [localsocket.h,loop:160]"loop, send sendPack finish, ret:119, fd:240, len:119, offset:119, queue:0, costtime:0 "
2023-04-06 22:46:47.127 28412-28603 D/HARDCODER: [header.h,genReqPack:46]"getReqPack funcid:1003, dataLen:68 callertid:28615 timestamp:477477366"
2023-04-06 22:46:47.127 28412-28603 D/HARDCODER: [header.h,genReqPack:87]"genReqPack json header len:52, requestid:1680792407127939"
2023-04-06 22:46:47.128 2129-28606 D/GameLocalSocketServer: uid: 10209, pid: 28412, sock: 1155, begin: 0x48444352, recv len: 119, updated: 0
2023-04-06 22:46:47.128 28412-28603 D/HARDCODER: [protocol.h,cancelCpuHighFreq:682]"cancelCpuHighFreq requestid:1680792407127939, tid:28615, timestamp:477477366"
2023-04-06 22:46:47.128 28412-28603 D/HARDCODER: [com_tencent_mm_hardcoder_HardCoderJNI.cpp,Java_com_tencent_mm_hardcoder_HardCoderJNI_cancelCpuHighFreq:217]"cancelCpuHighFreq, requestId:1680792407127939, tid:28615, timestamp:" PRId64
2023-04-06 22:46:47.128 28412-28605 D/HARDCODER: [localsocket.h,loop:185]"loop, poll success, revents&POLLIN:1, read pipe ret:4"
2023-04-06 22:46:47.128 28412-28605 D/HARDCODER: [localsocket.h,checkCanWrite:63]"checkCanWrite poll ret:1 revent&POLLOUT:4, fd:240"
2023-04-06 22:46:47.128 28412-28605 D/HARDCODER: [localsocket.h,loop:160]"loop, send sendPack finish, ret:120, fd:240, len:120, offset:120, queue:0, costtime:0 "
2023-04-06 22:46:47.128 2129-28606 D/GameLocalSocketServer: uid: 10209, pid: 28412, sock: 1155, begin: 0x48444352, recv len: 120, updated: 0

发

2023-04-06 22:50:35.760 28412-28615 I/NotificationManager: com.tencent.mm: cancel(-1)
2023-04-06 22:50:36.270 28412-28603 D/HARDCODER: [header.h,genReqPack:46]"getReqPack funcid:1013, dataLen:151 callertid:28615 timestamp:477706509"
2023-04-06 22:50:36.270 28412-28603 D/HARDCODER: [header.h,genReqPack:87]"genReqPack json header len:52, requestid:1680792636270894"
2023-04-06 22:50:36.271 28412-28603 D/HARDCODER: [protocol.h,requestUnifyCpuIOThreadCoreGpu:1190]"requestUnifyCpuIOThreadCoreGpu requestid:1680792636270894, scene:6, action:127040, cpulevel:2, iolevel:2, bindlen:0, gpulevel:1, timeoutms:1028"
2023-04-06 22:50:36.271 28412-28603 D/HARDCODER: [com_tencent_mm_hardcoder_HardCoderJNI.cpp,Java_com_tencent_mm_hardcoder_HardCoderJNI_requestUnifyCpuIOThreadCoreGpu:358]"requestUnifyCpuIOThreadCoreGpu, requestId:1680792636270894, scene:6, action:127040, cpulevel:2, iolevel:2, bindtids len:1, " "gpulevel:0 timeout:1028 tid:28615 timestamp:" PRId64
2023-04-06 22:50:36.271 28412-28605 D/HARDCODER: [localsocket.h,loop:185]"loop, poll success, revents&POLLIN:1, read pipe ret:4"
2023-04-06 22:50:36.271 28412-28605 D/HARDCODER: [localsocket.h,checkCanWrite:63]"checkCanWrite poll ret:1 revent&POLLOUT:4, fd:240"
2023-04-06 22:50:36.271 28412-28605 D/HARDCODER: [localsocket.h,loop:160]"loop, send sendPack finish, ret:203, fd:240, len:203, offset:203, queue:0, costtime:0 "
2023-04-06 22:50:36.272 2129-28606 D/GameLocalSocketServer: uid: 10209, pid: 28412, sock: 1155, begin: 0x48444352, recv len: 203, updated: 0
2023-04-06 22:50:36.337 2129-4461 I/ContentProviderHelper: Successfully start provider ContentProviderRecord{9274f63 u0 com.huawei.android.launcher/.LauncherProvider} launchingApp=null caller pid= 28412
2023-04-06 22:50:36.339 3432-23194 I/HwLauncher: LauncherProvider launcher call - method:setAppBadgeCount arg:nullextras:[app_shortcut_custom_id=null][app_shortcut_class_name=com.tencent.mm.ui.LauncherUI][app_badge_count=0] uid:10209 pid =28412
2023-04-06 22:50:36.339 2129-4461 I/ContentProviderHelper: Successfully start provider ContentProviderRecord{9274f63 u0 com.huawei.android.launcher/.LauncherProvider} launchingApp=null caller pid= 28412
2023-04-06 22:50:36.341 3432-468 I/HwLauncher: LauncherProvider launcher call - method:setAppBadgeCount arg:nullextras:[app_shortcut_custom_id=[shortcut_60c3b0c296c39d5dc384012526c2830d72c385c3b04dc282c3b5c3aac392]][app_shortcut_class_name=com.tencent.mm.ui.LauncherUI][app_badge_count=0] uid:10209 pid =28412
2023-04-06 22:50:37.305 28412-28603 D/HARDCODER: [com_tencent_mm_hardcoder_HardCoderJNI.cpp,Java_com_tencent_mm_hardcoder_HardCoderJNI_cancelCpuCoreForThread:259]"cancelCpuCoreForThread: len:1, tid:28603, timestamp:" PRId64
2023-04-06 22:50:37.305 28412-28603 D/HARDCODER: [header.h,genReqPack:46]"getReqPack funcid:1005, dataLen:76 callertid:28603 timestamp:477707544"
2023-04-06 22:50:37.306 28412-28603 D/HARDCODER: [header.h,genReqPack:87]"genReqPack json header len:52, requestid:1680792637306134"
2023-04-06 22:50:37.306 28412-28603 D/HARDCODER: [protocol.h,cancelCpuCoreForThread:853]"cancelCpuCoreForThread requestid:1680792637306134, unbindlen:1"
2023-04-06 22:50:37.307 28412-28605 D/HARDCODER: [localsocket.h,loop:185]"loop, poll success, revents&POLLIN:1, read pipe ret:4"
2023-04-06 22:50:37.307 28412-28605 D/HARDCODER: [localsocket.h,checkCanWrite:63]"checkCanWrite poll ret:1 revent&POLLOUT:4, fd:240"
2023-04-06 22:50:37.307 28412-28605 D/HARDCODER: [localsocket.h,loop:160]"loop, send sendPack finish, ret:128, fd:240, len:128, offset:128, queue:0, costtime:0 "
2023-04-06 22:50:37.307 2129-28606 D/GameLocalSocketServer: uid: 10209, pid: 28412, sock: 1155, begin: 0x48444352, recv len: 128, updated: 0
2023-04-06 22:50:37.308 28412-28603 D/HARDCODER: [header.h,genReqPack:46]"getReqPack funcid:1007, dataLen:67 callertid:28615 timestamp:477707546"
2023-04-06 22:50:37.308 28412-28603 D/HARDCODER: [header.h,genReqPack:87]"genReqPack json header len:52, requestid:1680792637308192"
2023-04-06 22:50:37.308 28412-28603 D/HARDCODER: [protocol.h,cancelHighIOFreq:922]"cancelHighIOFreq requestid:1680792637308192"
2023-04-06 22:50:37.308 28412-28605 D/HARDCODER: [localsocket.h,loop:185]"loop, poll success, revents&POLLIN:1, read pipe ret:4"
2023-04-06 22:50:37.308 28412-28603 D/HARDCODER: [com_tencent_mm_hardcoder_HardCoderJNI.cpp,Java_com_tencent_mm_hardcoder_HardCoderJNI_cancelHighIOFreq:279]"cancelHighIOFreq, requestId:1680792637308192, tid:28615, timestamp:" PRId64
2023-04-06 22:50:37.309 28412-28605 D/HARDCODER: [localsocket.h,checkCanWrite:63]"checkCanWrite poll ret:1 revent&POLLOUT:4, fd:240"
2023-04-06 22:50:37.309 28412-28605 D/HARDCODER: [localsocket.h,loop:160]"loop, send sendPack finish, ret:119, fd:240, len:119, offset:119, queue:0, costtime:1 "
2023-04-06 22:50:37.309 28412-28603 D/HARDCODER: [header.h,genReqPack:46]"getReqPack funcid:1003, dataLen:68 callertid:28615 timestamp:477707548"
2023-04-06 22:50:37.309 2129-28606 D/GameLocalSocketServer: uid: 10209, pid: 28412, sock: 1155, begin: 0x48444352, recv len: 119, updated: 0
2023-04-06 22:50:37.309 28412-28603 D/HARDCODER: [header.h,genReqPack:87]"genReqPack json header len:52, requestid:1680792637309951"
2023-04-06 22:50:37.310 28412-28603 D/HARDCODER: [protocol.h,cancelCpuHighFreq:682]"cancelCpuHighFreq requestid:1680792637309951, tid:28615, timestamp:477707548"
2023-04-06 22:50:37.310 28412-28603 D/HARDCODER: [com_tencent_mm_hardcoder_HardCoderJNI.cpp,Java_com_tencent_mm_hardcoder_HardCoderJNI_cancelCpuHighFreq:217]"cancelCpuHighFreq, requestId:1680792637309951, tid:28615, timestamp:" PRId64
2023-04-06 22:50:37.311 28412-28605 D/HARDCODER: [localsocket.h,loop:185]"loop, poll success, revents&POLLIN:1, read pipe ret:4"
2023-04-06 22:50:37.311 28412-28605 D/HARDCODER: [localsocket.h,checkCanWrite:63]"checkCanWrite poll ret:1 revent&POLLOUT:4, fd:240"
2023-04-06 22:50:37.311 28412-28605 D/HARDCODER: [localsocket.h,loop:160]"loop, send sendPack finish, ret:120, fd:240, len:120, offset:120, queue:0, costtime:0 "
2023-04-06 22:50:37.311 2129-28606 D/GameLocalSocketServer: uid: 10209, pid: 28412, sock: 1155, begin: 0x48444352, recv len: 120, updated: 0
2023-04-06 22:50:37.351 22709-22951 I/bt_rfcomm: LogMsg: PORT_DataInd with data length 148, p_mcb:0x7021f7a8e8,p_port:0x7021f79c28,dlci:2
2023-04-06 22:50:37.352 22709-22951 I/bt_rfcomm: LogMsg: rfc_inc_credit:10
2023-04-06 22:50:37.352 22709-22951 I/bt_rfcomm: LogMsg: PORT_DataInd with data length 176, p_mcb:0x7021f7a8e8,p_port:0x7021f79c28,dlci:2
2023-04-06 22:50:37.356 29394-29427 V/adam: 14:50:37.356 29427 V adam looper.cpp 131: receive invoke event!
2023-04-06 22:50:37.358 29394-29549 V/adam: 14:50:37.357 29549 V adam looper.cpp 273: wakeup lock: acquire
2023-04-06 22:50:37.359 29394-29549 V/adam: 14:50:37.358 29549 V adam adam_crypto_utils.cpp 106: --> aes_gcm_decrypt
2023-04-06 22:50:37.360 29394-29549 V/adam: 14:50:37.359 29549 V adam adam_crypto_utils.cpp 179: finish dec in:105, keylen:32, iv:12, tag:16, out:77
2023-04-06 22:50:37.361 29394-29549 V/adam: 14:50:37.360 29549 V adam adam_crypto_utils.cpp 106: <-- aes_gcm_decrypt +2
2023-04-06 22:50:37.362 29394-29427 V/adam: 14:50:37.362 29427 V adam looper.cpp 131: receive invoke event!
2023-04-06 22:50:37.364 29394-29549 V/adam: 14:50:37.363 29549 V adam looper.cpp 131: receive invoke event!
2023-04-06 22:50:37.364 29394-29549 V/adam: 14:50:37.364 29549 V adam adam_server_session.cpp 243: recv app cmd taskid:787, funcname:SendTextMessage
2023-04-06 22:50:37.365 29394-29549 V/adam: 14:50:37.365 29549 V adam adam_crypto_utils.cpp 106: --> aes_gcm_decrypt
2023-04-06 22:50:37.366 29394-29549 V/adam: 14:50:37.365 29549 V adam adam_crypto_utils.cpp 179: finish dec in:137, keylen:32, iv:12, tag:16, out:109
2023-04-06 22:50:37.367 29394-29549 V/adam: 14:50:37.366 29549 V adam adam_crypto_utils.cpp 106: <-- aes_gcm_decrypt +1
2023-04-06 22:50:37.367 29394-29549 V/adam: 14:50:37.367 29549 V adam looper.cpp 131: receive invoke event!
2023-04-06 22:50:37.368 29394-29549 V/adam: 14:50:37.367 29549 V adam adam_server_session.cpp 243: recv app cmd taskid:788, funcname:GetMessages
2023-04-06 22:50:37.369 29394-29549 V/adam: 14:50:37.368 29549 V adam looper.cpp 265: idle wait
2023-04-06 22:50:37.369 29394-29549 V/adam: 14:50:37.369 29549 V adam looper.cpp 268: wakeup lock: release
2023-04-06 22:50:37.400 29394-29502 V/adam: 14:50:37.399 29502 V adam looper.cpp 131: receive invoke event!
2023-04-06 22:50:37.402 29394-29549 V/adam: 14:50:37.400 29549 V adam looper.cpp 273: wakeup lock: acquire
2023-04-06 22:50:37.404 29394-29549 V/adam: 14:50:37.403 29549 V adam looper.cpp 265: idle wait
2023-04-06 22:50:37.406 29394-29571 V/adam: 14:50:37.404 29571 V adam adam_packer_utils.cpp 18: --> adam_packer_pack_body
2023-04-06 22:50:37.407 29394-29571 V/adam: 14:50:37.406 29571 V adam lz4_util.cpp 21: --> Lz4Compress
2023-04-06 22:50:37.408 29394-29571 V/adam: 14:50:37.407 29571 V adam lz4_util.cpp 30: going to compress len:169, max:185
2023-04-06 22:50:37.408 29394-29571 V/adam: 14:50:37.408 29571 V adam lz4_util.cpp 32: finish compress len:160
2023-04-06 22:50:37.409 29394-29571 V/adam: 14:50:37.409 29571 V adam lz4_util.cpp 21: <-- Lz4Compress +3
2023-04-06 22:50:37.410 29394-29571 V/adam: 14:50:37.409 29571 V adam adam_crypto_utils.cpp 34: --> aes_gcm_encrypt
2023-04-06 22:50:37.411 29394-29549 V/adam: 14:50:37.410 29549 V adam looper.cpp 268: wakeup lock: release
2023-04-06 22:50:37.412 29394-29571 V/adam: 14:50:37.411 29571 V adam adam_crypto_utils.cpp 102: finish enc in:160, keylen:32, iv:12, tag:16, out:188
2023-04-06 22:50:37.412 29394-29571 V/adam: 14:50:37.412 29571 V adam adam_crypto_utils.cpp 34: <-- aes_gcm_encrypt +3
2023-04-06 22:50:37.413 29394-29571 V/adam: 14:50:37.412 29571 V adam adam_packer_utils.cpp 62: comalgo:1, encalgo:1, origlen:169, compressed:160, encrypt:188
2023-04-06 22:50:37.413 29394-29571 V/adam: 14:50:37.413 29571 V adam adam_packer_utils.cpp 18: <-- adam_packer_pack_body +10
2023-04-06 22:50:37.414 29394-29571 V/adam: 14:50:37.413 29571 V adam adam_server_session.cpp 518: cmdtype:17, orig:169, encrypt:188
2023-04-06 22:50:37.415 22709-22951 D/bt_bta_dm: bta_dm_rm_cback: BTA Role management callback count:2 status:BTA_SYS_CONN_BUSY peer:c0:83:xx:xx:xx:0b
2023-04-06 22:50:37.415 22709-22951 I/bt_btm_pm: BTM_SetPowerMode: Device is already in requested mode 0, interval: 0, max: 0, min: 0
2023-04-06 22:50:37.415 22709-22951 I/bt_rfcomm: LogMsg: PORT_WriteDataCO() handle:31
2023-04-06 22:50:37.415 22709-22951 I/bt_rfcomm: LogMsg: PORT_WriteData 217 bytes
2023-04-06 22:50:37.415 22709-22951 I/bt_rfcomm: LogMsg: PORT_Write : Data is being sent
2023-04-06 22:50:37.416 22709-22951 D/bt_bta_dm: bta_dm_rm_cback: BTA Role management callback count:2 status:BTA_SYS_CONN_IDLE peer:c0:83:xx:xx:xx:0b
2023-04-06 22:50:37.416 22709-22951 I/bt_rfcomm: LogMsg: p_len=217 bytes
2023-04-06 22:50:37.423 29394-29595 I/mars::stn: [longlink_connect_monitor.cc:470, OnHeartbeatAlarmSet]:longlink_progress on_heartbeat_set, time: 477707662, time interval:210000
2023-04-06 22:50:37.627 29394-29502 V/adam: 14:50:37.627 29502 V adam looper.cpp 131: receive invoke event!
2023-04-06 22:50:37.628 29394-29549 V/adam: 14:50:37.628 29549 V adam looper.cpp 273: wakeup lock: acquire
2023-04-06 22:50:37.629 29394-29549 V/adam: 14:50:37.628 29549 V adam looper.cpp 265: idle wait
2023-04-06 22:50:37.629 29394-29549 V/adam: 14:50:37.629 29549 V adam looper.cpp 268: wakeup lock: release
2023-04-06 22:50:37.630 29394-29571 V/adam: 14:50:37.629 29571 V adam adam_packer_utils.cpp 18: --> adam_packer_pack_body
2023-04-06 22:50:37.630 29394-29571 V/adam: 14:50:37.630 29571 V adam lz4_util.cpp 21: --> Lz4Compress
2023-04-06 22:50:37.631 29394-29571 V/adam: 14:50:37.630 29571 V adam lz4_util.cpp 30: going to compress len:17, max:33
2023-04-06 22:50:37.631 29394-29571 V/adam: 14:50:37.631 29571 V adam lz4_util.cpp 32: finish compress len:19
2023-04-06 22:50:37.632 29394-29571 V/adam: 14:50:37.631 29571 V adam lz4_util.cpp 21: <-- Lz4Compress +1
2023-04-06 22:50:37.632 29394-29571 V/adam: 14:50:37.632 29571 V adam adam_crypto_utils.cpp 34: --> aes_gcm_encrypt
2023-04-06 22:50:37.632 29394-29571 V/adam: 14:50:37.632 29571 V adam adam_crypto_utils.cpp 102: finish enc in:19, keylen:32, iv:12, tag:16, out:47
2023-04-06 22:50:37.632 29394-29571 V/adam: 14:50:37.632 29571 V adam adam_crypto_utils.cpp 34: <-- aes_gcm_encrypt +0
2023-04-06 22:50:37.633 29394-29571 V/adam: 14:50:37.632 29571 V adam adam_packer_utils.cpp 62: comalgo:1, encalgo:1, origlen:17, compressed:19, encrypt:47
2023-04-06 22:50:37.633 29394-29571 V/adam: 14:50:37.633 29571 V adam adam_packer_utils.cpp 18: <-- adam_packer_pack_body +4
2023-04-06 22:50:37.633 29394-29571 V/adam: 14:50:37.633 29571 V adam adam_server_session.cpp 518: cmdtype:17, orig:17, encrypt:47
2023-04-06 22:50:37.634 22709-22951 D/bt_bta_dm: bta_dm_rm_cback: BTA Role management callback count:2 status:BTA_SYS_CONN_BUSY peer:c0:83:xx:xx:xx:0b
2023-04-06 22:50:37.634 22709-22951 I/bt_btm_pm: BTM_SetPowerMode: Device is already in requested mode 0, interval: 0, max: 0, min: 0
2023-04-06 22:50:37.634 22709-22951 I/bt_rfcomm: LogMsg: PORT_WriteDataCO() handle:31
2023-04-06 22:50:37.634 22709-22951 I/bt_rfcomm: LogMsg: PORT_WriteData 75 bytes
2023-04-06 22:50:37.634 22709-22951 I/bt_rfcomm: LogMsg: PORT_Write : Data is being sent
2023-04-06 22:50:37.635 22709-22951 D/bt_bta_dm: bta_dm_rm_cback: BTA Role management callback count:2 status:BTA_SYS_CONN_IDLE peer:c0:83:xx:xx:xx:0b
2023-04-06 22:50:37.635 22709-22951 I/bt_rfcomm: LogMsg: p_len=75 bytes
2023-04-06 22:50:37.781 28412-28464 I/NotificationManager: com.tencent.mm: cancel(-1)
2023-04-06 22:50:38.298 28412-28603 D/HARDCODER: [header.h,genReqPack:46]"getReqPack funcid:1013, dataLen:151 callertid:28464 timestamp:477708537"
2023-04-06 22:50:38.299 28412-28603 D/HARDCODER: [header.h,genReqPack:87]"genReqPack json header len:52, requestid:1680792638299103"
2023-04-06 22:50:38.299 28412-28603 D/HARDCODER: [protocol.h,requestUnifyCpuIOThreadCoreGpu:1190]"requestUnifyCpuIOThreadCoreGpu requestid:1680792638299103, scene:6, action:127040, cpulevel:2, iolevel:2, bindlen:0, gpulevel:1, timeoutms:1029"
2023-04-06 22:50:38.299 28412-28603 D/HARDCODER: [com_tencent_mm_hardcoder_HardCoderJNI.cpp,Java_com_tencent_mm_hardcoder_HardCoderJNI_requestUnifyCpuIOThreadCoreGpu:358]"requestUnifyCpuIOThreadCoreGpu, requestId:1680792638299103, scene:6, action:127040, cpulevel:2, iolevel:2, bindtids len:1, " "gpulevel:0 timeout:1029 tid:28464 timestamp:" PRId64
2023-04-06 22:50:38.299 28412-28605 D/HARDCODER: [localsocket.h,loop:185]"loop, poll success, revents&POLLIN:1, read pipe ret:4"
2023-04-06 22:50:38.300 28412-28605 D/HARDCODER: [localsocket.h,checkCanWrite:63]"checkCanWrite poll ret:1 revent&POLLOUT:4, fd:240"
2023-04-06 22:50:38.300 28412-28605 D/HARDCODER: [localsocket.h,loop:160]"loop, send sendPack finish, ret:203, fd:240, len:203, offset:203, queue:0, costtime:0 "
2023-04-06 22:50:38.300 2129-28606 D/GameLocalSocketServer: uid: 10209, pid: 28412, sock: 1155, begin: 0x48444352, recv len: 203, updated: 0
2023-04-06 22:50:38.370 2129-2149 I/ContentProviderHelper: Successfully start provider ContentProviderRecord{9274f63 u0 com.huawei.android.launcher/.LauncherProvider} launchingApp=null caller pid= 28412
2023-04-06 22:50:38.373 3432-23194 I/HwLauncher: LauncherProvider launcher call - method:setAppBadgeCount arg:nullextras:[app_shortcut_custom_id=null][app_shortcut_class_name=com.tencent.mm.ui.LauncherUI][app_badge_count=0] uid:10209 pid =28412
2023-04-06 22:50:38.373 2129-2149 I/ContentProviderHelper: Successfully start provider ContentProviderRecord{9274f63 u0 com.huawei.android.launcher/.LauncherProvider} launchingApp=null caller pid= 28412
2023-04-06 22:50:38.375 3432-468 I/HwLauncher: LauncherProvider launcher call - method:setAppBadgeCount arg:nullextras:[app_shortcut_custom_id=[shortcut_60c3b0c296c39d5dc384012526c2830d72c385c3b04dc282c3b5c3aac392]][app_shortcut_class_name=com.tencent.mm.ui.LauncherUI][app_badge_count=0] uid:10209 pid =28412
2023-04-06 22:50:39.331 28412-28603 D/HARDCODER: [com_tencent_mm_hardcoder_HardCoderJNI.cpp,Java_com_tencent_mm_hardcoder_HardCoderJNI_cancelCpuCoreForThread:259]"cancelCpuCoreForThread: len:1, tid:28603, timestamp:" PRId64
2023-04-06 22:50:39.332 28412-28603 D/HARDCODER: [header.h,genReqPack:46]"getReqPack funcid:1005, dataLen:76 callertid:28603 timestamp:477709570"
2023-04-06 22:50:39.332 28412-28603 D/HARDCODER: [header.h,genReqPack:87]"genReqPack json header len:52, requestid:1680792639332066"
2023-04-06 22:50:39.332 28412-28603 D/HARDCODER: [protocol.h,cancelCpuCoreForThread:853]"cancelCpuCoreForThread requestid:1680792639332066, unbindlen:1"
2023-04-06 22:50:39.332 28412-28605 D/HARDCODER: [localsocket.h,loop:185]"loop, poll success, revents&POLLIN:1, read pipe ret:4"
2023-04-06 22:50:39.332 28412-28605 D/HARDCODER: [localsocket.h,checkCanWrite:63]"checkCanWrite poll ret:1 revent&POLLOUT:4, fd:240"
2023-04-06 22:50:39.332 28412-28605 D/HARDCODER: [localsocket.h,loop:160]"loop, send sendPack finish, ret:128, fd:240, len:128, offset:128, queue:0, costtime:0 "
2023-04-06 22:50:39.332 28412-28603 D/HARDCODER: [header.h,genReqPack:46]"getReqPack funcid:1007, dataLen:67 callertid:28464 timestamp:477709571"
2023-04-06 22:50:39.332 28412-28603 D/HARDCODER: [header.h,genReqPack:87]"genReqPack json header len:52, requestid:1680792639332644"
2023-04-06 22:50:39.332 28412-28603 D/HARDCODER: [protocol.h,cancelHighIOFreq:922]"cancelHighIOFreq requestid:1680792639332644"
2023-04-06 22:50:39.332 28412-28603 D/HARDCODER: [com_tencent_mm_hardcoder_HardCoderJNI.cpp,Java_com_tencent_mm_hardcoder_HardCoderJNI_cancelHighIOFreq:279]"cancelHighIOFreq, requestId:1680792639332644, tid:28464, timestamp:" PRId64
2023-04-06 22:50:39.332 2129-28606 D/GameLocalSocketServer: uid: 10209, pid: 28412, sock: 1155, begin: 0x48444352, recv len: 128, updated: 0
2023-04-06 22:50:39.333 28412-28603 D/HARDCODER: [header.h,genReqPack:46]"getReqPack funcid:1003, dataLen:68 callertid:28464 timestamp:477709571"
2023-04-06 22:50:39.333 28412-28603 D/HARDCODER: [header.h,genReqPack:87]"genReqPack json header len:52, requestid:1680792639333035"
2023-04-06 22:50:39.333 28412-28603 D/HARDCODER: [protocol.h,cancelCpuHighFreq:682]"cancelCpuHighFreq requestid:1680792639333035, tid:28464, timestamp:477709571"
2023-04-06 22:50:39.333 28412-28603 D/HARDCODER: [com_tencent_mm_hardcoder_HardCoderJNI.cpp,Java_com_tencent_mm_hardcoder_HardCoderJNI_cancelCpuHighFreq:217]"cancelCpuHighFreq, requestId:1680792639333035, tid:28464, timestamp:" PRId64
2023-04-06 22:50:39.333 28412-28605 D/HARDCODER: [localsocket.h,loop:185]"loop, poll success, revents&POLLIN:1, read pipe ret:4"
2023-04-06 22:50:39.333 28412-28605 D/HARDCODER: [localsocket.h,checkCanWrite:63]"checkCanWrite poll ret:1 revent&POLLOUT:4, fd:240"
2023-04-06 22:50:39.333 28412-28605 D/HARDCODER: [localsocket.h,loop:160]"loop, send sendPack finish, ret:119, fd:240, len:119, offset:119, queue:1, costtime:0 "
2023-04-06 22:50:39.333 28412-28605 D/HARDCODER: [localsocket.h,loop:185]"loop, poll success, revents&POLLIN:1, read pipe ret:4"
2023-04-06 22:50:39.333 28412-28605 D/HARDCODER: [localsocket.h,checkCanWrite:63]"checkCanWrite poll ret:1 revent&POLLOUT:4, fd:240"
2023-04-06 22:50:39.333 28412-28605 D/HARDCODER: [localsocket.h,loop:160]"loop, send sendPack finish, ret:120, fd:240, len:120, offset:120, queue:0, costtime:0 "
2023-04-06 22:50:39.334 2129-28606 D/GameLocalSocketServer: uid: 10209, pid: 28412, sock: 1155, begin: 0x48444352, recv len: 239, updated: 0
2023-04-06 22:50:39.618 22709-22951 I/bt_btm_pm: btm_pm_proc_mode_change: Power mode switched from immediate:active[0] to immediate:sniff[2]
2023-04-06 22:50:39.618 22709-22951 D/bt_btm: LogMsg: btm mode change to active; check l2c_link for outgoing packets
