信息
2023-04-06 22:36:53.934 3873-4167 D/BtDft_NcBtDftManager: handleBtParam id = EVENT_BT_BEHAVIOR
2023-04-06 22:36:53.934 22709-22951 I/bt_btm: LogMsg: BTM_BleAdvFilterParamSetup
2023-04-06 22:36:53.936 22709-22951 I/bt_stack: [INFO:bta_gattc_api.cc(101)] BTA_GATTC_AppDeregister client_if = 4
2023-04-06 22:36:53.936 22709-22951 I/bt_stack: [INFO:bta_gattc_api.cc(85)] app_deregister_impl client_if = 4
2023-04-06 22:36:53.936 22709-22951 E/bt_stack: [ERROR:bta_gattc_act.cc(251)] bta_gattc_deregister p_clreg->num_clcb is 0
2023-04-06 22:36:53.936 22709-22951 I/bt_stack: [INFO:bta_gattc_act.cc(1104)] bta_gattc_deregister_cmpl client_if is 4
2023-04-06 22:36:53.936 22709-22951 I/bt_stack: [INFO:gatt_api.cc(1074)] GATT_Deregister gatt_if=4
2023-04-06 22:36:53.939 22709-22951 I/bt_btm: LogMsg: BTM_BleSetScanParams: 960, 96
2023-04-06 22:36:53.939 22709-22951 I/bt_btif: LogMsg: BTA_DmBleObserve:start = 0 
2023-04-06 22:36:53.939 22709-22951 I/bt_btif: LogMsg: BTA_DmBleObserve:start = 1 
2023-04-06 22:36:53.939 22709-22951 I/bt_btm: LogMsg: BTM_BleObserve : scan_type:1, 960, 96, 0
2023-04-06 22:36:53.939 22709-22951 I/bt_btm: LogMsg: btm_ble_stop_scan 
2023-04-06 22:36:53.939 22709-22951 I/bt_btm: LogMsg: btm_update_scanner_filter_policy
2023-04-06 22:36:53.939 22709-22951 I/bt_btm: LogMsg: btm_send_hci_set_scan_params scan_type=1 scan_int=960 scan_win=96
2023-04-06 22:36:53.939 22709-22951 I/bt_btm: LogMsg: BTM_BleObserve : scan_type:1, 960, 96, 0
2023-04-06 22:36:53.939 22709-22951 I/bt_btm: LogMsg: btm_send_hci_set_scan_params scan_type=1 scan_int=960 scan_win=96
2023-04-06 22:36:53.973 22709-22951 I/bt_btm: LogMsg: BTM_BleSetScanParams: 960, 96
2023-04-06 22:36:53.973 22709-22951 I/bt_btif: LogMsg: BTA_DmBleObserve:start = 0 
2023-04-06 22:36:53.973 22709-22951 I/bt_btif: LogMsg: BTA_DmBleObserve:start = 1 
2023-04-06 22:36:53.973 22709-22951 I/bt_btm: LogMsg: BTM_BleObserve : scan_type:1, 960, 96, 0
2023-04-06 22:36:53.973 22709-22951 I/bt_btm: LogMsg: btm_ble_stop_scan 
2023-04-06 22:36:53.973 22709-22951 I/bt_btm: LogMsg: btm_update_scanner_filter_policy
2023-04-06 22:36:53.974 22709-22951 I/bt_btm: LogMsg: btm_send_hci_set_scan_params scan_type=1 scan_int=960 scan_win=96
2023-04-06 22:36:53.974 22709-22951 I/bt_btm: LogMsg: BTM_BleObserve : scan_type:1, 960, 96, 0
2023-04-06 22:36:53.974 22709-22951 I/bt_btm: LogMsg: btm_send_hci_set_scan_params scan_type=1 scan_int=960 scan_win=96
2023-04-06 22:36:53.987 22709-23637 W/bt_hci: LogMsg: hw_btu_hcif_get_sensorhub_cap: sensorhub_support=0
2023-04-06 22:36:53.989 22709-22951 I/bt_btm: LogMsg: BTM_BleAdvFilterParamSetup
2023-04-06 22:36:53.989 3873-4167 D/BtDft_NcBtDftManager: handleBtParam id = EVENT_BT_BEHAVIOR
2023-04-06 22:36:53.989 22709-22951 I/bt_stack: [INFO:bta_gattc_api.cc(101)] BTA_GATTC_AppDeregister client_if = 6
2023-04-06 22:36:53.989 22709-22951 I/bt_stack: [INFO:bta_gattc_api.cc(85)] app_deregister_impl client_if = 6
2023-04-06 22:36:53.989 22709-22951 E/bt_stack: [ERROR:bta_gattc_act.cc(251)] bta_gattc_deregister p_clreg->num_clcb is 0
2023-04-06 22:36:53.989 22709-22951 I/bt_stack: [INFO:bta_gattc_act.cc(1104)] bta_gattc_deregister_cmpl client_if is 6
2023-04-06 22:36:53.989 22709-22951 I/bt_stack: [INFO:gatt_api.cc(1074)] GATT_Deregister gatt_if=6
2023-04-06 22:36:53.991 22709-22951 I/bt_btif: LogMsg: BTA_DmBleObserve:start = 0 
2023-04-06 22:36:53.991 22709-22951 I/bt_btm: LogMsg: BTM_BleSetScanParams: 960, 96
2023-04-06 22:36:53.991 22709-22951 I/bt_btm: LogMsg: BTM_BleObserve : scan_type:1, 960, 96, 0
2023-04-06 22:36:53.991 22709-22951 I/bt_btm: LogMsg: btm_ble_stop_scan 
2023-04-06 22:36:53.991 22709-22951 I/bt_btm: LogMsg: btm_update_scanner_filter_policy
2023-04-06 22:36:53.992 22709-22951 I/bt_btm: LogMsg: btm_send_hci_set_scan_params scan_type=1 scan_int=960 scan_win=96
2023-04-06 22:36:53.992 22709-22951 I/bt_btif: LogMsg: BTA_DmBleObserve:start = 1 
2023-04-06 22:36:53.992 22709-22951 I/bt_btm: LogMsg: BTM_BleObserve : scan_type:1, 960, 96, 0
2023-04-06 22:36:53.992 22709-22951 I/bt_btm: LogMsg: btm_send_hci_set_scan_params scan_type=1 scan_int=960 scan_win=96
2023-04-06 22:36:53.994 22709-22951 I/bt_btm: LogMsg: BTM_BleAdvFilterParamSetup
2023-04-06 22:36:53.994 3873-4167 D/BtDft_NcBtDftManager: handleBtParam id = EVENT_BT_BEHAVIOR
2023-04-06 22:36:53.995 22709-22951 I/bt_stack: [INFO:bta_gattc_api.cc(101)] BTA_GATTC_AppDeregister client_if = 9
2023-04-06 22:36:53.995 22709-22951 I/bt_stack: [INFO:bta_gattc_api.cc(85)] app_deregister_impl client_if = 9
2023-04-06 22:36:53.995 22709-22951 E/bt_stack: [ERROR:bta_gattc_act.cc(251)] bta_gattc_deregister p_clreg->num_clcb is 0
2023-04-06 22:36:53.995 22709-22951 I/bt_stack: [INFO:bta_gattc_act.cc(1104)] bta_gattc_deregister_cmpl client_if is 9
2023-04-06 22:36:53.995 22709-22951 I/bt_stack: [INFO:gatt_api.cc(1074)] GATT_Deregister gatt_if=9
2023-04-06 22:36:53.997 22709-22951 I/bt_btm: LogMsg: BTM_BleAdvFilterParamSetup
2023-04-06 22:36:53.998 22709-22951 I/bt_btm: LogMsg: BTM_BleAdvFilterParamSetup
2023-04-06 22:36:53.999 22709-22951 I/bt_btif: LogMsg: BTA_DmBleObserve:start = 0 
2023-04-06 22:36:54.000 22709-22951 I/bt_btm: LogMsg: BTM_BleObserve : scan_type:1, 960, 96, 0
2023-04-06 22:36:54.000 22709-22951 I/bt_btm: LogMsg: btm_ble_stop_scan 
2023-04-06 22:36:54.000 22709-22951 I/bt_btm: LogMsg: btm_update_scanner_filter_policy
2023-04-06 22:36:54.000 22709-22951 I/bt_btm: LogMsg: btm_send_hci_set_scan_params scan_type=1 scan_int=960 scan_win=96
2023-04-06 22:36:54.000 22709-22951 I/bt_btm: LogMsg: BTM_BleSetScanParams: 960, 96
2023-04-06 22:36:54.000 22709-22951 I/bt_btif: LogMsg: BTA_DmBleObserve:start = 1 
2023-04-06 22:36:54.000 22709-22951 I/bt_btm: LogMsg: BTM_BleObserve : scan_type:1, 960, 96, 0
2023-04-06 22:36:54.000 22709-22951 I/bt_btm: LogMsg: btm_send_hci_set_scan_params scan_type=1 scan_int=960 scan_win=96
2023-04-06 22:36:54.087 22709-23659 W/bt_hci: LogMsg: hw_btu_hcif_get_sensorhub_cap: sensorhub_support=0
2023-04-06 22:36:54.090 22709-22951 I/bt_stack: [INFO:bta_gattc_act.cc(175)] bta_gattc_register: state:2
2023-04-06 22:36:54.090 22709-22951 I/bt_stack: [INFO:gatt_api.cc(1024)] GATT_Register 9159db5b-48df-b36f-2ea0-2e8ae72b3155
2023-04-06 22:36:54.090 22709-22951 I/bt_stack: [INFO:gatt_utils.cc(263)] gatt_find_the_connected_bda start_idx=0
2023-04-06 22:36:54.090 22709-22951 I/bt_stack: [INFO:gatt_utils.cc(275)]  found=0 found_idx=10
2023-04-06 22:36:54.095 3873-4167 D/BtDft_NcBtDftManager: handleBtParam id = EVENT_BT_BEHAVIOR
2023-04-06 22:36:54.097 22709-22951 I/bt_btm: LogMsg: BTM_BleAdvFilterParamSetup
2023-04-06 22:36:54.097 22709-22951 D/bt_btm: LogMsg: BTM_BleAdvFilterParamSetup : Feat mask:64
2023-04-06 22:36:54.098 22709-22951 D/bt_btm: LogMsg: btm_flt_update_cb: Recd: 7, 7, 0, 0, 55
2023-04-06 22:36:54.098 22709-22951 D/bt_btm: LogMsg: counter = 189, maxfilt = 64, num_avbl=55
2023-04-06 22:36:54.100 22709-22951 I/bt_btm: LogMsg: BTM_BleAdvFilterParamSetup
2023-04-06 22:36:54.100 22709-22951 D/bt_btm: LogMsg: BTM_BleAdvFilterParamSetup : Feat mask:64
2023-04-06 22:36:54.101 22709-22951 D/bt_btm: LogMsg: btm_flt_update_cb: Recd: 7, 7, 0, 0, 54
2023-04-06 22:36:54.101 22709-22951 D/bt_btm: LogMsg: counter = 190, maxfilt = 64, num_avbl=54
2023-04-06 22:36:54.104 22709-22951 I/bt_btm: LogMsg: BTM_BleAdvFilterParamSetup
2023-04-06 22:36:54.104 22709-22951 D/bt_btm: LogMsg: BTM_BleAdvFilterParamSetup : Feat mask:64
2023-04-06 22:36:54.105 22709-22951 D/bt_btm: LogMsg: btm_flt_update_cb: Recd: 7, 7, 0, 0, 53
2023-04-06 22:36:54.105 22709-22951 D/bt_btm: LogMsg: counter = 191, maxfilt = 64, num_avbl=53
2023-04-06 22:36:54.107 22709-22951 I/bt_btm: LogMsg: BTM_BleSetScanParams: 960, 96
2023-04-06 22:36:54.107 22709-22951 I/bt_btif: LogMsg: BTA_DmBleObserve:start = 0 
2023-04-06 22:36:54.107 22709-22951 I/bt_btif: LogMsg: BTA_DmBleObserve:start = 1 
2023-04-06 22:36:54.107 22709-22951 I/bt_btm: LogMsg: BTM_BleObserve : scan_type:1, 960, 96, 0
2023-04-06 22:36:54.107 22709-22951 I/bt_btm: LogMsg: btm_ble_stop_scan 
2023-04-06 22:36:54.107 22709-22951 I/bt_btm: LogMsg: btm_update_scanner_filter_policy
2023-04-06 22:36:54.107 22709-22951 I/bt_btm: LogMsg: btm_send_hci_set_scan_params scan_type=1 scan_int=960 scan_win=96
2023-04-06 22:36:54.107 22709-22951 I/bt_btm: LogMsg: BTM_BleObserve : scan_type:1, 960, 96, 0
2023-04-06 22:36:54.107 22709-22951 I/bt_btm: LogMsg: btm_send_hci_set_scan_params scan_type=1 scan_int=960 scan_win=96
2023-04-06 22:36:54.125 3873-4167 D/BtDft_NcBtDftManager: handleBtParam id = EVENT_BT_BEHAVIOR
2023-04-06 22:36:54.125 22709-22951 I/bt_stack: [INFO:bta_gattc_api.cc(101)] BTA_GATTC_AppDeregister client_if = 10
2023-04-06 22:36:54.125 22709-22951 I/bt_btm: LogMsg: BTM_BleAdvFilterParamSetup
2023-04-06 22:36:54.125 22709-22951 I/bt_stack: [INFO:bta_gattc_api.cc(85)] app_deregister_impl client_if = 10
2023-04-06 22:36:54.125 22709-22951 E/bt_stack: [ERROR:bta_gattc_act.cc(251)] bta_gattc_deregister p_clreg->num_clcb is 0
2023-04-06 22:36:54.125 22709-22951 I/bt_stack: [INFO:bta_gattc_act.cc(1104)] bta_gattc_deregister_cmpl client_if is 10
2023-04-06 22:36:54.125 22709-22951 I/bt_stack: [INFO:gatt_api.cc(1074)] GATT_Deregister gatt_if=10
2023-04-06 22:36:54.127 22709-22951 I/bt_btm: LogMsg: BTM_BleSetScanParams: 960, 96
2023-04-06 22:36:54.127 22709-22951 I/bt_btif: LogMsg: BTA_DmBleObserve:start = 0 
2023-04-06 22:36:54.127 22709-22951 I/bt_btif: LogMsg: BTA_DmBleObserve:start = 1 
2023-04-06 22:36:54.128 22709-22951 I/bt_btm: LogMsg: BTM_BleObserve : scan_type:1, 960, 96, 0
2023-04-06 22:36:54.128 22709-22951 I/bt_btm: LogMsg: btm_ble_stop_scan 
2023-04-06 22:36:54.128 22709-22951 I/bt_btm: LogMsg: btm_update_scanner_filter_policy
2023-04-06 22:36:54.128 22709-22951 I/bt_btm: LogMsg: btm_send_hci_set_scan_params scan_type=1 scan_int=960 scan_win=96
2023-04-06 22:36:54.128 22709-22951 I/bt_btm: LogMsg: BTM_BleObserve : scan_type:1, 960, 96, 0
2023-04-06 22:36:54.128 22709-22951 I/bt_btm: LogMsg: btm_send_hci_set_scan_params scan_type=1 scan_int=960 scan_win=96
2023-04-06 22:36:54.130 22709-22951 I/bt_btm: LogMsg: BTM_BleAdvFilterParamSetup
2023-04-06 22:36:54.130 3873-4167 D/BtDft_NcBtDftManager: handleBtParam id = EVENT_BT_BEHAVIOR
2023-04-06 22:36:54.131 22709-22951 I/bt_stack: [INFO:bta_gattc_api.cc(101)] BTA_GATTC_AppDeregister client_if = 12
2023-04-06 22:36:54.131 22709-22951 I/bt_stack: [INFO:bta_gattc_api.cc(85)] app_deregister_impl client_if = 12
2023-04-06 22:36:54.131 22709-22951 E/bt_stack: [ERROR:bta_gattc_act.cc(251)] bta_gattc_deregister p_clreg->num_clcb is 0
2023-04-06 22:36:54.131 22709-22951 I/bt_stack: [INFO:bta_gattc_act.cc(1104)] bta_gattc_deregister_cmpl client_if is 12
2023-04-06 22:36:54.131 22709-22951 I/bt_stack: [INFO:gatt_api.cc(1074)] GATT_Deregister gatt_if=12
2023-04-06 22:36:54.134 22709-22951 I/bt_btm: LogMsg: BTM_BleSetScanParams: 960, 96
2023-04-06 22:36:54.134 22709-22951 I/bt_btif: LogMsg: BTA_DmBleObserve:start = 0 
2023-04-06 22:36:54.134 22709-22951 I/bt_btif: LogMsg: BTA_DmBleObserve:start = 1 
2023-04-06 22:36:54.134 22709-22951 I/bt_btm: LogMsg: BTM_BleObserve : scan_type:1, 960, 96, 0
2023-04-06 22:36:54.134 22709-22951 I/bt_btm: LogMsg: btm_ble_stop_scan 
2023-04-06 22:36:54.134 22709-22951 I/bt_btm: LogMsg: btm_update_scanner_filter_policy
2023-04-06 22:36:54.134 22709-22951 I/bt_btm: LogMsg: btm_send_hci_set_scan_params scan_type=1 scan_int=960 scan_win=96
2023-04-06 22:36:54.134 22709-22951 I/bt_btm: LogMsg: BTM_BleObserve : scan_type:1, 960, 96, 0
2023-04-06 22:36:54.134 22709-22951 I/bt_btm: LogMsg: btm_send_hci_set_scan_params scan_type=1 scan_int=960 scan_win=96
2023-04-06 22:36:54.151 22709-22951 I/bt_stack: [INFO:bta_gattc_api.cc(101)] BTA_GATTC_AppDeregister client_if = 13
2023-04-06 22:36:54.151 22709-22951 I/bt_stack: [INFO:bta_gattc_api.cc(85)] app_deregister_impl client_if = 13
2023-04-06 22:36:54.151 22709-22951 E/bt_stack: [ERROR:bta_gattc_act.cc(251)] bta_gattc_deregister p_clreg->num_clcb is 0
2023-04-06 22:36:54.151 22709-22951 I/bt_stack: [INFO:bta_gattc_act.cc(1104)] bta_gattc_deregister_cmpl client_if is 13
2023-04-06 22:36:54.151 22709-22951 I/bt_stack: [INFO:gatt_api.cc(1074)] GATT_Deregister gatt_if=13
2023-04-06 22:36:54.151 22709-22951 I/bt_btm: LogMsg: BTM_BleAdvFilterParamSetup
2023-04-06 22:36:54.153 3873-4167 D/BtDft_NcBtDftManager: handleBtParam id = EVENT_BT_BEHAVIOR
2023-04-06 22:36:54.153 22709-22951 I/bt_btm: LogMsg: BTM_BleAdvFilterParamSetup
2023-04-06 22:36:54.156 22709-22951 I/bt_btm: LogMsg: BTM_BleAdvFilterParamSetup
2023-04-06 22:36:54.159 22709-22951 I/bt_btm: LogMsg: BTM_BleAdvFilterParamSetup
2023-04-06 22:36:54.160 3873-4167 D/BtDft_NcBtDftManager: handleBtParam id = EVENT_BT_BEHAVIOR
2023-04-06 22:36:54.160 22709-22951 I/bt_stack: [INFO:bta_gattc_api.cc(101)] BTA_GATTC_AppDeregister client_if = 14
2023-04-06 22:36:54.160 22709-22951 I/bt_stack: [INFO:bta_gattc_api.cc(85)] app_deregister_impl client_if = 14
2023-04-06 22:36:54.160 22709-22951 E/bt_stack: [ERROR:bta_gattc_act.cc(251)] bta_gattc_deregister p_clreg->num_clcb is 0
2023-04-06 22:36:54.160 22709-22951 I/bt_stack: [INFO:bta_gattc_act.cc(1104)] bta_gattc_deregister_cmpl client_if is 14
2023-04-06 22:36:54.160 22709-22951 I/bt_stack: [INFO:gatt_api.cc(1074)] GATT_Deregister gatt_if=14
2023-04-06 22:36:54.162 22709-22951 I/bt_btm: LogMsg: BTM_BleSetScanParams: 960, 96
2023-04-06 22:36:54.162 22709-22951 I/bt_btif: LogMsg: BTA_DmBleObserve:start = 0 
2023-04-06 22:36:54.162 22709-22951 I/bt_btm: LogMsg: BTM_BleSetScanParams: 960, 96
2023-04-06 22:36:54.162 22709-22951 I/bt_btif: LogMsg: BTA_DmBleObserve:start = 1 
2023-04-06 22:36:54.162 22709-22951 I/bt_btif: LogMsg: BTA_DmBleObserve:start = 0 
2023-04-06 22:36:54.162 22709-22951 I/bt_btm: LogMsg: BTM_BleObserve : scan_type:1, 960, 96, 0
2023-04-06 22:36:54.162 22709-22951 I/bt_btm: LogMsg: btm_ble_stop_scan 
2023-04-06 22:36:54.162 22709-22951 I/bt_btm: LogMsg: btm_update_scanner_filter_policy
2023-04-06 22:36:54.162 22709-22951 I/bt_btm: LogMsg: btm_send_hci_set_scan_params scan_type=1 scan_int=960 scan_win=96
2023-04-06 22:36:54.162 22709-22951 I/bt_btif: LogMsg: BTA_DmBleObserve:start = 1 
2023-04-06 22:36:54.162 22709-22951 I/bt_btm: LogMsg: BTM_BleObserve : scan_type:1, 960, 96, 0
2023-04-06 22:36:54.162 22709-22951 I/bt_btm: LogMsg: btm_send_hci_set_scan_params scan_type=1 scan_int=960 scan_win=96
2023-04-06 22:36:54.162 22709-22951 I/bt_btm: LogMsg: BTM_BleAdvFilterParamSetup
2023-04-06 22:36:54.162 22709-22951 I/bt_btm: LogMsg: BTM_BleObserve : scan_type:1, 960, 96, 0
2023-04-06 22:36:54.162 22709-22951 I/bt_btm: LogMsg: btm_ble_stop_scan 
2023-04-06 22:36:54.162 22709-22951 I/bt_btm: LogMsg: btm_update_scanner_filter_policy
2023-04-06 22:36:54.162 22709-22951 I/bt_btm: LogMsg: btm_send_hci_set_scan_params scan_type=1 scan_int=960 scan_win=96
2023-04-06 22:36:54.163 22709-22951 I/bt_btm: LogMsg: BTM_BleObserve : scan_type:1, 960, 96, 0
2023-04-06 22:36:54.163 22709-22951 I/bt_btm: LogMsg: btm_send_hci_set_scan_params scan_type=1 scan_int=960 scan_win=96
2023-04-06 22:36:54.169 22709-22951 I/bt_btm: LogMsg: BTM_BleSetScanParams: 4800, 96
2023-04-06 22:36:54.169 22709-22951 I/bt_btif: LogMsg: BTA_DmBleObserve:start = 0 
2023-04-06 22:36:54.169 22709-22951 I/bt_btif: LogMsg: BTA_DmBleObserve:start = 1 
2023-04-06 22:36:54.169 22709-22951 I/bt_btm: LogMsg: BTM_BleObserve : scan_type:1, 4800, 96, 0
2023-04-06 22:36:54.169 22709-22951 I/bt_btm: LogMsg: btm_ble_stop_scan 
2023-04-06 22:36:54.169 22709-22951 I/bt_btm: LogMsg: btm_update_scanner_filter_policy
2023-04-06 22:36:54.169 22709-22951 I/bt_btm: LogMsg: btm_send_hci_set_scan_params scan_type=1 scan_int=4800 scan_win=96
2023-04-06 22:36:54.169 22709-22951 I/bt_btm: LogMsg: BTM_BleObserve : scan_type:1, 4800, 96, 0
2023-04-06 22:36:54.170 22709-22951 I/bt_btm: LogMsg: btm_send_hci_set_scan_params scan_type=1 scan_int=4800 scan_win=96
2023-04-06 22:36:57.156 22709-22709 I/bt_btm: LogMsg: BTM: BTM_VendorSpecificCommand: Opcode: 0xFE00, ParamLen: 3.
2023-04-06 22:36:57.880 22709-22951 I/bt_btm_pm: btm_pm_proc_mode_change: Power mode switched from immediate:sniff[2] to immediate:active[0]
2023-04-06 22:36:57.880 22709-22951 D/bt_btm: LogMsg: btm mode change to active; check l2c_link for outgoing packets
2023-04-06 22:36:57.880 22709-22951 I/bt_rfcomm: LogMsg: PORT_DataInd with data length 49, p_mcb:0x7021f7a8e8,p_port:0x7021f78488,dlci:32
2023-04-06 22:36:57.892 6756-6756 I/DEVMGR_SwitchLocalStorageUtil: 1300103300|R|I|getSwitchSettingFromDb switchKey = music_control_status
2023-04-06 22:36:57.893 6756-6756 I/DEVMGR_SwitchLocalStorageUtil: 1300103300|R|I|getSwitchSettingFromDb switchSetting = true
2023-04-06 22:36:57.897 6756-6756 I/R_MusicControlManager: 1300103300|R|I|sendMusicInfo musicInfo:MusicInfo{mSingerName=null, mSongName=null, mPlayState=1, mMaxVolume=0, mCurrentVolume=0}
2023-04-06 22:36:57.899 22709-22951 D/bt_bta_dm: bta_dm_rm_cback: BTA Role management callback count:2 status:BTA_SYS_CONN_BUSY peer:c0:83:xx:xx:xx:0b
2023-04-06 22:36:57.900 22709-22951 I/bt_btm_pm: BTM_SetPowerMode: Device is already in requested mode 0, interval: 0, max: 0, min: 0
2023-04-06 22:36:57.900 22709-22951 I/bt_rfcomm: LogMsg: PORT_WriteDataCO() handle:3
2023-04-06 22:36:57.900 22709-22951 I/bt_rfcomm: LogMsg: PORT_WriteData 53 bytes
2023-04-06 22:36:57.900 22709-22951 I/bt_rfcomm: LogMsg: PORT_Write : Data is being sent
2023-04-06 22:36:57.900 22709-22951 D/bt_bta_dm: bta_dm_rm_cback: BTA Role management callback count:2 status:BTA_SYS_CONN_IDLE peer:c0:83:xx:xx:xx:0b
2023-04-06 22:36:57.901 22709-22951 I/bt_rfcomm: LogMsg: p_len=53 bytes
2023-04-06 22:36:57.901 22709-22951 D/bt_bta_dm: bta_dm_rm_cback: BTA Role management callback count:2 status:BTA_SYS_CONN_BUSY peer:c0:83:xx:xx:xx:0b
2023-04-06 22:36:57.902 22709-22951 I/bt_btm_pm: BTM_SetPowerMode: Device is already in requested mode 0, interval: 0, max: 0, min: 0
2023-04-06 22:36:57.902 22709-22951 I/bt_rfcomm: LogMsg: PORT_WriteDataCO() handle:3
2023-04-06 22:36:57.902 22709-22951 I/bt_rfcomm: LogMsg: PORT_WriteData 62 bytes
2023-04-06 22:36:57.902 22709-22951 I/bt_rfcomm: LogMsg: PORT_Write : Data is being sent
2023-04-06 22:36:57.902 22709-22951 D/bt_bta_dm: bta_dm_rm_cback: BTA Role management callback count:2 status:BTA_SYS_CONN_IDLE peer:c0:83:xx:xx:xx:0b
2023-04-06 22:36:57.903 22709-22951 I/bt_rfcomm: LogMsg: p_len=62 bytes
2023-04-06 22:36:57.928 22709-22951 I/bt_rfcomm: LogMsg: PORT_DataInd with data length 14, p_mcb:0x7021f7a8e8,p_port:0x7021f78488,dlci:32
2023-04-06 22:36:57.929 22709-22951 I/bt_rfcomm: LogMsg: rfc_inc_credit:32
2023-04-06 22:37:00.884 22709-22951 I/bt_btm_pm: btm_pm_proc_mode_change: Power mode switched from immediate:active[0] to immediate:sniff[2]
2023-04-06 22:37:00.884 22709-22951 D/bt_btm: LogMsg: btm mode change to active; check l2c_link for outgoing packets
2023-04-06 22:37:01.249 6756-6794 D/LogUtil_LogConfig: getLogFile(): logFilePath = /data/user/0/com.huawei.health/files/com.huawei.health/com.huawei.health_PhoneService/
2023-04-06 22:37:01.250 6756-6794 D/LogUtil_LogConfig: acquireMaxLogFileLengthContainsOffset describe: com.huawei.health:PhoneService result:10485760
2023-04-06 22:37:09.031 6756-6756 I/Notfiy_PhoneListManager: 1300103300|R|I|onCallStateChanged state: 1 incomingNumber: 702
2023-04-06 22:37:09.040 6756-6756 I/Notfiy_PhoneListManager: 1300103300|R|I|incoming onReceive state: RINGING incomingNumber: 702
2023-04-06 22:37:09.052 6756-6756 I/Notfiy_PhoneListManager: 1300103300|R|I|incoming onReceive state: RINGING incomingNumber: null
2023-04-06 22:37:09.058 6756-26408 I/Notfiy_PhoneListManager: 1300103300|R|I|doPhoneRing mIsPhoneForbidden is true, so return
2023-04-06 22:37:09.060 6756-6756 I/Notfiy_PhoneListManager: 1300103300|R|I|incoming onReceive state: RINGING incomingNumber: 702
2023-04-06 22:37:09.063 6756-26410 I/Notfiy_PhoneListManager: 1300103300|R|I|doPhoneRing mIsPhoneForbidden is true, so return
2023-04-06 22:37:09.071 6756-26414 I/Notfiy_PhoneListManager: 1300103300|R|I|doPhoneRing mIsPhoneForbidden is true, so return
2023-04-06 22:37:09.075 22709-22951 D/bt_bta_dm: bta_dm_rm_cback: BTA Role management callback count:2 status:BTA_SYS_CONN_BUSY peer:c0:83:xx:xx:xx:0b
2023-04-06 22:37:09.075 22709-22951 I/bt_btm_pm: BTM_SetPowerMode: Setting power mode for peer:c0:83:xx:xx:xx:0b current_mode:immediate:sniff[2] new_mode:forced:active[0]
2023-04-06 22:37:09.075 22709-22951 D/bt_btm: LogMsg: forced:active: Found controller in mode:btm_pm_snd_md_req
2023-04-06 22:37:09.075 22709-22951 I/bt_btm_pm: btm_pm_snd_md_req: Switching from immediate:sniff[0x02] to immediate:active[0x00]
2023-04-06 22:37:09.075 22709-22951 I/bt_rfcomm: LogMsg: PORT_WriteDataCO() handle:19
2023-04-06 22:37:09.076 22709-22951 I/bt_rfcomm: LogMsg: PORT_WriteData 44 bytes
2023-04-06 22:37:09.076 22709-22951 I/bt_rfcomm: LogMsg: PORT_Write : Data is being sent
2023-04-06 22:37:09.076 22709-22951 W/bt_btm_pm: BTM_LinkIsPending: pm_pend_link:10
2023-04-06 22:37:09.076 22709-22951 D/hw_bt_btif: LogMsg: HiechoGetAudioCapsMatchByType not found addr: addr=c0:83:**:**:**:0b capType=-1
2023-04-06 22:37:09.076 22709-22951 D/bt_bta_dm: bta_dm_rm_cback: BTA Role management callback count:2 status:BTA_SYS_CONN_IDLE peer:c0:83:xx:xx:xx:0b
2023-04-06 22:37:09.076 22709-22951 I/bt_rfcomm: LogMsg: p_len=44 bytes
2023-04-06 22:37:09.084 22709-22951 D/bt_btm: LogMsg: btm_pm_proc_cmd_status: Notifying callback that link power mode is complete peer:c0:83:xx:xx:xx:0b
2023-04-06 22:37:09.084 22709-22951 I/bt_btm_pm: btm_pm_proc_cmd_status: Clearing pending power mode link state:immediate:pending
2023-04-06 22:37:09.205 22709-22709 I/bt_btm: LogMsg: BTM: BTM_VendorSpecificCommand: Opcode: 0xFE00, ParamLen: 3.
2023-04-06 22:37:09.209 22709-22709 I/bt_btm: LogMsg: BTM: BTM_VendorSpecificCommand: Opcode: 0xFE00, ParamLen: 3.
2023-04-06 22:37:09.217 22709-22709 I/bt_btm: LogMsg: BTM: BTM_VendorSpecificCommand: Opcode: 0xFE00, ParamLen: 3.
2023-04-06 22:37:09.217 22709-22709 I/hw_bt_btif: LogMsg: HwSetHDCallState: HD call state=0
2023-04-06 22:37:09.222 22709-22709 I/hw_bt_btif: LogMsg: HwSetHDCallState: HD call state=0
2023-04-06 22:37:09.229 22709-23584 I/bt_btif: LogMsg: BTHF: SetActiveDevice
2023-04-06 22:37:09.244 22709-22709 I/bt_btm: LogMsg: BTM: BTM_VendorSpecificCommand: Opcode: 0xFE00, ParamLen: 3.
2023-04-06 22:37:09.379 22709-22951 I/bt_btm_pm: btm_pm_proc_mode_change: Power mode switched from immediate:pending[5] to immediate:active[0]
2023-04-06 22:37:09.379 22709-22951 D/bt_btm: LogMsg: btm mode change to active; check l2c_link for outgoing packets
2023-04-06 22:37:09.403 22709-22951 I/bt_rfcomm: LogMsg: PORT_DataInd with data length 60, p_mcb:0x7021f7a8e8,p_port:0x7021f79208,dlci:17
2023-04-06 22:37:09.403 22709-22951 I/bt_rfcomm: LogMsg: rfc_inc_credit:10
2023-04-06 22:37:09.405 22709-22951 D/bt_bta_dm: bta_dm_rm_cback: BTA Role management callback count:2 status:BTA_SYS_CONN_BUSY peer:c0:83:xx:xx:xx:0b
2023-04-06 22:37:09.406 22709-22951 I/bt_btm_pm: BTM_SetPowerMode: Device is already in requested mode 0, interval: 0, max: 0, min: 0
2023-04-06 22:37:09.406 22709-22951 I/bt_rfcomm: LogMsg: PORT_WriteDataCO() handle:19
2023-04-06 22:37:09.406 22709-22951 I/bt_rfcomm: LogMsg: PORT_WriteData 76 bytes
2023-04-06 22:37:09.406 22709-22951 I/bt_rfcomm: LogMsg: PORT_Write : Data is being sent
2023-04-06 22:37:09.406 22709-22951 D/bt_bta_dm: bta_dm_rm_cback: BTA Role management callback count:2 status:BTA_SYS_CONN_IDLE peer:c0:83:xx:xx:xx:0b
2023-04-06 22:37:09.407 22709-22951 I/bt_rfcomm: LogMsg: p_len=76 bytes
2023-04-06 22:37:09.432 22709-22951 I/bt_stack: [INFO:btsnoop.cc(465)] allowlist_l2c_channel: Allowlisting l2cap channel. conn_handle=10 cid=0x005c:0x0206
2023-04-06 22:37:09.433 22709-22951 I/bt_btm_pm: BTM_SetPowerMode: Device is already in requested mode 0, interval: 0, max: 0, min: 0
2023-04-06 22:37:09.433 22709-22951 D/bt_btm_sec: btm_sec_l2cap_access_req: is_originator:0, psm=0x0001, security_flags=0x0080, security_mode=4
2023-04-06 22:37:09.433 22709-22951 D/bt_btm_sec: btm_sec_l2cap_access_req: No security required for SDP
2023-04-06 22:37:09.433 22709-22951 W/bt_l2cap: LogMsg: LCID: 0x005c  st: W4_L2CA_CON_RSP  evt: UPPER_LAYER_CONNECT_RSP
2023-04-06 22:37:09.435 22709-22951 I/bt_rfcomm: LogMsg: PORT_DataInd with data length 51, p_mcb:0x7021f7a8e8,p_port:0x7021f78488,dlci:32
2023-04-06 22:37:09.441 22709-22951 D/bt_bta_dm: bta_dm_rm_cback: BTA Role management callback count:2 status:BTA_SYS_CONN_BUSY peer:c0:83:xx:xx:xx:0b
2023-04-06 22:37:09.441 22709-22951 I/bt_btm_pm: BTM_SetPowerMode: Device is already in requested mode 0, interval: 0, max: 0, min: 0
2023-04-06 22:37:09.441 22709-22951 I/bt_rfcomm: LogMsg: PORT_WriteDataCO() handle:3
2023-04-06 22:37:09.441 22709-22951 I/bt_rfcomm: LogMsg: PORT_WriteData 55 bytes
2023-04-06 22:37:09.441 22709-22951 I/bt_rfcomm: LogMsg: PORT_Write : Data is being sent
2023-04-06 22:37:09.441 22709-22951 D/bt_bta_dm: bta_dm_rm_cback: BTA Role management callback count:2 status:BTA_SYS_CONN_IDLE peer:c0:83:xx:xx:xx:0b
2023-04-06 22:37:09.441 22709-22951 I/bt_rfcomm: LogMsg: p_len=55 bytes
2023-04-06 22:37:09.442 22709-22951 I/bt_l2cap: LogMsg: l2c_fcr_process_peer_cfg_req() CFG fcr_present:0 fcr.mode:0 CCB FCR mode:0 preferred: 0
2023-04-06 22:37:09.443 22709-22951 I/bt_sdp: LogMsg: SDP - Rcvd cfg ind, sent cfg cfm, CID: 0x5c
2023-04-06 22:37:09.443 22709-22951 I/bt_sdp: LogMsg: SDP - Rcvd cfg cfm, CID: 0x5c
2023-04-06 22:37:09.460 22709-22951 D/hw_bt_btif: LogMsg: HiechoGetAudioCapsMatchByType not found addr: addr=c0:83:**:**:**:0b capType=-1
2023-04-06 22:37:09.460 22709-22951 I/bt_btif: LogMsg: BtaAgUpdateVersion bd_addr: c0:83:**:**:**:0b
2023-04-06 22:37:09.460 22709-22951 W/bt_btif: LogMsg: No ag scb for peer addr
2023-04-06 22:37:09.472 22709-22951 I/bt_rfcomm: LogMsg: PORT_ParNegInd: bd_addr=c0:83:**:**:**:0b, dlci=7, mtu=127
2023-04-06 22:37:09.472 22709-22951 I/bt_stack: [INFO:port_utils.cc(356)] port_find_mcb_dlci_port: Cannot find allocated RFCOMM app port for DLCI 7 on c0:83:**:**:**:0b, p_mcb=0x7021f7a8e8
2023-04-06 22:37:09.472 22709-22951 I/bt_rfcomm: LogMsg: PORT_ParNegInd: port_handles[dlci:7]:0->5
2023-04-06 22:37:09.472 22709-22951 I/bt_rfcomm: LogMsg: rfc_send_pn: sends DLC Parameters Negotiation Frame, bd_addr c0:83:**:**:**:0b, dlci 7
2023-04-06 22:37:09.473 22709-22951 I/bt_btm_pm: BTM_SetPowerMode: Device is already in requested mode 0, interval: 0, max: 0, min: 0
2023-04-06 22:37:09.473 22709-22951 I/bt_sdp: LogMsg: SDP - Rcvd L2CAP disc, CID: 0x5c
2023-04-06 22:37:09.473 22709-22951 W/hw_bt_sdp: LogMsg: SDP - Rcvd L2CAP disc, process pend sdp ccb: 0x5c
2023-04-06 22:37:09.473 22709-22951 D/hw_bt_sdp: LogMsg: HwSdpuResubmitPendSdp cid 0x5c, reUse 0
2023-04-06 22:37:09.473 22709-22951 D/hw_bt_sdp: LogMsg: HwSdpuResubmitPendSdpWithNewCid pendCid 0x5c
2023-04-06 22:37:09.473 22709-22951 D/bt_sdp: LogMsg: releasing SDP rsp_list
2023-04-06 22:37:09.474 22709-22951 I/bt_stack: [INFO:btsnoop.cc(523)] clear_l2cap_allowlist: Clearing acceptlist from l2cap channel. conn_handle=10 cid=92:518
2023-04-06 22:37:09.478 22709-22951 I/bt_rfcomm: LogMsg: rfc sabme, addr:c0:83:**:**:**:0b, port:5, scn:3, sec:0x36, server:1
2023-04-06 22:37:09.478 22709-22951 I/bt_rfcomm: LogMsg: rfc_timer_stop
2023-04-06 22:37:09.478 22709-22951 I/bt_btm: LogMsg: btm_find_or_alloc_dev
2023-04-06 22:37:09.478 22709-22951 I/bt_btm: LogMsg: btm_sec_mx_access_request() no MITM protection needed security_required: 0x36
2023-04-06 22:37:09.478 22709-22951 D/bt_btm_sec: btm_sec_mx_access_request: Already have link key; checking if link key is sufficient
2023-04-06 22:37:09.478 22709-22951 D/bt_btm: LogMsg: btm_sec_check_upgrade()
2023-04-06 22:37:09.478 22709-22951 D/bt_btm: LogMsg: btm_sec_is_upgrade_possible() is_possible: 0 sec_flags: 0x9e
2023-04-06 22:37:09.478 22709-22951 D/bt_btm_sec: btm_sec_execute_procedure: security_required:0x3036 security_flags:0x9e security_state:BTM_SEC_STATE_IDLE[0]
2023-04-06 22:37:09.478 22709-22951 D/bt_btm_sec: btm_sec_execute_procedure: Authentication not required
2023-04-06 22:37:09.478 22709-22951 D/bt_btm_sec: btm_sec_execute_procedure: Encryption not required
2023-04-06 22:37:09.479 22709-22951 I/bt_btm: LogMsg: Security Manager: access granted
2023-04-06 22:37:09.479 22709-22951 I/bt_btm_sec: btm_sec_mx_access_request: Started security procedure peer:c0:83:xx:xx:xx:0b btm_status:BTM_SUCCESS
2023-04-06 22:37:09.479 22709-22951 I/bt_rfcomm: LogMsg: rfc_timer_stop
2023-04-06 22:37:09.479 22709-22951 I/bt_rfcomm: LogMsg: rfc_send_ua: sends UA frame, bd_addr c0:83:**:**:**:0b, dlci 7
2023-04-06 22:37:09.479 22709-22951 I/bt_stack: [INFO:btsnoop.cc(481)] allowlist_rfc_dlci: Allowlisting rfcomm channel. L2CAP CID=0x0041 DLCI=0x07
2023-04-06 22:37:09.479 22709-22951 I/bt_btif: LogMsg: bta_ag_sm_execute: handle=0x0002, bd_addr=00:00:**:**:**:00, state=BTA_AG_INIT_ST(0x00), event=BTA_AG_RFC_OPEN_EVT(0x0508)
2023-04-06 22:37:09.479 22709-22951 I/bt_btif: LogMsg: bta_ag_rfc_acp_open: serv_handle0 = 29 serv_handle1 = 5
2023-04-06 22:37:09.479 22709-22951 I/bt_btif: LogMsg: bta_ag_rfc_acp_open: conn_service = 1 conn_handle = 5
2023-04-06 22:37:09.479 22709-22951 I/bt_stack: [INFO:port_api.cc(325)] RFCOMM_RemoveServer: handle=29
2023-04-06 22:37:09.479 22709-22951 I/bt_rfcomm: LogMsg: port_release_port p_port: 0x7021f79a78 state: 0 keep_handle: 0 handle: 29
2023-04-06 22:37:09.479 22709-22951 I/bt_rfcomm: LogMsg: rfc_port_timer_stop
2023-04-06 22:37:09.479 22709-22951 I/bt_rfcomm: LogMsg: port_release_port Clean-up handle: 29
2023-04-06 22:37:09.479 22709-22951 I/bt_sdp: LogMsg: sdp_conn_originate: SDP - Originate started for peer c0:83:**:**:**:0b
2023-04-06 22:37:09.479 22709-22951 D/bt_btm_sec: btm_sec_is_a_bonded_dev: Device record bonded check peer:c0:83:xx:xx:xx:0b is_bonded:true
2023-04-06 22:37:09.479 22709-22951 I/bt_btm: LogMsg: BTM_SetSecurityLevel : sec: 0x0
2023-04-06 22:37:09.479 22709-22951 I/bt_btm_sec: BTM_SetSecurityLevel: [0]: id:0, is_orig:true psm:0x0001 proto_id:0 chan_id:0  : sec:0x80 service_name:[] (up to 21 chars saved)
2023-04-06 22:37:09.479 22709-22951 I/bt_btm_pm: BTM_SetPowerMode: Device is already in requested mode 0, interval: 0, max: 0, min: 0
2023-04-06 22:37:09.480 22709-22951 D/bt_btm_sec: btm_sec_l2cap_access_req: is_originator:1, psm=0x0001, security_flags=0x0080, security_mode=4
2023-04-06 22:37:09.480 22709-22951 D/bt_btm_sec: btm_sec_l2cap_access_req: No security required for SDP
2023-04-06 22:37:09.480 22709-22951 I/bt_l2cap: LogMsg: L2CAP - L2CA_conn_req(psm: 0x0001) returned CID: 0x005e
2023-04-06 22:37:09.480 22709-22951 D/bt_bta_dm: bta_dm_rm_cback: BTA Role management callback count:2 status:BTA_SYS_CONN_OPEN peer:c0:83:xx:xx:xx:0b
2023-04-06 22:37:09.480 22709-22951 W/bt_btif: LogMsg: bta_dm_pm_cback new conn_srvc count:4, id:5, app_id:1, peer_bdaddr:c0:83:**:**:**:0b
2023-04-06 22:37:09.480 22709-22951 D/hw_bt_btif: LogMsg: HiechoGetAudioCapsMatchByType not found addr: addr=c0:83:**:**:**:0b capType=-1
2023-04-06 22:37:09.480 22709-22951 W/bt_btif: LogMsg: bta_ag_rfc_open: ag_conn_timeout: 5000
2023-04-06 22:37:09.480 22709-22951 I/bt_stack: [INFO:bta_ag_sco.cc(1521)] bta_ag_sco_listen: c0:83:**:**:**:0b
2023-04-06 22:37:09.480 22709-22951 I/bt_btif: LogMsg: bta_ag_sco_event: index=0xffff, device=c0:83:**:**:**:0b, state=BTA_AG_SCO_SHUTDOWN_ST[0], event=BTA_AG_SCO_LISTEN_E[0]
2023-04-06 22:37:09.480 22709-22951 I/bt_btif: LogMsg: bta_ag_create_sco: BEFORE codec_updated=0, codec_fallback=0, sco_codec=1, peer_codec=1, msbc_settings=0, device=c0:83:**:**:**:0b
2023-04-06 22:37:09.480 22709-22951 W/bt_stack: [WARNING:bta_ag_sco.cc(474)] bta_ag_create_sco: device c0:83:**:**:**:0b is not active, active_device=02:00:**:**:**:00
2023-04-06 22:37:09.480 22709-22951 D/hw_bt_btif: LogMsg: HiechoGetAudioCapsMatchByType not found addr: addr=c0:83:**:**:**:0b capType=-1
2023-04-06 22:37:09.480 22709-22951 I/bt_btif: LogMsg: orig 0, inx 0x0000, btm_status 0x1, pkt types 0x03bf
2023-04-06 22:37:09.480 22709-22951 I/bt_btif: LogMsg: bta_ag_create_sco: AFTER codec_updated=0, codec_fallback=0, sco_codec=1, peer_codec=1, msbc_settings=0, device=c0:83:**:**:**:0b
2023-04-06 22:37:09.480 22709-22951 I/bt_btif: LogMsg: bta_ag_sm_execute: handle=0x0002, bd_addr=c0:83:**:**:**:0b, state_change[BTA_AG_INIT_ST(0x00)]->[BTA_AG_OPEN_ST(0x02)], event[BTA_AG_RFC_OPEN_EVT(0x0508)]
2023-04-06 22:37:09.481 22709-22750 D/hw_bt_btif: LogMsg: HwTwsDdmBtifHfUpstreamsEvt: Entering DDM version of btif_hf_upstreams_evt
2023-04-06 22:37:09.481 22709-22750 D/hw_bt_btif: LogMsg: HwTwsDdmBtifHfUpstreamsEvt: event=BTA_AG_OPEN_EVT
2023-04-06 22:37:09.481 22709-22750 I/bt_btif: LogMsg: btif_hf_upstreams_evt: event=BTA_AG_OPEN_EVT
2023-04-06 22:37:09.481 22709-22750 W/hw_bt_btif: LogMsg: HwBtifStorageAddRemoteUuidForIncomingCon
2023-04-06 22:37:09.481 22709-22750 W/hw_bt_btif: LogMsg: HwSendRemoteDeviceUuidToUpperLayer need add uuid 0x111e
2023-04-06 22:37:09.481 22709-22750 W/hw_bt_btif: LogMsg: HwSendRemoteDeviceUuidToUpperLayer judege uuid already saved : 1
2023-04-06 22:37:09.487 22709-22951 I/bt_rfcomm: LogMsg: PORT_ControlInd
2023-04-06 22:37:09.487 22709-22951 I/bt_rfcomm: LogMsg: rfc_port_timer_start - timeout:20 seconds
2023-04-06 22:37:09.487 22709-22951 I/bt_rfcomm: LogMsg: PORT_ControlInd DTR_DSR : 1, RTS_CTS : 1, RI : 0, DCD : 1
2023-04-06 22:37:09.488 22709-22951 I/bt_stack: [INFO:btsnoop.cc(465)] allowlist_l2c_channel: Allowlisting l2cap channel. conn_handle=10 cid=0x005e:0x0207
2023-04-06 22:37:09.489 22709-22951 I/bt_l2cap: LogMsg: l2c_fcr_process_peer_cfg_req() CFG fcr_present:0 fcr.mode:0 CCB FCR mode:0 preferred: 0
2023-04-06 22:37:09.494 22709-22951 I/bt_rfcomm: LogMsg: rfc_port_timer_stop
2023-04-06 22:37:09.494 22709-22951 I/bt_rfcomm: LogMsg: PORT_ControlCnf
2023-04-06 22:37:09.495 22709-22951 I/bt_rfcomm: LogMsg: PORT_DataInd with data length 12, p_mcb:0x7021f7a8e8,p_port:0x7021f78638,dlci:7
2023-04-06 22:37:09.495 22709-22951 I/bt_btif: LogMsg: bta_ag_sm_execute: handle=0x0002, bd_addr=c0:83:**:**:**:0b, state=BTA_AG_OPEN_ST(0x02), event=BTA_AG_RFC_DATA_EVT(0x050b)
2023-04-06 22:37:09.495 22709-22951 I/bt_rfcomm: LogMsg: PORT_ReadData() handle:5 max_len:512
2023-04-06 22:37:09.495 22709-22951 I/bt_rfcomm: LogMsg: PORT_ReadData queue:0 returned:12
2023-04-06 22:37:09.495 22709-22951 D/bt_bta_dm: bta_dm_rm_cback: BTA Role management callback count:2 status:BTA_SYS_CONN_BUSY peer:c0:83:xx:xx:xx:0b
2023-04-06 22:37:09.495 22709-22951 I/bt_btm_pm: BTM_SetPowerMode: Device is already in requested mode 0, interval: 0, max: 0, min: 0
2023-04-06 22:37:09.495 22709-22951 D/hw_bt_btif: LogMsg: HiechoGetAudioCapsMatchByType not found addr: addr=c0:83:**:**:**:0b capType=-1
2023-04-06 22:37:09.495 22709-22951 I/bt_rfcomm: LogMsg: PORT_WriteData() max_len:14
2023-04-06 22:37:09.495 22709-22951 I/bt_rfcomm: LogMsg: PORT_WriteData 14 bytes
2023-04-06 22:37:09.495 22709-22951 I/bt_rfcomm: LogMsg: PORT_Write : Data is being sent
2023-04-06 22:37:09.495 22709-22951 I/bt_rfcomm: LogMsg: PORT_WriteData() max_len:6
2023-04-06 22:37:09.495 22709-22951 I/bt_rfcomm: LogMsg: PORT_WriteData 6 bytes
2023-04-06 22:37:09.495 22709-22951 I/bt_rfcomm: LogMsg: PORT_Write : Data is being sent
2023-04-06 22:37:09.496 22709-22951 D/bt_bta_dm: bta_dm_rm_cback: BTA Role management callback count:2 status:BTA_SYS_CONN_IDLE peer:c0:83:xx:xx:xx:0b
2023-04-06 22:37:09.496 22709-22951 I/bt_sdp: LogMsg: SDP - Rcvd cfg ind, sent cfg cfm, CID: 0x5e
2023-04-06 22:37:09.496 22709-22951 I/bt_sdp: LogMsg: SDP - Rcvd cfg cfm, CID: 0x5e
2023-04-06 22:37:09.508 6756-6756 I/DEVMGR_BtCommonAdapterUtil: 1300103300|R|I|EMUI mHfpStateReceiver action: android.bluetooth.headset.profile.action.CONNECTION_STATE_CHANGED, mBtDeviceHfpStateCallback: false
2023-04-06 22:37:09.509 22709-22951 I/bt_rfcomm: LogMsg: PORT_DataInd with data length 11, p_mcb:0x7021f7a8e8,p_port:0x7021f78638,dlci:7
2023-04-06 22:37:09.509 22709-22951 I/bt_rfcomm: LogMsg: rfc_inc_credit:7
2023-04-06 22:37:09.509 22709-22951 I/bt_btif: LogMsg: bta_ag_sm_execute: handle=0x0002, bd_addr=c0:83:**:**:**:0b, state=BTA_AG_OPEN_ST(0x02), event=BTA_AG_RFC_DATA_EVT(0x050b)
2023-04-06 22:37:09.509 22709-22951 I/bt_rfcomm: LogMsg: PORT_ReadData() handle:5 max_len:512
2023-04-06 22:37:09.509 22709-22951 I/bt_rfcomm: LogMsg: PORT_ReadData queue:0 returned:11
2023-04-06 22:37:09.509 22709-22951 D/bt_bta_dm: bta_dm_rm_cback: BTA Role management callback count:2 status:BTA_SYS_CONN_BUSY peer:c0:83:xx:xx:xx:0b
2023-04-06 22:37:09.509 22709-22951 I/bt_btm_pm: BTM_SetPowerMode: Device is already in requested mode 0, interval: 0, max: 0, min: 0
2023-04-06 22:37:09.509 22709-22951 I/bt_rfcomm: LogMsg: PORT_WriteData() max_len:6
2023-04-06 22:37:09.509 22709-22951 I/bt_rfcomm: LogMsg: PORT_WriteData 6 bytes
2023-04-06 22:37:09.509 22709-22951 I/bt_rfcomm: LogMsg: PORT_Write : Data is being sent
2023-04-06 22:37:09.509 22709-22951 D/bt_bta_dm: bta_dm_rm_cback: BTA Role management callback count:2 status:BTA_SYS_CONN_IDLE peer:c0:83:xx:xx:xx:0b
2023-04-06 22:37:09.509 22709-22750 D/hw_bt_btif: LogMsg: HwTwsDdmBtifHfUpstreamsEvt: Entering DDM version of btif_hf_upstreams_evt
2023-04-06 22:37:09.510 22709-22951 W/bt_sdp: LogMsg: process_service_search_attr_rsp
2023-04-06 22:37:09.510 22709-22750 D/hw_bt_btif: LogMsg: HwTwsDdmBtifHfUpstreamsEvt: event=BTA_AG_AT_BAC_EVT
2023-04-06 22:37:09.510 22709-22750 I/bt_btif: LogMsg: btif_hf_upstreams_evt: event=BTA_AG_AT_BAC_EVT
2023-04-06 22:37:09.510 22709-22750 I/bt_btif: LogMsg: btif_hf_upstreams_evt: btif_hf override-Preferred Codec to MSBC
2023-04-06 22:37:09.510 22709-22951 I/bt_sdp: LogMsg: SDP - disconnect  CID: 0x5e state:3
2023-04-06 22:37:09.510 22709-22951 D/hw_bt_sdp: LogMsg: HwSdpuResubmitPendSdp cid 0x5e, reUse 1
2023-04-06 22:37:09.510 22709-22951 I/hw_bt_sdp: LogMsg: HwSdpuResubmitPendSdp no pending sdp
2023-04-06 22:37:09.510 22709-22951 I/bt_btm_pm: BTM_SetPowerMode: Device is already in requested mode 0, interval: 0, max: 0, min: 0
2023-04-06 22:37:09.510 22709-22951 I/bt_btif: LogMsg: bta_ag_sm_execute: handle=0x0002, bd_addr=c0:83:**:**:**:0b, state=BTA_AG_OPEN_ST(0x02), event=BTA_AG_API_SETCODEC_EVT(0x0507)
2023-04-06 22:37:09.510 22709-22750 D/hw_bt_btif: LogMsg: HwTwsDdmBtifHfUpstreamsEvt: Entering DDM version of btif_hf_upstreams_evt
2023-04-06 22:37:09.510 22709-22750 D/hw_bt_btif: LogMsg: HwTwsDdmBtifHfUpstreamsEvt: event=BTA_AG_WBS_EVT
2023-04-06 22:37:09.510 22709-22750 I/bt_btif: LogMsg: btif_hf_upstreams_evt: event=BTA_AG_WBS_EVT
2023-04-06 22:37:09.516 22709-22951 I/bt_rfcomm: LogMsg: PORT_DataInd with data length 10, p_mcb:0x7021f7a8e8,p_port:0x7021f78638,dlci:7
2023-04-06 22:37:09.516 22709-22951 I/bt_rfcomm: LogMsg: rfc_inc_credit:7
2023-04-06 22:37:09.516 22709-22951 I/bt_btif: LogMsg: bta_ag_sm_execute: handle=0x0002, bd_addr=c0:83:**:**:**:0b, state=BTA_AG_OPEN_ST(0x02), event=BTA_AG_RFC_DATA_EVT(0x050b)
2023-04-06 22:37:09.516 22709-22951 I/bt_rfcomm: LogMsg: PORT_ReadData() handle:5 max_len:512
2023-04-06 22:37:09.516 22709-22951 I/bt_rfcomm: LogMsg: PORT_ReadData queue:0 returned:10
2023-04-06 22:37:09.516 22709-22951 D/bt_bta_dm: bta_dm_rm_cback: BTA Role management callback count:2 status:BTA_SYS_CONN_BUSY peer:c0:83:xx:xx:xx:0b
2023-04-06 22:37:09.516 22709-22951 I/bt_btm_pm: BTM_SetPowerMode: Device is already in requested mode 0, interval: 0, max: 0, min: 0
2023-04-06 22:37:09.516 22709-22951 I/bt_rfcomm: LogMsg: PORT_WriteData() max_len:132
2023-04-06 22:37:09.516 22709-22951 I/bt_rfcomm: LogMsg: PORT_WriteData 127 bytes
2023-04-06 22:37:09.516 22709-22951 I/bt_rfcomm: LogMsg: PORT_Write : Data is being sent
2023-04-06 22:37:09.516 22709-22951 I/bt_rfcomm: LogMsg: PORT_WriteData 5 bytes
2023-04-06 22:37:09.516 22709-22951 I/bt_rfcomm: LogMsg: PORT_Write : Data is being sent
2023-04-06 22:37:09.516 22709-22951 I/bt_rfcomm: LogMsg: PORT_WriteData() max_len:6
2023-04-06 22:37:09.517 22709-22951 I/bt_rfcomm: LogMsg: PORT_WriteData 6 bytes
2023-04-06 22:37:09.517 22709-22951 I/bt_rfcomm: LogMsg: PORT_Write : Data is being sent
2023-04-06 22:37:09.517 22709-22951 D/bt_btm_sec: btm_sec_is_a_bonded_dev: Device record bonded check peer:c0:83:xx:xx:xx:0b is_bonded:true
2023-04-06 22:37:09.517 22709-22951 D/bt_btm_sec: btm_sec_is_a_bonded_dev: Device record bonded check peer:c0:83:xx:xx:xx:0b is_bonded:true
2023-04-06 22:37:09.517 22709-22951 D/bt_bta_dm: bta_dm_rm_cback: BTA Role management callback count:2 status:BTA_SYS_CONN_IDLE peer:c0:83:xx:xx:xx:0b
2023-04-06 22:37:09.517 22709-22951 I/bt_stack: [INFO:btsnoop.cc(523)] clear_l2cap_allowlist: Clearing acceptlist from l2cap channel. conn_handle=10 cid=94:519
2023-04-06 22:37:09.517 22709-22951 I/bt_sdp: LogMsg: SDP - Rcvd L2CAP disc cfm, CID: 0x5e
2023-04-06 22:37:09.517 22709-22951 W/bt_sdp: LogMsg: sdp_disconnect_cfm: p_cb and reason is 0x0
2023-04-06 22:37:09.517 22709-22951 D/hw_bt_sdp: LogMsg: HwSdpuResubmitPendSdp cid 0x5e, reUse 0
2023-04-06 22:37:09.517 22709-22951 D/hw_bt_sdp: LogMsg: HwSdpuResubmitPendSdpWithNewCid pendCid 0x5e
2023-04-06 22:37:09.517 22709-22951 D/bt_sdp: LogMsg: releasing SDP rsp_list
2023-04-06 22:37:09.517 22709-22951 I/bt_btif: LogMsg: bta_ag_sm_execute: handle=0x0002, bd_addr=c0:83:**:**:**:0b, state=BTA_AG_OPEN_ST(0x02), event=BTA_AG_DISC_ACP_RES_EVT(0x050e)
2023-04-06 22:37:09.517 22709-22951 D/bt_sdp: LogMsg: SDP_FindServiceInDb - p_sattr value = 0x111e serviceuuid = 0x111e
2023-04-06 22:37:09.517 22709-22951 D/bt_btm_sec: btm_sec_is_a_bonded_dev: Device record bonded check peer:c0:83:xx:xx:xx:0b is_bonded:true
2023-04-06 22:37:09.527 22709-22951 I/bt_rfcomm: LogMsg: PORT_DataInd with data length 9, p_mcb:0x7021f7a8e8,p_port:0x7021f78638,dlci:7
2023-04-06 22:37:09.527 22709-22951 I/bt_rfcomm: LogMsg: rfc_inc_credit:7
2023-04-06 22:37:09.527 22709-22951 I/bt_btif: LogMsg: bta_ag_sm_execute: handle=0x0002, bd_addr=c0:83:**:**:**:0b, state=BTA_AG_OPEN_ST(0x02), event=BTA_AG_RFC_DATA_EVT(0x050b)
2023-04-06 22:37:09.527 22709-22951 I/bt_rfcomm: LogMsg: PORT_ReadData() handle:5 max_len:512
2023-04-06 22:37:09.527 22709-22951 I/bt_rfcomm: LogMsg: PORT_ReadData queue:0 returned:9
2023-04-06 22:37:09.527 22709-22951 D/bt_bta_dm: bta_dm_rm_cback: BTA Role management callback count:2 status:BTA_SYS_CONN_BUSY peer:c0:83:xx:xx:xx:0b
2023-04-06 22:37:09.528 22709-22951 I/bt_btm_pm: BTM_SetPowerMode: Device is already in requested mode 0, interval: 0, max: 0, min: 0
2023-04-06 22:37:09.528 22709-22951 D/bt_bta_dm: bta_dm_rm_cback: BTA Role management callback count:2 status:BTA_SYS_CONN_IDLE peer:c0:83:xx:xx:xx:0b
2023-04-06 22:37:09.528 22709-22750 D/hw_bt_btif: LogMsg: HwTwsDdmBtifHfUpstreamsEvt: Entering DDM version of btif_hf_upstreams_evt
2023-04-06 22:37:09.528 22709-22750 D/hw_bt_btif: LogMsg: HwTwsDdmBtifHfUpstreamsEvt: event=BTA_AG_AT_CIND_EVT
2023-04-06 22:37:09.528 22709-22750 I/bt_btif: LogMsg: btif_hf_upstreams_evt: event=BTA_AG_AT_CIND_EVT
2023-04-06 22:37:09.528 22709-22750 D/bt_btm_sec: btm_sec_is_a_bonded_dev: Device record bonded check peer:c0:83:xx:xx:xx:0b is_bonded:true
2023-04-06 22:37:09.529 22709-23584 I/bt_btif: LogMsg: BTHF: CindResponse
2023-04-06 22:37:09.529 22709-23584 W/bt_btif: LogMsg: IsConnectedByIndex - not connected
2023-04-06 22:37:09.530 22709-22951 I/bt_btif: LogMsg: bta_ag_sm_execute: handle=0x0002, bd_addr=c0:83:**:**:**:0b, state=BTA_AG_OPEN_ST(0x02), event=BTA_AG_API_RESULT_EVT(0x0506), result=BTA_AG_CIND_RES(0x03)
2023-04-06 22:37:09.530 22709-22951 I/bt_rfcomm: LogMsg: PORT_WriteData() max_len:24
2023-04-06 22:37:09.530 22709-22951 I/bt_rfcomm: LogMsg: PORT_WriteData 24 bytes
2023-04-06 22:37:09.530 22709-22951 I/bt_rfcomm: LogMsg: PORT_Write : Data is being sent
2023-04-06 22:37:09.530 22709-22951 I/bt_rfcomm: LogMsg: PORT_WriteData() max_len:6
2023-04-06 22:37:09.530 22709-22951 I/bt_rfcomm: LogMsg: PORT_WriteData 6 bytes
2023-04-06 22:37:09.530 22709-22951 I/bt_rfcomm: LogMsg: PORT_Write : Data is being sent
2023-04-06 22:37:09.540 22709-22951 I/bt_rfcomm: LogMsg: PORT_DataInd with data length 16, p_mcb:0x7021f7a8e8,p_port:0x7021f78638,dlci:7
2023-04-06 22:37:09.540 22709-22951 I/bt_rfcomm: LogMsg: rfc_inc_credit:7
2023-04-06 22:37:09.540 22709-22951 I/bt_btif: LogMsg: bta_ag_sm_execute: handle=0x0002, bd_addr=c0:83:**:**:**:0b, state=BTA_AG_OPEN_ST(0x02), event=BTA_AG_RFC_DATA_EVT(0x050b)
2023-04-06 22:37:09.540 22709-22951 I/bt_rfcomm: LogMsg: PORT_ReadData() handle:5 max_len:512
2023-04-06 22:37:09.540 22709-22951 I/bt_rfcomm: LogMsg: PORT_ReadData queue:0 returned:16
2023-04-06 22:37:09.540 22709-22951 D/bt_bta_dm: bta_dm_rm_cback: BTA Role management callback count:2 status:BTA_SYS_CONN_BUSY peer:c0:83:xx:xx:xx:0b
2023-04-06 22:37:09.540 22709-22951 I/bt_btm_pm: BTM_SetPowerMode: Device is already in requested mode 0, interval: 0, max: 0, min: 0
2023-04-06 22:37:09.540 22709-22951 D/bt_btm_sec: btm_sec_is_a_bonded_dev: Device record bonded check peer:c0:83:xx:xx:xx:0b is_bonded:true
2023-04-06 22:37:09.541 22709-22951 I/bt_rfcomm: LogMsg: PORT_WriteData() max_len:6
2023-04-06 22:37:09.541 22709-22951 I/bt_rfcomm: LogMsg: PORT_WriteData 6 bytes
2023-04-06 22:37:09.541 22709-22951 I/bt_rfcomm: LogMsg: PORT_Write : Data is being sent
2023-04-06 22:37:09.541 22709-22951 D/bt_btm_sec: btm_sec_is_a_bonded_dev: Device record bonded check peer:c0:83:xx:xx:xx:0b is_bonded:true
2023-04-06 22:37:09.541 22709-22951 D/bt_bta_dm: bta_dm_rm_cback: BTA Role management callback count:2 status:BTA_SYS_CONN_IDLE peer:c0:83:xx:xx:xx:0b
2023-04-06 22:37:09.551 22709-22951 I/bt_rfcomm: LogMsg: PORT_DataInd with data length 10, p_mcb:0x7021f7a8e8,p_port:0x7021f78638,dlci:7
2023-04-06 22:37:09.551 22709-22951 I/bt_rfcomm: LogMsg: rfc_inc_credit:7
2023-04-06 22:37:09.551 22709-22951 I/bt_btif: LogMsg: bta_ag_sm_execute: handle=0x0002, bd_addr=c0:83:**:**:**:0b, state=BTA_AG_OPEN_ST(0x02), event=BTA_AG_RFC_DATA_EVT(0x050b)
2023-04-06 22:37:09.551 22709-22951 I/bt_rfcomm: LogMsg: PORT_ReadData() handle:5 max_len:512
2023-04-06 22:37:09.551 22709-22951 I/bt_rfcomm: LogMsg: PORT_ReadData queue:0 returned:10
2023-04-06 22:37:09.551 22709-22951 D/bt_bta_dm: bta_dm_rm_cback: BTA Role management callback count:2 status:BTA_SYS_CONN_BUSY peer:c0:83:xx:xx:xx:0b
2023-04-06 22:37:09.551 22709-22951 I/bt_btm_pm: BTM_SetPowerMode: Device is already in requested mode 0, interval: 0, max: 0, min: 0
2023-04-06 22:37:09.551 22709-22951 I/bt_rfcomm: LogMsg: PORT_WriteData() max_len:20
2023-04-06 22:37:09.551 22709-22951 I/bt_rfcomm: LogMsg: PORT_WriteData 20 bytes
2023-04-06 22:37:09.551 22709-22951 I/bt_rfcomm: LogMsg: PORT_Write : Data is being sent
2023-04-06 22:37:09.551 22709-22951 I/bt_rfcomm: LogMsg: PORT_WriteData() max_len:6
2023-04-06 22:37:09.551 22709-22951 I/bt_rfcomm: LogMsg: PORT_WriteData 6 bytes
2023-04-06 22:37:09.551 22709-22951 I/bt_rfcomm: LogMsg: PORT_Write : Data is being sent
2023-04-06 22:37:09.551 22709-22951 I/bt_stack: [INFO:bta_av_main.cc(957)] bta_av_sco_chg_cback: status=BTA_SYS_SCO_OPEN, num_links=1
2023-04-06 22:37:09.551 22709-22951 D/bt_bta_dm: bta_dm_rm_cback: BTA Role management callback count:2 status:BTA_SYS_CONN_IDLE peer:c0:83:xx:xx:xx:0b
2023-04-06 22:37:09.551 22709-22750 D/hw_bt_btif: LogMsg: HwTwsDdmBtifHfUpstreamsEvt: Entering DDM version of btif_hf_upstreams_evt
2023-04-06 22:37:09.551 22709-22750 D/hw_bt_btif: LogMsg: HwTwsDdmBtifHfUpstreamsEvt: event=BTA_AG_CONN_EVT
2023-04-06 22:37:09.551 22709-22750 I/bt_btif: LogMsg: btif_hf_upstreams_evt: event=BTA_AG_CONN_EVT
2023-04-06 22:37:09.551 22709-22750 D/bt_btif_hf: btif_hf_upstreams_evt: SLC connected event:BTA_AG_CONN_EVT idx:1
2023-04-06 22:37:09.551 22709-22750 D/bt_btm_sec: btm_sec_is_a_bonded_dev: Device record bonded check peer:c0:83:xx:xx:xx:0b is_bonded:true
2023-04-06 22:37:09.552 22709-22750 D/bt_btm_sec: btm_sec_is_a_bonded_dev: Device record bonded check peer:c0:83:xx:xx:xx:0b is_bonded:true
2023-04-06 22:37:09.552 22709-22750 E/hw_bt_btif: LogMsg: queue_int_remove: cannot read connect_queue
2023-04-06 22:37:09.562 22709-22951 I/bt_rfcomm: LogMsg: PORT_DataInd with data length 9, p_mcb:0x7021f7a8e8,p_port:0x7021f78638,dlci:7
2023-04-06 22:37:09.562 22709-22951 I/bt_rfcomm: LogMsg: rfc_inc_credit:7
2023-04-06 22:37:09.562 22709-22951 I/bt_btif: LogMsg: bta_ag_sm_execute: handle=0x0002, bd_addr=c0:83:**:**:**:0b, state=BTA_AG_OPEN_ST(0x02), event=BTA_AG_RFC_DATA_EVT(0x050b)
2023-04-06 22:37:09.562 22709-22951 I/bt_rfcomm: LogMsg: PORT_ReadData() handle:5 max_len:512
2023-04-06 22:37:09.562 22709-22951 I/bt_rfcomm: LogMsg: PORT_ReadData queue:0 returned:9
2023-04-06 22:37:09.562 22709-22951 D/bt_bta_dm: bta_dm_rm_cback: BTA Role management callback count:2 status:BTA_SYS_CONN_BUSY peer:c0:83:xx:xx:xx:0b
2023-04-06 22:37:09.562 22709-22951 I/bt_btm_pm: BTM_SetPowerMode: Device is already in requested mode 0, interval: 0, max: 0, min: 0
2023-04-06 22:37:09.562 22709-22951 I/bt_rfcomm: LogMsg: PORT_WriteData() max_len:6
2023-04-06 22:37:09.562 22709-22951 I/bt_rfcomm: LogMsg: PORT_WriteData 6 bytes
2023-04-06 22:37:09.562 22709-22951 I/bt_rfcomm: LogMsg: PORT_Write : Data is being sent
2023-04-06 22:37:09.563 22709-22951 D/bt_bta_dm: bta_dm_rm_cback: BTA Role management callback count:2 status:BTA_SYS_CONN_IDLE peer:c0:83:xx:xx:xx:0b
2023-04-06 22:37:09.564 22709-22750 D/hw_bt_btif: LogMsg: HwTwsDdmBtifHfUpstreamsEvt: Entering DDM version of btif_hf_upstreams_evt
2023-04-06 22:37:09.565 22709-22750 D/hw_bt_btif: LogMsg: HwTwsDdmBtifHfUpstreamsEvt: event=BTA_AG_MIC_EVT
2023-04-06 22:37:09.565 22709-22750 I/bt_btif: LogMsg: btif_hf_upstreams_evt: event=BTA_AG_MIC_EVT
2023-04-06 22:37:09.565 22709-22750 D/bt_btif_hf: btif_hf_upstreams_evt: BTA auto-responds, silently discard event:BTA_AG_MIC_EVT
2023-04-06 22:37:09.567 22709-23584 I/hw_bt_btif: LogMsg: HwSetHDCallState: HD call state=0
2023-04-06 22:37:09.568 22709-22951 I/bt_rfcomm: LogMsg: PORT_DataInd with data length 12, p_mcb:0x7021f7a8e8,p_port:0x7021f78638,dlci:7
2023-04-06 22:37:09.568 22709-22951 I/bt_rfcomm: LogMsg: rfc_inc_credit:7
