2023-04-06 22:37:09.568 22709-22951 I/bt_btif: LogMsg: bta_ag_sm_execute: handle=0x0002, bd_addr=c0:83:**:**:**:0b, state=BTA_AG_OPEN_ST(0x02), event=BTA_AG_RFC_DATA_EVT(0x050b)
2023-04-06 22:37:09.568 22709-22951 I/bt_rfcomm: LogMsg: PORT_ReadData() handle:5 max_len:512
2023-04-06 22:37:09.568 22709-22951 I/bt_rfcomm: LogMsg: PORT_ReadData queue:0 returned:12
2023-04-06 22:37:09.568 22709-22951 D/bt_bta_dm: bta_dm_rm_cback: BTA Role management callback count:2 status:BTA_SYS_CONN_BUSY peer:c0:83:xx:xx:xx:0b
2023-04-06 22:37:09.568 22709-22951 I/bt_btm_pm: BTM_SetPowerMode: Device is already in requested mode 0, interval: 0, max: 0, min: 0
2023-04-06 22:37:09.568 22709-22951 I/bt_rfcomm: LogMsg: PORT_WriteData() max_len:6
2023-04-06 22:37:09.568 22709-22951 I/bt_rfcomm: LogMsg: PORT_WriteData 6 bytes
2023-04-06 22:37:09.568 22709-22951 I/bt_rfcomm: LogMsg: PORT_Write : Data is being sent
2023-04-06 22:37:09.568 22709-22951 D/bt_bta_dm: bta_dm_rm_cback: BTA Role management callback count:2 status:BTA_SYS_CONN_IDLE peer:c0:83:xx:xx:xx:0b
2023-04-06 22:37:09.576 22709-22951 I/bt_rfcomm: LogMsg: PORT_DataInd with data length 9, p_mcb:0x7021f7a8e8,p_port:0x7021f78638,dlci:7
2023-04-06 22:37:09.576 22709-22951 I/bt_rfcomm: LogMsg: rfc_inc_credit:7
2023-04-06 22:37:09.576 22709-22951 I/bt_btif: LogMsg: bta_ag_sm_execute: handle=0x0002, bd_addr=c0:83:**:**:**:0b, state=BTA_AG_OPEN_ST(0x02), event=BTA_AG_RFC_DATA_EVT(0x050b)
2023-04-06 22:37:09.576 22709-22951 I/bt_rfcomm: LogMsg: PORT_ReadData() handle:5 max_len:512
2023-04-06 22:37:09.576 22709-22951 I/bt_rfcomm: LogMsg: PORT_ReadData queue:0 returned:9
2023-04-06 22:37:09.576 22709-22951 D/bt_bta_dm: bta_dm_rm_cback: BTA Role management callback count:2 status:BTA_SYS_CONN_BUSY peer:c0:83:xx:xx:xx:0b
2023-04-06 22:37:09.576 22709-22951 I/bt_btm_pm: BTM_SetPowerMode: Device is already in requested mode 0, interval: 0, max: 0, min: 0
2023-04-06 22:37:09.576 22709-22951 D/bt_bta_dm: bta_dm_rm_cback: BTA Role management callback count:2 status:BTA_SYS_CONN_IDLE peer:c0:83:xx:xx:xx:0b
2023-04-06 22:37:09.576 22709-22750 D/hw_bt_btif: LogMsg: HwTwsDdmBtifHfUpstreamsEvt: Entering DDM version of btif_hf_upstreams_evt
2023-04-06 22:37:09.576 22709-22750 D/hw_bt_btif: LogMsg: HwTwsDdmBtifHfUpstreamsEvt: event=BTA_AG_AT_COPS_EVT
2023-04-06 22:37:09.576 22709-22750 I/bt_btif: LogMsg: btif_hf_upstreams_evt: event=BTA_AG_AT_COPS_EVT
2023-04-06 22:37:09.634 22709-23584 I/bt_btif: LogMsg: BTHF: PhoneStateChange
2023-04-06 22:37:09.634 22709-23584 W/bt_btif: LogMsg: IsConnectedByIndex - not connected
2023-04-06 22:37:09.634 22709-23584 W/bt_btif: LogMsg: IsConnectedByIndex - not connected
2023-04-06 22:37:09.634 22709-23584 I/bt_btif_hf: PhoneStateChange: bd_addr:c0:83:xx:xx:xx:0b active_bda:02:00:xx:xx:xx:00 num_active:0 prev_num_active:0 num_held:0 prev_num_held:0 call_state:BTHF_CALL_STATE_INCOMING prev_call_state:BTHF_CALL_STATE_IDLE
2023-04-06 22:37:09.634 22709-22951 I/bt_btif: LogMsg: bta_ag_sm_execute: handle=0x0002, bd_addr=c0:83:**:**:**:0b, state=BTA_AG_OPEN_ST(0x02), event=BTA_AG_API_RESULT_EVT(0x0506), result=BTA_AG_IN_CALL_RES(0x0b)
2023-04-06 22:37:09.634 22709-22951 I/bt_stack: [INFO:bta_av_main.cc(957)] bta_av_sco_chg_cback: status=BTA_SYS_SCO_OPEN, num_links=1
2023-04-06 22:37:09.634 22709-22951 D/hw_bt_btif: LogMsg: HiechoGetAudioCapsMatchByType not found addr: addr=c0:83:**:**:**:0b capType=-1
2023-04-06 22:37:09.635 22709-22951 W/bt_btif: LogMsg: bta_ag_send_ind p_scb->call_ind = 0
2023-04-06 22:37:09.635 22709-22951 W/bt_btif: LogMsg: bta_ag_send_ind p_scb->callsetup_ind = 1
2023-04-06 22:37:09.635 22709-22951 I/bt_rfcomm: LogMsg: PORT_WriteData() max_len:8
2023-04-06 22:37:09.635 22709-22951 I/bt_rfcomm: LogMsg: PORT_WriteData 8 bytes
2023-04-06 22:37:09.635 22709-22951 I/bt_rfcomm: LogMsg: PORT_Write : Data is being sent
2023-04-06 22:37:09.635 22709-23584 I/bt_btif: LogMsg: BTHF: CopsResponse
2023-04-06 22:37:09.635 22709-23584 W/bt_btif: LogMsg: IsConnectedByIndex - not connected
2023-04-06 22:37:09.635 22709-22951 I/bt_btif: LogMsg: bta_ag_sm_execute: handle=0x0002, bd_addr=c0:83:**:**:**:0b, state=BTA_AG_OPEN_ST(0x02), event=BTA_AG_API_RESULT_EVT(0x0506), result=BTA_AG_COPS_RES(0x0a)
2023-04-06 22:37:09.635 22709-22951 I/bt_rfcomm: LogMsg: PORT_WriteData() max_len:29
2023-04-06 22:37:09.635 22709-22951 I/bt_rfcomm: LogMsg: PORT_WriteData 29 bytes
2023-04-06 22:37:09.635 22709-22951 I/bt_rfcomm: LogMsg: PORT_Write : Data is being sent
2023-04-06 22:37:09.635 22709-22951 I/bt_rfcomm: LogMsg: PORT_WriteData() max_len:6
2023-04-06 22:37:09.635 22709-22951 I/bt_rfcomm: LogMsg: PORT_WriteData 6 bytes
2023-04-06 22:37:09.635 22709-22951 I/bt_rfcomm: LogMsg: PORT_Write : Data is being sent
2023-04-06 22:37:09.636 22709-23584 I/bt_btif: LogMsg: BTHF: DeviceStatusNotification
2023-04-06 22:37:09.636 22709-23584 W/bt_btif: LogMsg: IsConnectedByIndex - not connected
2023-04-06 22:37:09.636 22709-22951 I/bt_btif: LogMsg: bta_ag_sm_execute: handle=0x0002, bd_addr=c0:83:**:**:**:0b, state=BTA_AG_OPEN_ST(0x02), event=BTA_AG_API_RESULT_EVT(0x0506), result=BTA_AG_IND_RES(0x05)
2023-04-06 22:37:09.636 22709-22951 W/bt_btif: LogMsg: bta_ag_send_ind p_scb->service_ind = 1
2023-04-06 22:37:09.636 22709-22951 I/bt_btif: LogMsg: bta_ag_sm_execute: handle=0x0002, bd_addr=c0:83:**:**:**:0b, state=BTA_AG_OPEN_ST(0x02), event=BTA_AG_API_RESULT_EVT(0x0506), result=BTA_AG_IND_RES(0x05)
2023-04-06 22:37:09.636 22709-22951 W/bt_btif: LogMsg: bta_ag_send_ind p_scb->roam_ind = 0
2023-04-06 22:37:09.636 22709-22951 I/bt_btif: LogMsg: bta_ag_sm_execute: handle=0x0002, bd_addr=c0:83:**:**:**:0b, state=BTA_AG_OPEN_ST(0x02), event=BTA_AG_API_RESULT_EVT(0x0506), result=BTA_AG_IND_RES(0x05)
2023-04-06 22:37:09.636 22709-22951 W/bt_btif: LogMsg: bta_ag_send_ind p_scb->signal_ind = 5
2023-04-06 22:37:09.636 22709-22951 I/bt_btif: LogMsg: bta_ag_sm_execute: handle=0x0002, bd_addr=c0:83:**:**:**:0b, state=BTA_AG_OPEN_ST(0x02), event=BTA_AG_API_RESULT_EVT(0x0506), result=BTA_AG_IND_RES(0x05)
2023-04-06 22:37:09.636 22709-22951 W/bt_btif: LogMsg: bta_ag_send_ind p_scb->battchg_ind = 5
2023-04-06 22:37:09.658 6756-6756 I/DEVMGR_BtCommonAdapterUtil: 1300103300|R|I|EMUI mHfpStateReceiver action: android.bluetooth.headset.profile.action.CONNECTION_STATE_CHANGED, mBtDeviceHfpStateCallback: false
2023-04-06 22:37:09.658 6756-6756 I/DEVMGR_BtCommonAdapterUtil: 1300103300|R|I|HFP device connected.
2023-04-06 22:37:09.666 22709-22951 I/bt_rfcomm: LogMsg: PORT_DataInd with data length 10, p_mcb:0x7021f7a8e8,p_port:0x7021f78638,dlci:7
2023-04-06 22:37:09.666 22709-22951 I/bt_rfcomm: LogMsg: rfc_inc_credit:7
2023-04-06 22:37:09.666 22709-22951 I/bt_btif: LogMsg: bta_ag_sm_execute: handle=0x0002, bd_addr=c0:83:**:**:**:0b, state=BTA_AG_OPEN_ST(0x02), event=BTA_AG_RFC_DATA_EVT(0x050b)
2023-04-06 22:37:09.666 22709-22951 I/bt_rfcomm: LogMsg: PORT_ReadData() handle:5 max_len:512
2023-04-06 22:37:09.666 22709-22951 I/bt_rfcomm: LogMsg: PORT_ReadData queue:0 returned:10
2023-04-06 22:37:09.666 22709-22951 D/bt_bta_dm: bta_dm_rm_cback: BTA Role management callback count:2 status:BTA_SYS_CONN_BUSY peer:c0:83:xx:xx:xx:0b
2023-04-06 22:37:09.666 22709-22951 I/bt_btm_pm: BTM_SetPowerMode: Device is already in requested mode 0, interval: 0, max: 0, min: 0
2023-04-06 22:37:09.666 22709-22951 I/bt_rfcomm: LogMsg: PORT_WriteData() max_len:6
2023-04-06 22:37:09.666 22709-22951 I/bt_rfcomm: LogMsg: PORT_WriteData 6 bytes
2023-04-06 22:37:09.666 22709-22951 I/bt_rfcomm: LogMsg: PORT_Write : Data is being sent
2023-04-06 22:37:09.666 22709-22951 D/bt_bta_dm: bta_dm_rm_cback: BTA Role management callback count:2 status:BTA_SYS_CONN_IDLE peer:c0:83:xx:xx:xx:0b
2023-04-06 22:37:09.672 22709-22758 I/bt_btif: LogMsg: BTHF: SetActiveDevice
2023-04-06 22:37:09.674 6756-6756 I/DEVMGR_ReconnectManager: 1300103300|R|I|Enter onBtDeviceHfpConnected. deviceUuid:C0:**********2:0B,btType:1
2023-04-06 22:37:09.675 6756-6756 I/DEVMGR_ReconnectManager: 1300103300|R|I|onBTDeviceHFPConnected. type: 1
2023-04-06 22:37:09.675 6756-6756 I/DEVMGR_ReconnectManager: 1300103300|R|I|ready to connect device is C0:**********2:0BreconnectType: 2
2023-04-06 22:37:09.675 6756-6756 I/DEVMGR_ReconnectManager: 1300103300|R|I|start reconnect device. deviceUuid:C0:**********2:0B
2023-04-06 22:37:09.675 22709-22951 I/bt_rfcomm: LogMsg: PORT_DataInd with data length 9, p_mcb:0x7021f7a8e8,p_port:0x7021f78638,dlci:7
2023-04-06 22:37:09.675 22709-22951 I/bt_rfcomm: LogMsg: rfc_inc_credit:7
2023-04-06 22:37:09.675 22709-22951 I/bt_btif: LogMsg: bta_ag_sm_execute: handle=0x0002, bd_addr=c0:83:**:**:**:0b, state=BTA_AG_OPEN_ST(0x02), event=BTA_AG_RFC_DATA_EVT(0x050b)
2023-04-06 22:37:09.675 22709-22951 I/bt_rfcomm: LogMsg: PORT_ReadData() handle:5 max_len:512
2023-04-06 22:37:09.675 22709-22951 I/bt_rfcomm: LogMsg: PORT_ReadData queue:0 returned:9
2023-04-06 22:37:09.675 22709-22951 D/bt_bta_dm: bta_dm_rm_cback: BTA Role management callback count:2 status:BTA_SYS_CONN_BUSY peer:c0:83:xx:xx:xx:0b
2023-04-06 22:37:09.675 22709-22951 I/bt_btm_pm: BTM_SetPowerMode: Device is already in requested mode 0, interval: 0, max: 0, min: 0
2023-04-06 22:37:09.675 22709-22951 I/bt_rfcomm: LogMsg: PORT_WriteData() max_len:17
2023-04-06 22:37:09.675 22709-22951 I/bt_rfcomm: LogMsg: PORT_WriteData 17 bytes
2023-04-06 22:37:09.675 22709-22951 I/bt_rfcomm: LogMsg: PORT_Write : Data is being sent
2023-04-06 22:37:09.675 22709-22951 D/bt_bta_dm: bta_dm_rm_cback: BTA Role management callback count:2 status:BTA_SYS_CONN_IDLE peer:c0:83:xx:xx:xx:0b
2023-04-06 22:37:09.686 22709-22951 I/bt_rfcomm: LogMsg: PORT_DataInd with data length 10, p_mcb:0x7021f7a8e8,p_port:0x7021f78638,dlci:7
2023-04-06 22:37:09.686 22709-22951 I/bt_rfcomm: LogMsg: rfc_inc_credit:7
2023-04-06 22:37:09.686 22709-22951 I/bt_btif: LogMsg: bta_ag_sm_execute: handle=0x0002, bd_addr=c0:83:**:**:**:0b, state=BTA_AG_OPEN_ST(0x02), event=BTA_AG_RFC_DATA_EVT(0x050b)
2023-04-06 22:37:09.686 22709-22951 I/bt_rfcomm: LogMsg: PORT_ReadData() handle:5 max_len:512
2023-04-06 22:37:09.686 22709-22951 I/bt_rfcomm: LogMsg: PORT_ReadData queue:0 returned:10
2023-04-06 22:37:09.686 22709-22951 D/bt_bta_dm: bta_dm_rm_cback: BTA Role management callback count:2 status:BTA_SYS_CONN_BUSY peer:c0:83:xx:xx:xx:0b
2023-04-06 22:37:09.686 22709-22951 I/bt_btm_pm: BTM_SetPowerMode: Device is already in requested mode 0, interval: 0, max: 0, min: 0
2023-04-06 22:37:09.686 22709-22951 I/bt_rfcomm: LogMsg: PORT_WriteData() max_len:6
2023-04-06 22:37:09.686 22709-22951 I/bt_rfcomm: LogMsg: PORT_WriteData 6 bytes
2023-04-06 22:37:09.686 22709-22951 I/bt_rfcomm: LogMsg: PORT_Write : Data is being sent
2023-04-06 22:37:09.686 22709-22951 D/bt_bta_dm: bta_dm_rm_cback: BTA Role management callback count:2 status:BTA_SYS_CONN_IDLE peer:c0:83:xx:xx:xx:0b
2023-04-06 22:37:09.693 22709-22951 I/bt_rfcomm: LogMsg: PORT_DataInd with data length 10, p_mcb:0x7021f7a8e8,p_port:0x7021f78638,dlci:7
2023-04-06 22:37:09.693 22709-22951 I/bt_rfcomm: LogMsg: rfc_inc_credit:7
2023-04-06 22:37:09.693 22709-22951 I/bt_btif: LogMsg: bta_ag_sm_execute: handle=0x0002, bd_addr=c0:83:**:**:**:0b, state=BTA_AG_OPEN_ST(0x02), event=BTA_AG_RFC_DATA_EVT(0x050b)
2023-04-06 22:37:09.693 22709-22951 I/bt_rfcomm: LogMsg: PORT_ReadData() handle:5 max_len:512
2023-04-06 22:37:09.693 22709-22951 I/bt_rfcomm: LogMsg: PORT_ReadData queue:0 returned:10
2023-04-06 22:37:09.693 22709-22951 D/bt_bta_dm: bta_dm_rm_cback: BTA Role management callback count:2 status:BTA_SYS_CONN_BUSY peer:c0:83:xx:xx:xx:0b
2023-04-06 22:37:09.693 22709-22951 I/bt_btm_pm: BTM_SetPowerMode: Device is already in requested mode 0, interval: 0, max: 0, min: 0
2023-04-06 22:37:09.693 22709-22951 I/bt_rfcomm: LogMsg: PORT_WriteData() max_len:6
2023-04-06 22:37:09.693 22709-22951 I/bt_rfcomm: LogMsg: PORT_WriteData 6 bytes
2023-04-06 22:37:09.693 22709-22951 I/bt_rfcomm: LogMsg: PORT_Write : Data is being sent
2023-04-06 22:37:09.693 22709-22951 D/bt_bta_dm: bta_dm_rm_cback: BTA Role management callback count:2 status:BTA_SYS_CONN_IDLE peer:c0:83:xx:xx:xx:0b
2023-04-06 22:37:09.701 22709-22951 I/bt_rfcomm: LogMsg: PORT_DataInd with data length 8, p_mcb:0x7021f7a8e8,p_port:0x7021f78638,dlci:7
2023-04-06 22:37:09.701 22709-22951 I/bt_rfcomm: LogMsg: rfc_inc_credit:7
2023-04-06 22:37:09.701 22709-22951 I/bt_btif: LogMsg: bta_ag_sm_execute: handle=0x0002, bd_addr=c0:83:**:**:**:0b, state=BTA_AG_OPEN_ST(0x02), event=BTA_AG_RFC_DATA_EVT(0x050b)
2023-04-06 22:37:09.701 22709-22951 I/bt_rfcomm: LogMsg: PORT_ReadData() handle:5 max_len:512
2023-04-06 22:37:09.701 22709-22951 I/bt_rfcomm: LogMsg: PORT_ReadData queue:0 returned:8
2023-04-06 22:37:09.701 22709-22951 D/bt_bta_dm: bta_dm_rm_cback: BTA Role management callback count:2 status:BTA_SYS_CONN_BUSY peer:c0:83:xx:xx:xx:0b
2023-04-06 22:37:09.701 22709-22951 I/bt_btm_pm: BTM_SetPowerMode: Device is already in requested mode 0, interval: 0, max: 0, min: 0
2023-04-06 22:37:09.701 22709-22951 D/bt_bta_dm: bta_dm_rm_cback: BTA Role management callback count:2 status:BTA_SYS_CONN_IDLE peer:c0:83:xx:xx:xx:0b
2023-04-06 22:37:09.703 22709-22750 D/hw_bt_btif: LogMsg: HwTwsDdmBtifHfUpstreamsEvt: Entering DDM version of btif_hf_upstreams_evt
2023-04-06 22:37:09.703 22709-22750 D/hw_bt_btif: LogMsg: HwTwsDdmBtifHfUpstreamsEvt: event=BTA_AG_AT_UNAT_EVT
2023-04-06 22:37:09.703 22709-22750 I/bt_btif: LogMsg: btif_hf_upstreams_evt: event=BTA_AG_AT_UNAT_EVT
2023-04-06 22:37:09.704 22709-23584 I/bt_btif: LogMsg: BTHF: FormattedAtResponse
2023-04-06 22:37:09.704 22709-23584 W/bt_btif: LogMsg: IsConnectedByIndex - not connected
2023-04-06 22:37:09.704 22709-22951 I/bt_btif: LogMsg: bta_ag_sm_execute: handle=0x0002, bd_addr=c0:83:**:**:**:0b, state=BTA_AG_OPEN_ST(0x02), event=BTA_AG_API_RESULT_EVT(0x0506), result=BTA_AG_UNAT_RES(0x14)
2023-04-06 22:37:09.704 22709-22951 I/bt_rfcomm: LogMsg: PORT_WriteData() max_len:17
2023-04-06 22:37:09.704 22709-22951 I/bt_rfcomm: LogMsg: PORT_WriteData 17 bytes
2023-04-06 22:37:09.704 22709-22951 I/bt_rfcomm: LogMsg: PORT_Write : Data is being sent
2023-04-06 22:37:09.704 22709-23584 I/bt_btif: LogMsg: BTHF: AtResponse
2023-04-06 22:37:09.704 22709-23584 W/bt_btif: LogMsg: IsConnectedByIndex - not connected
2023-04-06 22:37:09.704 22709-22951 I/bt_btif: LogMsg: bta_ag_sm_execute: handle=0x0002, bd_addr=c0:83:**:**:**:0b, state=BTA_AG_OPEN_ST(0x02), event=BTA_AG_API_RESULT_EVT(0x0506), result=BTA_AG_UNAT_RES(0x14)
2023-04-06 22:37:09.704 22709-22951 I/bt_rfcomm: LogMsg: PORT_WriteData() max_len:6
2023-04-06 22:37:09.704 22709-22951 I/bt_rfcomm: LogMsg: PORT_WriteData 6 bytes
2023-04-06 22:37:09.704 22709-22951 I/bt_rfcomm: LogMsg: PORT_Write : Data is being sent
2023-04-06 22:37:09.709 22709-22709 D/hw_bt_btif: LogMsg: HiechoGetAudioCapsMatchByType not found addr: addr=c0:83:**:**:**:0b capType=-1
2023-04-06 22:37:09.714 22709-22951 I/bt_rfcomm: LogMsg: PORT_DataInd with data length 8, p_mcb:0x7021f7a8e8,p_port:0x7021f78638,dlci:7
2023-04-06 22:37:09.714 22709-22951 I/bt_rfcomm: LogMsg: rfc_inc_credit:7
2023-04-06 22:37:09.714 22709-22951 I/bt_btif: LogMsg: bta_ag_sm_execute: handle=0x0002, bd_addr=c0:83:**:**:**:0b, state=BTA_AG_OPEN_ST(0x02), event=BTA_AG_RFC_DATA_EVT(0x050b)
2023-04-06 22:37:09.714 22709-22951 I/bt_rfcomm: LogMsg: PORT_ReadData() handle:5 max_len:512
2023-04-06 22:37:09.714 22709-22951 I/bt_rfcomm: LogMsg: PORT_ReadData queue:0 returned:8
2023-04-06 22:37:09.714 22709-22951 D/bt_bta_dm: bta_dm_rm_cback: BTA Role management callback count:2 status:BTA_SYS_CONN_BUSY peer:c0:83:xx:xx:xx:0b
2023-04-06 22:37:09.714 22709-22951 I/bt_btm_pm: BTM_SetPowerMode: Device is already in requested mode 0, interval: 0, max: 0, min: 0
2023-04-06 22:37:09.714 22709-22951 D/bt_bta_dm: bta_dm_rm_cback: BTA Role management callback count:2 status:BTA_SYS_CONN_IDLE peer:c0:83:xx:xx:xx:0b
2023-04-06 22:37:09.714 22709-22750 D/hw_bt_btif: LogMsg: HwTwsDdmBtifHfUpstreamsEvt: Entering DDM version of btif_hf_upstreams_evt
2023-04-06 22:37:09.714 22709-22750 D/hw_bt_btif: LogMsg: HwTwsDdmBtifHfUpstreamsEvt: event=BTA_AG_AT_UNAT_EVT
2023-04-06 22:37:09.714 22709-22750 I/bt_btif: LogMsg: btif_hf_upstreams_evt: event=BTA_AG_AT_UNAT_EVT
2023-04-06 22:37:09.719 22709-23584 I/bt_btif: LogMsg: BTHF: FormattedAtResponse
2023-04-06 22:37:09.719 22709-23584 W/bt_btif: LogMsg: IsConnectedByIndex - not connected
2023-04-06 22:37:09.719 22709-23584 I/bt_btif: LogMsg: BTHF: AtResponse
2023-04-06 22:37:09.719 22709-22951 I/bt_btif: LogMsg: bta_ag_sm_execute: handle=0x0002, bd_addr=c0:83:**:**:**:0b, state=BTA_AG_OPEN_ST(0x02), event=BTA_AG_API_RESULT_EVT(0x0506), result=BTA_AG_UNAT_RES(0x14)
2023-04-06 22:37:09.719 22709-22951 I/bt_rfcomm: LogMsg: PORT_WriteData() max_len:19
2023-04-06 22:37:09.719 22709-23584 W/bt_btif: LogMsg: IsConnectedByIndex - not connected
2023-04-06 22:37:09.719 22709-22951 I/bt_rfcomm: LogMsg: PORT_WriteData 19 bytes
2023-04-06 22:37:09.719 22709-22951 I/bt_rfcomm: LogMsg: PORT_Write : Data is being sent
2023-04-06 22:37:09.719 22709-22951 I/bt_btif: LogMsg: bta_ag_sm_execute: handle=0x0002, bd_addr=c0:83:**:**:**:0b, state=BTA_AG_OPEN_ST(0x02), event=BTA_AG_API_RESULT_EVT(0x0506), result=BTA_AG_UNAT_RES(0x14)
2023-04-06 22:37:09.719 22709-22951 I/bt_rfcomm: LogMsg: PORT_WriteData() max_len:6
2023-04-06 22:37:09.719 22709-22951 I/bt_rfcomm: LogMsg: PORT_WriteData 6 bytes
2023-04-06 22:37:09.719 22709-22951 I/bt_rfcomm: LogMsg: PORT_Write : Data is being sent
2023-04-06 22:37:09.731 22709-22951 I/bt_rfcomm: LogMsg: PORT_DataInd with data length 10, p_mcb:0x7021f7a8e8,p_port:0x7021f78638,dlci:7
2023-04-06 22:37:09.731 22709-22951 I/bt_rfcomm: LogMsg: rfc_inc_credit:7
2023-04-06 22:37:09.731 22709-22951 I/bt_btif: LogMsg: bta_ag_sm_execute: handle=0x0002, bd_addr=c0:83:**:**:**:0b, state=BTA_AG_OPEN_ST(0x02), event=BTA_AG_RFC_DATA_EVT(0x050b)
2023-04-06 22:37:09.731 22709-22951 I/bt_rfcomm: LogMsg: PORT_ReadData() handle:5 max_len:512
2023-04-06 22:37:09.731 22709-22951 I/bt_rfcomm: LogMsg: PORT_ReadData queue:0 returned:10
2023-04-06 22:37:09.731 22709-22951 D/bt_bta_dm: bta_dm_rm_cback: BTA Role management callback count:2 status:BTA_SYS_CONN_BUSY peer:c0:83:xx:xx:xx:0b
2023-04-06 22:37:09.731 22709-22951 I/bt_btm_pm: BTM_SetPowerMode: Device is already in requested mode 0, interval: 0, max: 0, min: 0
2023-04-06 22:37:09.731 22709-22951 I/bt_rfcomm: LogMsg: PORT_WriteData() max_len:6
2023-04-06 22:37:09.731 22709-22951 I/bt_rfcomm: LogMsg: PORT_WriteData 6 bytes
2023-04-06 22:37:09.731 22709-22951 I/bt_rfcomm: LogMsg: PORT_Write : Data is being sent
2023-04-06 22:37:09.731 22709-22951 D/bt_bta_dm: bta_dm_rm_cback: BTA Role management callback count:2 status:BTA_SYS_CONN_IDLE peer:c0:83:xx:xx:xx:0b
2023-04-06 22:37:09.732 22709-22750 D/hw_bt_btif: LogMsg: HwTwsDdmBtifHfUpstreamsEvt: Entering DDM version of btif_hf_upstreams_evt
2023-04-06 22:37:09.732 22709-22750 D/hw_bt_btif: LogMsg: HwTwsDdmBtifHfUpstreamsEvt: event=BTA_AG_AT_NREC_EVT
2023-04-06 22:37:09.732 22709-22750 I/bt_btif: LogMsg: btif_hf_upstreams_evt: event=BTA_AG_AT_NREC_EVT
2023-04-06 22:37:09.739 22709-22951 I/bt_rfcomm: LogMsg: PORT_DataInd with data length 25, p_mcb:0x7021f7a8e8,p_port:0x7021f78638,dlci:7
2023-04-06 22:37:09.740 22709-22951 I/bt_rfcomm: LogMsg: rfc_inc_credit:7
2023-04-06 22:37:09.740 22709-22951 I/bt_btif: LogMsg: bta_ag_sm_execute: handle=0x0002, bd_addr=c0:83:**:**:**:0b, state=BTA_AG_OPEN_ST(0x02), event=BTA_AG_RFC_DATA_EVT(0x050b)
2023-04-06 22:37:09.740 22709-22951 I/bt_rfcomm: LogMsg: PORT_ReadData() handle:5 max_len:512
2023-04-06 22:37:09.740 22709-22951 I/bt_rfcomm: LogMsg: PORT_ReadData queue:0 returned:25
2023-04-06 22:37:09.740 22709-22951 D/bt_bta_dm: bta_dm_rm_cback: BTA Role management callback count:2 status:BTA_SYS_CONN_BUSY peer:c0:83:xx:xx:xx:0b
2023-04-06 22:37:09.740 22709-22951 I/bt_btm_pm: BTM_SetPowerMode: Device is already in requested mode 0, interval: 0, max: 0, min: 0
2023-04-06 22:37:09.740 22709-22951 D/bt_bta_dm: bta_dm_rm_cback: BTA Role management callback count:2 status:BTA_SYS_CONN_IDLE peer:c0:83:xx:xx:xx:0b
2023-04-06 22:37:09.742 22709-22750 D/hw_bt_btif: LogMsg: HwTwsDdmBtifHfUpstreamsEvt: Entering DDM version of btif_hf_upstreams_evt
2023-04-06 22:37:09.743 22709-22750 D/hw_bt_btif: LogMsg: HwTwsDdmBtifHfUpstreamsEvt: event=BTA_AG_AT_UNAT_EVT
2023-04-06 22:37:09.743 22709-22750 I/bt_btif: LogMsg: btif_hf_upstreams_evt: event=BTA_AG_AT_UNAT_EVT
2023-04-06 22:37:09.748 22709-23584 I/bt_btif: LogMsg: BTHF: FormattedAtResponse
2023-04-06 22:37:09.748 22709-23584 W/bt_btif: LogMsg: IsConnectedByIndex - not connected
2023-04-06 22:37:09.748 22709-23584 I/bt_btif: LogMsg: BTHF: AtResponse
2023-04-06 22:37:09.748 22709-23584 W/bt_btif: LogMsg: IsConnectedByIndex - not connected
2023-04-06 22:37:09.748 22709-22951 I/bt_btif: LogMsg: bta_ag_sm_execute: handle=0x0002, bd_addr=c0:83:**:**:**:0b, state=BTA_AG_OPEN_ST(0x02), event=BTA_AG_API_RESULT_EVT(0x0506), result=BTA_AG_UNAT_RES(0x14)
2023-04-06 22:37:09.748 22709-22951 I/bt_rfcomm: LogMsg: PORT_WriteData() max_len:18
2023-04-06 22:37:09.748 22709-22951 I/bt_rfcomm: LogMsg: PORT_WriteData 18 bytes
2023-04-06 22:37:09.748 22709-22951 I/bt_rfcomm: LogMsg: PORT_Write : Data is being sent
2023-04-06 22:37:09.748 22709-22951 I/bt_btif: LogMsg: bta_ag_sm_execute: handle=0x0002, bd_addr=c0:83:**:**:**:0b, state=BTA_AG_OPEN_ST(0x02), event=BTA_AG_API_RESULT_EVT(0x0506), result=BTA_AG_UNAT_RES(0x14)
2023-04-06 22:37:09.748 22709-22951 I/bt_rfcomm: LogMsg: PORT_WriteData() max_len:6
2023-04-06 22:37:09.748 22709-22951 I/bt_rfcomm: LogMsg: PORT_WriteData 6 bytes
2023-04-06 22:37:09.748 22709-22951 I/bt_rfcomm: LogMsg: PORT_Write : Data is being sent
2023-04-06 22:37:09.759 22709-22951 I/bt_rfcomm: LogMsg: PORT_DataInd with data length 10, p_mcb:0x7021f7a8e8,p_port:0x7021f78638,dlci:7
2023-04-06 22:37:09.760 22709-22951 I/bt_rfcomm: LogMsg: rfc_inc_credit:7
2023-04-06 22:37:09.760 22709-22951 I/bt_btif: LogMsg: bta_ag_sm_execute: handle=0x0002, bd_addr=c0:83:**:**:**:0b, state=BTA_AG_OPEN_ST(0x02), event=BTA_AG_RFC_DATA_EVT(0x050b)
2023-04-06 22:37:09.760 22709-22951 I/bt_rfcomm: LogMsg: PORT_ReadData() handle:5 max_len:512
2023-04-06 22:37:09.760 22709-22951 I/bt_rfcomm: LogMsg: PORT_ReadData queue:0 returned:10
2023-04-06 22:37:09.760 22709-22951 D/bt_bta_dm: bta_dm_rm_cback: BTA Role management callback count:2 status:BTA_SYS_CONN_BUSY peer:c0:83:xx:xx:xx:0b
2023-04-06 22:37:09.760 22709-22951 I/bt_btm_pm: BTM_SetPowerMode: Device is already in requested mode 0, interval: 0, max: 0, min: 0
2023-04-06 22:37:09.760 22709-22951 D/bt_bta_dm: bta_dm_rm_cback: BTA Role management callback count:2 status:BTA_SYS_CONN_IDLE peer:c0:83:xx:xx:xx:0b
2023-04-06 22:37:09.761 22709-22750 D/hw_bt_btif: LogMsg: HwTwsDdmBtifHfUpstreamsEvt: Entering DDM version of btif_hf_upstreams_evt
2023-04-06 22:37:09.761 22709-22750 D/hw_bt_btif: LogMsg: HwTwsDdmBtifHfUpstreamsEvt: event=BTA_AG_AT_UNAT_EVT
2023-04-06 22:37:09.761 22709-22750 I/bt_btif: LogMsg: btif_hf_upstreams_evt: event=BTA_AG_AT_UNAT_EVT
2023-04-06 22:37:09.765 22709-23584 I/bt_btif: LogMsg: BTHF: AtResponse
2023-04-06 22:37:09.765 22709-23584 W/bt_btif: LogMsg: IsConnectedByIndex - not connected
2023-04-06 22:37:09.765 22709-23584 I/bt_btif: LogMsg: BTHF: FormattedAtResponse
2023-04-06 22:37:09.765 22709-23584 W/bt_btif: LogMsg: IsConnectedByIndex - not connected
2023-04-06 22:37:09.765 22709-22951 I/bt_btif: LogMsg: bta_ag_sm_execute: handle=0x0002, bd_addr=c0:83:**:**:**:0b, state=BTA_AG_OPEN_ST(0x02), event=BTA_AG_API_RESULT_EVT(0x0506), result=BTA_AG_UNAT_RES(0x14)
2023-04-06 22:37:09.765 22709-22951 I/bt_rfcomm: LogMsg: PORT_WriteData() max_len:6
2023-04-06 22:37:09.765 22709-22951 I/bt_rfcomm: LogMsg: PORT_WriteData 6 bytes
2023-04-06 22:37:09.765 22709-22951 I/bt_rfcomm: LogMsg: PORT_Write : Data is being sent
2023-04-06 22:37:09.765 22709-22951 I/bt_btif: LogMsg: bta_ag_sm_execute: handle=0x0002, bd_addr=c0:83:**:**:**:0b, state=BTA_AG_OPEN_ST(0x02), event=BTA_AG_API_RESULT_EVT(0x0506), result=BTA_AG_UNAT_RES(0x14)
2023-04-06 22:37:09.765 22709-22951 I/bt_rfcomm: LogMsg: PORT_WriteData() max_len:92
2023-04-06 22:37:09.765 22709-22951 I/bt_rfcomm: LogMsg: PORT_WriteData 92 bytes
2023-04-06 22:37:09.765 22709-22951 I/bt_rfcomm: LogMsg: PORT_Write : Data is being sent
2023-04-06 22:37:09.780 22709-22951 I/bt_rfcomm: LogMsg: PORT_DataInd with data length 10, p_mcb:0x7021f7a8e8,p_port:0x7021f78638,dlci:7
2023-04-06 22:37:09.780 22709-22951 I/bt_rfcomm: LogMsg: rfc_inc_credit:6
2023-04-06 22:37:09.780 22709-22951 I/bt_btif: LogMsg: bta_ag_sm_execute: handle=0x0002, bd_addr=c0:83:**:**:**:0b, state=BTA_AG_OPEN_ST(0x02), event=BTA_AG_RFC_DATA_EVT(0x050b)
2023-04-06 22:37:09.780 22709-22951 I/bt_rfcomm: LogMsg: PORT_ReadData() handle:5 max_len:512
2023-04-06 22:37:09.780 22709-22951 I/bt_rfcomm: LogMsg: PORT_ReadData queue:0 returned:10
2023-04-06 22:37:09.780 22709-22951 D/bt_bta_dm: bta_dm_rm_cback: BTA Role management callback count:2 status:BTA_SYS_CONN_BUSY peer:c0:83:xx:xx:xx:0b
2023-04-06 22:37:09.780 22709-22951 I/bt_btm_pm: BTM_SetPowerMode: Device is already in requested mode 0, interval: 0, max: 0, min: 0
2023-04-06 22:37:09.780 22709-22951 I/bt_rfcomm: LogMsg: PORT_WriteData() max_len:6
2023-04-06 22:37:09.780 22709-22951 I/bt_rfcomm: LogMsg: PORT_WriteData 6 bytes
2023-04-06 22:37:09.780 22709-22951 I/bt_rfcomm: LogMsg: PORT_Write : Data is being sent
2023-04-06 22:37:09.780 22709-22951 D/bt_bta_dm: bta_dm_rm_cback: BTA Role management callback count:2 status:BTA_SYS_CONN_IDLE peer:c0:83:xx:xx:xx:0b
2023-04-06 22:37:09.781 22709-22750 D/hw_bt_btif: LogMsg: HwTwsDdmBtifHfUpstreamsEvt: Entering DDM version of btif_hf_upstreams_evt
2023-04-06 22:37:09.782 22709-22750 D/hw_bt_btif: LogMsg: HwTwsDdmBtifHfUpstreamsEvt: event=BTA_AG_SPK_EVT
2023-04-06 22:37:09.782 22709-22750 I/bt_btif: LogMsg: btif_hf_upstreams_evt: event=BTA_AG_SPK_EVT
2023-04-06 22:37:09.782 22709-22750 D/bt_btif_hf: btif_hf_upstreams_evt: BTA auto-responds, silently discard event:BTA_AG_SPK_EVT
2023-04-06 22:37:09.789 22709-22951 I/bt_rfcomm: LogMsg: PORT_DataInd with data length 8, p_mcb:0x7021f7a8e8,p_port:0x7021f78638,dlci:7
2023-04-06 22:37:09.789 22709-22951 I/bt_rfcomm: LogMsg: rfc_inc_credit:7
2023-04-06 22:37:09.789 22709-22951 I/bt_btif: LogMsg: bta_ag_sm_execute: handle=0x0002, bd_addr=c0:83:**:**:**:0b, state=BTA_AG_OPEN_ST(0x02), event=BTA_AG_RFC_DATA_EVT(0x050b)
2023-04-06 22:37:09.789 22709-22951 I/bt_rfcomm: LogMsg: PORT_ReadData() handle:5 max_len:512
2023-04-06 22:37:09.789 22709-22951 I/bt_rfcomm: LogMsg: PORT_ReadData queue:0 returned:8
2023-04-06 22:37:09.789 22709-22951 D/bt_bta_dm: bta_dm_rm_cback: BTA Role management callback count:2 status:BTA_SYS_CONN_BUSY peer:c0:83:xx:xx:xx:0b
2023-04-06 22:37:09.789 22709-22951 I/bt_btm_pm: BTM_SetPowerMode: Device is already in requested mode 0, interval: 0, max: 0, min: 0
2023-04-06 22:37:09.789 22709-22951 D/bt_bta_dm: bta_dm_rm_cback: BTA Role management callback count:2 status:BTA_SYS_CONN_IDLE peer:c0:83:xx:xx:xx:0b
2023-04-06 22:37:09.789 22709-22750 D/hw_bt_btif: LogMsg: HwTwsDdmBtifHfUpstreamsEvt: Entering DDM version of btif_hf_upstreams_evt
2023-04-06 22:37:09.789 22709-22750 D/hw_bt_btif: LogMsg: HwTwsDdmBtifHfUpstreamsEvt: event=BTA_AG_AT_CLCC_EVT
2023-04-06 22:37:09.789 22709-22750 I/bt_btif: LogMsg: btif_hf_upstreams_evt: event=BTA_AG_AT_CLCC_EVT
2023-04-06 22:37:09.795 22709-23584 I/bt_btif: LogMsg: BTHF: ClccResponse
2023-04-06 22:37:09.795 22709-23584 W/bt_btif: LogMsg: IsConnectedByIndex - not connected
2023-04-06 22:37:09.795 22709-23584 I/bt_btif: LogMsg: clcc_response: [1] dir 1 state 4 mode 0 number = xxxxxx type = 129
2023-04-06 22:37:09.795 22709-22951 I/bt_btif: LogMsg: bta_ag_sm_execute: handle=0x0002, bd_addr=c0:83:**:**:**:0b, state=BTA_AG_OPEN_ST(0x02), event=BTA_AG_API_RESULT_EVT(0x0506), result=BTA_AG_CLCC_RES(0x09)
2023-04-06 22:37:09.795 22709-22951 I/bt_rfcomm: LogMsg: PORT_WriteData() max_len:38
2023-04-06 22:37:09.795 22709-22951 I/bt_rfcomm: LogMsg: PORT_WriteData 38 bytes
2023-04-06 22:37:09.795 22709-22951 I/bt_rfcomm: LogMsg: PORT_Write : Data is being sent
2023-04-06 22:37:09.796 22709-23584 I/bt_btif: LogMsg: BTHF: ClccResponse
2023-04-06 22:37:09.796 22709-23584 W/bt_btif: LogMsg: IsConnectedByIndex - not connected
2023-04-06 22:37:09.796 22709-22951 I/bt_btif: LogMsg: bta_ag_sm_execute: handle=0x0002, bd_addr=c0:83:**:**:**:0b, state=BTA_AG_OPEN_ST(0x02), event=BTA_AG_API_RESULT_EVT(0x0506), result=BTA_AG_CLCC_RES(0x09)
2023-04-06 22:37:09.796 22709-22951 I/bt_rfcomm: LogMsg: PORT_WriteData() max_len:6
2023-04-06 22:37:09.796 22709-22951 I/bt_rfcomm: LogMsg: PORT_WriteData 6 bytes
2023-04-06 22:37:09.796 22709-22951 I/bt_rfcomm: LogMsg: PORT_Write : Data is being sent
2023-04-06 22:37:09.816 22709-22951 I/bt_rfcomm: LogMsg: PORT_DataInd with data length 20, p_mcb:0x7021f7a8e8,p_port:0x7021f78638,dlci:7
2023-04-06 22:37:09.816 22709-22951 I/bt_rfcomm: LogMsg: rfc_inc_credit:7
2023-04-06 22:37:09.816 22709-22951 I/bt_btif: LogMsg: bta_ag_sm_execute: handle=0x0002, bd_addr=c0:83:**:**:**:0b, state=BTA_AG_OPEN_ST(0x02), event=BTA_AG_RFC_DATA_EVT(0x050b)
2023-04-06 22:37:09.816 22709-22951 I/bt_rfcomm: LogMsg: PORT_ReadData() handle:5 max_len:512
2023-04-06 22:37:09.816 22709-22951 I/bt_rfcomm: LogMsg: PORT_ReadData queue:0 returned:20
2023-04-06 22:37:09.816 22709-22951 D/bt_bta_dm: bta_dm_rm_cback: BTA Role management callback count:2 status:BTA_SYS_CONN_BUSY peer:c0:83:xx:xx:xx:0b
2023-04-06 22:37:09.816 22709-22951 I/bt_btm_pm: BTM_SetPowerMode: Device is already in requested mode 0, interval: 0, max: 0, min: 0
2023-04-06 22:37:09.816 22709-22951 D/bt_bta_dm: bta_dm_rm_cback: BTA Role management callback count:2 status:BTA_SYS_CONN_IDLE peer:c0:83:xx:xx:xx:0b
2023-04-06 22:37:09.816 22709-22750 D/hw_bt_btif: LogMsg: HwTwsDdmBtifHfUpstreamsEvt: Entering DDM version of btif_hf_upstreams_evt
2023-04-06 22:37:09.816 22709-22750 D/hw_bt_btif: LogMsg: HwTwsDdmBtifHfUpstreamsEvt: event=BTA_AG_AT_UNAT_EVT
2023-04-06 22:37:09.816 22709-22750 I/bt_btif: LogMsg: btif_hf_upstreams_evt: event=BTA_AG_AT_UNAT_EVT
2023-04-06 22:37:09.817 22709-23584 I/bt_btif: LogMsg: BTHF: AtResponse
2023-04-06 22:37:09.817 22709-23584 W/bt_btif: LogMsg: IsConnectedByIndex - not connected
2023-04-06 22:37:09.817 22709-22951 I/bt_btif: LogMsg: bta_ag_sm_execute: handle=0x0002, bd_addr=c0:83:**:**:**:0b, state=BTA_AG_OPEN_ST(0x02), event=BTA_AG_API_RESULT_EVT(0x0506), result=BTA_AG_UNAT_RES(0x14)
2023-04-06 22:37:09.817 22709-22951 I/bt_rfcomm: LogMsg: PORT_WriteData() max_len:6
2023-04-06 22:37:09.817 22709-22951 I/bt_rfcomm: LogMsg: PORT_WriteData 6 bytes
2023-04-06 22:37:09.817 22709-22951 I/bt_rfcomm: LogMsg: PORT_Write : Data is being sent
2023-04-06 22:37:09.832 22709-22951 I/bt_rfcomm: LogMsg: PORT_DataInd with data length 12, p_mcb:0x7021f7a8e8,p_port:0x7021f78638,dlci:7
2023-04-06 22:37:09.832 22709-22951 I/bt_rfcomm: LogMsg: rfc_inc_credit:7
2023-04-06 22:37:09.832 22709-22951 I/bt_btif: LogMsg: bta_ag_sm_execute: handle=0x0002, bd_addr=c0:83:**:**:**:0b, state=BTA_AG_OPEN_ST(0x02), event=BTA_AG_RFC_DATA_EVT(0x050b)
2023-04-06 22:37:09.832 22709-22951 I/bt_rfcomm: LogMsg: PORT_ReadData() handle:5 max_len:512
2023-04-06 22:37:09.832 22709-22951 I/bt_rfcomm: LogMsg: PORT_ReadData queue:0 returned:12
2023-04-06 22:37:09.832 22709-22951 D/bt_bta_dm: bta_dm_rm_cback: BTA Role management callback count:2 status:BTA_SYS_CONN_BUSY peer:c0:83:xx:xx:xx:0b
2023-04-06 22:37:09.832 22709-22951 I/bt_btm_pm: BTM_SetPowerMode: Device is already in requested mode 0, interval: 0, max: 0, min: 0
2023-04-06 22:37:09.832 22709-22951 D/bt_bta_dm: bta_dm_rm_cback: BTA Role management callback count:2 status:BTA_SYS_CONN_IDLE peer:c0:83:xx:xx:xx:0b
2023-04-06 22:37:09.833 22709-22750 D/hw_bt_btif: LogMsg: HwTwsDdmBtifHfUpstreamsEvt: Entering DDM version of btif_hf_upstreams_evt
2023-04-06 22:37:09.833 22709-22750 D/hw_bt_btif: LogMsg: HwTwsDdmBtifHfUpstreamsEvt: event=BTA_AG_AT_UNAT_EVT
2023-04-06 22:37:09.833 22709-22750 I/bt_btif: LogMsg: btif_hf_upstreams_evt: event=BTA_AG_AT_UNAT_EVT
2023-04-06 22:37:09.840 22709-23584 I/bt_btif: LogMsg: BTHF: AtResponse
2023-04-06 22:37:09.840 22709-23584 W/bt_btif: LogMsg: IsConnectedByIndex - not connected
2023-04-06 22:37:09.840 22709-22951 I/bt_btif: LogMsg: bta_ag_sm_execute: handle=0x0002, bd_addr=c0:83:**:**:**:0b, state=BTA_AG_OPEN_ST(0x02), event=BTA_AG_API_RESULT_EVT(0x0506), result=BTA_AG_UNAT_RES(0x14)
2023-04-06 22:37:09.840 22709-22951 I/bt_rfcomm: LogMsg: PORT_WriteData() max_len:6
2023-04-06 22:37:09.840 22709-22951 I/bt_rfcomm: LogMsg: PORT_WriteData 6 bytes
2023-04-06 22:37:09.840 22709-22951 I/bt_rfcomm: LogMsg: PORT_Write : Data is being sent
2023-04-06 22:37:09.845 22709-23584 I/bt_btif: LogMsg: BTHF: SetActiveDevice
2023-04-06 22:37:09.933 22709-22951 I/bt_stack: [INFO:bta_gattc_act.cc(175)] bta_gattc_register: state:2
2023-04-06 22:37:09.933 22709-22951 I/bt_stack: [INFO:gatt_api.cc(1024)] GATT_Register f5d7868c-1f3d-9fce-88bb-0b0f7101b086
2023-04-06 22:37:09.934 22709-22951 I/bt_stack: [INFO:gatt_utils.cc(263)] gatt_find_the_connected_bda start_idx=0
2023-04-06 22:37:09.934 22709-22951 I/bt_stack: [INFO:gatt_utils.cc(275)]  found=0 found_idx=10
2023-04-06 22:37:09.938 3873-4167 D/BtDft_NcBtDftManager: handleBtParam id = EVENT_BT_BEHAVIOR
2023-04-06 22:37:09.941 22709-22951 I/bt_btm: LogMsg: BTM_BleAdvFilterParamSetup
2023-04-06 22:37:09.941 22709-22951 D/bt_btm: LogMsg: BTM_BleAdvFilterParamSetup : Feat mask:4
2023-04-06 22:37:09.941 22709-22951 D/bt_btm: LogMsg: btm_flt_update_cb: Recd: 3, 3, 0, 0, 63
2023-04-06 22:37:09.941 22709-22951 D/bt_btm: LogMsg: counter = 13, maxfilt = 64, num_avbl=63
2023-04-06 22:37:09.944 22709-22951 I/bt_btm: LogMsg: BTM_BleSetScanParams: 4800, 480
2023-04-06 22:37:09.944 22709-22951 I/bt_btif: LogMsg: BTA_DmBleObserve:start = 0 
2023-04-06 22:37:09.944 22709-22951 I/bt_btif: LogMsg: BTA_DmBleObserve:start = 1 
2023-04-06 22:37:09.944 22709-22951 I/bt_btm: LogMsg: BTM_BleObserve : scan_type:1, 4800, 480, 0
2023-04-06 22:37:09.944 22709-22951 I/bt_btm: LogMsg: btm_ble_stop_scan 
2023-04-06 22:37:09.944 22709-22951 I/bt_btm: LogMsg: btm_update_scanner_filter_policy
2023-04-06 22:37:09.944 22709-22951 I/bt_btm: LogMsg: btm_send_hci_set_scan_params scan_type=1 scan_int=4800 scan_win=480
2023-04-06 22:37:09.944 22709-22951 I/bt_btm: LogMsg: BTM_BleObserve : scan_type:1, 4800, 480, 0
2023-04-06 22:37:09.944 22709-22951 I/bt_btm: LogMsg: btm_send_hci_set_scan_params scan_type=1 scan_int=4800 scan_win=480
2023-04-06 22:37:09.963 22709-22951 I/bt_btm: LogMsg: BTM_BleSetScanParams: 960, 96
2023-04-06 22:37:09.963 22709-22951 I/bt_btif: LogMsg: BTA_DmBleObserve:start = 0 
2023-04-06 22:37:09.963 22709-22951 I/bt_btif: LogMsg: BTA_DmBleObserve:start = 1 
2023-04-06 22:37:09.963 22709-22951 I/bt_btm: LogMsg: BTM_BleObserve : scan_type:1, 960, 96, 0
2023-04-06 22:37:09.963 22709-22951 I/bt_btm: LogMsg: btm_ble_stop_scan 
2023-04-06 22:37:09.963 22709-22951 I/bt_btm: LogMsg: btm_update_scanner_filter_policy
2023-04-06 22:37:09.963 22709-22951 I/bt_btm: LogMsg: btm_send_hci_set_scan_params scan_type=1 scan_int=960 scan_win=96
2023-04-06 22:37:09.963 22709-22951 I/bt_btm: LogMsg: BTM_BleObserve : scan_type:1, 960, 96, 0
2023-04-06 22:37:09.963 22709-22951 I/bt_btm: LogMsg: btm_send_hci_set_scan_params scan_type=1 scan_int=960 scan_win=96
2023-04-06 22:37:09.967 22709-24323 W/bt_hci: LogMsg: hw_btu_hcif_get_sensorhub_cap: sensorhub_support=0
2023-04-06 22:37:09.968 22709-22951 I/bt_stack: [INFO:bta_gattc_act.cc(175)] bta_gattc_register: state:2
2023-04-06 22:37:09.968 22709-22951 I/bt_stack: [INFO:gatt_api.cc(1024)] GATT_Register 49a1dfcf-ec26-3459-86f1-990a42d497b3
2023-04-06 22:37:09.968 22709-22951 I/bt_stack: [INFO:gatt_utils.cc(263)] gatt_find_the_connected_bda start_idx=0
2023-04-06 22:37:09.968 22709-22951 I/bt_stack: [INFO:gatt_utils.cc(275)]  found=0 found_idx=10
2023-04-06 22:37:09.978 3873-4167 D/BtDft_NcBtDftManager: handleBtParam id = EVENT_BT_BEHAVIOR
2023-04-06 22:37:09.980 22709-22951 I/bt_btm: LogMsg: BTM_BleAdvFilterParamSetup
2023-04-06 22:37:09.980 22709-22951 D/bt_btm: LogMsg: BTM_BleAdvFilterParamSetup : Feat mask:64
2023-04-06 22:37:09.981 22709-22951 D/bt_btm: LogMsg: btm_flt_update_cb: Recd: 7, 7, 0, 0, 58
2023-04-06 22:37:09.981 22709-22951 D/bt_btm: LogMsg: counter = 192, maxfilt = 64, num_avbl=58
2023-04-06 22:37:09.982 22709-22951 I/bt_btm: LogMsg: BTM_BleSetScanParams: 960, 96
2023-04-06 22:37:09.982 3873-4167 D/BtDft_NcBtDftManager: handleBtParam id = EVENT_BT_BEHAVIOR
2023-04-06 22:37:09.982 22709-22951 I/bt_btif: LogMsg: BTA_DmBleObserve:start = 0 
2023-04-06 22:37:09.982 22709-22951 I/bt_btm: LogMsg: BTM_BleObserve : scan_type:1, 960, 96, 0
2023-04-06 22:37:09.982 22709-22951 I/bt_btm: LogMsg: btm_ble_stop_scan 
2023-04-06 22:37:09.982 22709-22951 I/bt_btm: LogMsg: btm_update_scanner_filter_policy
2023-04-06 22:37:09.982 22709-22951 I/bt_btm: LogMsg: btm_send_hci_set_scan_params scan_type=1 scan_int=960 scan_win=96
2023-04-06 22:37:09.982 22709-22951 I/bt_btif: LogMsg: BTA_DmBleObserve:start = 1 
2023-04-06 22:37:09.982 22709-22951 I/bt_btm: LogMsg: BTM_BleObserve : scan_type:1, 960, 96, 0
2023-04-06 22:37:09.982 22709-22951 I/bt_btm: LogMsg: btm_send_hci_set_scan_params scan_type=1 scan_int=960 scan_win=96
2023-04-06 22:37:09.982 22709-22951 I/bt_btm: LogMsg: BTM_BleAdvFilterParamSetup
2023-04-06 22:37:09.983 22709-22951 I/bt_stack: [INFO:bta_gattc_api.cc(101)] BTA_GATTC_AppDeregister client_if = 4
2023-04-06 22:37:09.983 22709-22951 I/bt_stack: [INFO:bta_gattc_api.cc(85)] app_deregister_impl client_if = 4
2023-04-06 22:37:09.983 22709-22951 E/bt_stack: [ERROR:bta_gattc_act.cc(251)] bta_gattc_deregister p_clreg->num_clcb is 0
2023-04-06 22:37:09.983 22709-22951 I/bt_stack: [INFO:bta_gattc_act.cc(1104)] bta_gattc_deregister_cmpl client_if is 4
2023-04-06 22:37:09.983 22709-22951 I/bt_stack: [INFO:gatt_api.cc(1074)] GATT_Deregister gatt_if=4
2023-04-06 22:37:09.986 22709-22951 I/bt_btm: LogMsg: BTM_BleAdvFilterParamSetup
2023-04-06 22:37:09.987 22709-22951 I/bt_btm: LogMsg: BTM_BleAdvFilterParamSetup
2023-04-06 22:37:09.988 22709-22951 I/bt_btm: LogMsg: BTM_BleSetScanParams: 960, 96
2023-04-06 22:37:09.988 22709-22951 I/bt_btif: LogMsg: BTA_DmBleObserve:start = 0 
2023-04-06 22:37:09.988 22709-22951 I/bt_btif: LogMsg: BTA_DmBleObserve:start = 1 
2023-04-06 22:37:09.988 22709-22951 I/bt_btm: LogMsg: BTM_BleObserve : scan_type:1, 960, 96, 0
2023-04-06 22:37:09.988 22709-22951 I/bt_btm: LogMsg: btm_ble_stop_scan 
2023-04-06 22:37:09.988 22709-22951 I/bt_btm: LogMsg: btm_update_scanner_filter_policy
2023-04-06 22:37:09.988 22709-22951 I/bt_btm: LogMsg: btm_send_hci_set_scan_params scan_type=1 scan_int=960 scan_win=96
2023-04-06 22:37:09.988 22709-22951 I/bt_btm: LogMsg: BTM_BleObserve : scan_type:1, 960, 96, 0
2023-04-06 22:37:09.988 22709-22951 I/bt_btm: LogMsg: btm_send_hci_set_scan_params scan_type=1 scan_int=960 scan_win=96
2023-04-06 22:37:10.059 22709-22951 I/bt_stack: [INFO:bta_gattc_act.cc(175)] bta_gattc_register: state:2
2023-04-06 22:37:10.059 22709-22951 I/bt_stack: [INFO:gatt_api.cc(1024)] GATT_Register 240ee7e2-e67a-e2b5-5500-09bec1c44892
2023-04-06 22:37:10.059 22709-22951 I/bt_stack: [INFO:gatt_utils.cc(263)] gatt_find_the_connected_bda start_idx=0
2023-04-06 22:37:10.059 22709-22951 I/bt_stack: [INFO:gatt_utils.cc(275)]  found=0 found_idx=10
2023-04-06 22:37:10.061 22709-22951 I/bt_stack: [INFO:bta_gattc_act.cc(175)] bta_gattc_register: state:2
2023-04-06 22:37:10.061 22709-22951 I/bt_stack: [INFO:gatt_api.cc(1024)] GATT_Register 433e343d-455a-fe28-fb1a-4fd89b230910
2023-04-06 22:37:10.061 22709-22951 I/bt_stack: [INFO:gatt_utils.cc(263)] gatt_find_the_connected_bda start_idx=0
2023-04-06 22:37:10.061 22709-22951 I/bt_stack: [INFO:gatt_utils.cc(275)]  found=0 found_idx=10
2023-04-06 22:37:10.065 3873-4167 D/BtDft_NcBtDftManager: handleBtParam id = EVENT_BT_BEHAVIOR
2023-04-06 22:37:10.070 3873-4167 D/BtDft_NcBtDftManager: handleBtParam id = EVENT_BT_BEHAVIOR
2023-04-06 22:37:10.072 22709-22951 I/bt_stack: [INFO:bta_gattc_act.cc(175)] bta_gattc_register: state:2
2023-04-06 22:37:10.072 22709-22951 I/bt_stack: [INFO:gatt_api.cc(1024)] GATT_Register a8dbe19b-458b-e451-cba1-260ee77bf48b
2023-04-06 22:37:10.072 22709-22951 I/bt_stack: [INFO:gatt_utils.cc(263)] gatt_find_the_connected_bda start_idx=0
2023-04-06 22:37:10.072 22709-22951 I/bt_stack: [INFO:gatt_utils.cc(275)]  found=0 found_idx=10
2023-04-06 22:37:10.072 22709-22951 D/bt_btm: LogMsg: Manuf data length: 9
2023-04-06 22:37:10.073 22709-22951 I/bt_btm: LogMsg: BTM_BleAdvFilterParamSetup
2023-04-06 22:37:10.073 22709-22951 D/bt_btm: LogMsg: BTM_BleAdvFilterParamSetup : Feat mask:32
2023-04-06 22:37:10.073 22709-22951 D/bt_btm: LogMsg: btm_flt_update_cb: Recd: 6, 6, 0, 0, 63
2023-04-06 22:37:10.073 22709-22951 D/bt_btm: LogMsg: counter = 183, maxfilt = 64, num_avbl=63
2023-04-06 22:37:10.075 22709-22951 I/bt_btm: LogMsg: BTM_BleSetScanParams: 960, 96
2023-04-06 22:37:10.075 22709-22951 I/bt_btm: LogMsg: BTM_BleSetScanParams: 960, 96
2023-04-06 22:37:10.075 22709-22951 I/bt_stack: [INFO:bta_gattc_act.cc(175)] bta_gattc_register: state:2
2023-04-06 22:37:10.075 22709-22951 I/bt_stack: [INFO:gatt_api.cc(1024)] GATT_Register 57898d1b-d796-6e76-522c-158a399bef37
2023-04-06 22:37:10.075 22709-22951 I/bt_stack: [INFO:gatt_utils.cc(263)] gatt_find_the_connected_bda start_idx=0
2023-04-06 22:37:10.075 22709-22951 I/bt_stack: [INFO:gatt_utils.cc(275)]  found=0 found_idx=10
2023-04-06 22:37:10.076 22709-22951 I/bt_btif: LogMsg: BTA_DmBleObserve:start = 0 
2023-04-06 22:37:10.076 22709-22951 I/bt_btm: LogMsg: BTM_BleObserve : scan_type:1, 960, 96, 0
2023-04-06 22:37:10.076 22709-22951 I/bt_btm: LogMsg: btm_ble_stop_scan 
2023-04-06 22:37:10.076 22709-22951 I/bt_btm: LogMsg: btm_update_scanner_filter_policy
2023-04-06 22:37:10.076 22709-22951 I/bt_btm: LogMsg: btm_send_hci_set_scan_params scan_type=1 scan_int=960 scan_win=96
2023-04-06 22:37:10.076 22709-22951 I/bt_btif: LogMsg: BTA_DmBleObserve:start = 1 
2023-04-06 22:37:10.076 22709-22951 I/bt_btif: LogMsg: BTA_DmBleObserve:start = 0 
2023-04-06 22:37:10.076 22709-22951 I/bt_btif: LogMsg: BTA_DmBleObserve:start = 1 
2023-04-06 22:37:10.076 22709-22951 I/bt_btm: LogMsg: BTM_BleObserve : scan_type:1, 960, 96, 0
2023-04-06 22:37:10.076 22709-22951 I/bt_btm: LogMsg: btm_send_hci_set_scan_params scan_type=1 scan_int=960 scan_win=96
2023-04-06 22:37:10.076 22709-22951 I/bt_btm: LogMsg: BTM_BleObserve : scan_type:1, 960, 96, 0
2023-04-06 22:37:10.076 22709-22951 I/bt_btm: LogMsg: btm_ble_stop_scan 
2023-04-06 22:37:10.076 22709-22951 I/bt_btm: LogMsg: btm_update_scanner_filter_policy
2023-04-06 22:37:10.076 22709-22951 I/bt_btm: LogMsg: btm_send_hci_set_scan_params scan_type=1 scan_int=960 scan_win=96
2023-04-06 22:37:10.076 22709-22951 I/bt_btm: LogMsg: BTM_BleObserve : scan_type:1, 960, 96, 0
2023-04-06 22:37:10.076 22709-22951 I/bt_btm: LogMsg: btm_send_hci_set_scan_params scan_type=1 scan_int=960 scan_win=96
2023-04-06 22:37:10.080 3873-4167 D/BtDft_NcBtDftManager: handleBtParam id = EVENT_BT_BEHAVIOR
2023-04-06 22:37:10.081 22709-22951 I/bt_btm: LogMsg: BTM_BleAdvFilterParamSetup
2023-04-06 22:37:10.081 22709-22951 D/bt_btm: LogMsg: BTM_BleAdvFilterParamSetup : Feat mask:64
2023-04-06 22:37:10.081 22709-22951 I/bt_stack: [INFO:bta_gattc_act.cc(175)] bta_gattc_register: state:2
2023-04-06 22:37:10.081 22709-22951 I/bt_stack: [INFO:gatt_api.cc(1024)] GATT_Register 449f05ce-ab18-6b9c-ce7f-2fb3125044af
2023-04-06 22:37:10.081 22709-22951 I/bt_stack: [INFO:gatt_utils.cc(263)] gatt_find_the_connected_bda start_idx=0
2023-04-06 22:37:10.081 22709-22951 I/bt_stack: [INFO:gatt_utils.cc(275)]  found=0 found_idx=10
2023-04-06 22:37:10.082 3873-4167 D/BtDft_NcBtDftManager: handleBtParam id = EVENT_BT_BEHAVIOR
2023-04-06 22:37:10.085 3873-4167 D/BtDft_NcBtDftManager: handleBtParam id = EVENT_BT_BEHAVIOR
2023-04-06 22:37:10.086 22709-22951 D/bt_btm: LogMsg: btm_flt_update_cb: Recd: 7, 7, 0, 0, 60
2023-04-06 22:37:10.086 22709-22951 D/bt_btm: LogMsg: counter = 193, maxfilt = 64, num_avbl=60
2023-04-06 22:37:10.088 22709-22951 I/bt_btm: LogMsg: BTM_BleAdvFilterParamSetup
2023-04-06 22:37:10.088 22709-22951 D/bt_btm: LogMsg: BTM_BleAdvFilterParamSetup : Feat mask:64
2023-04-06 22:37:10.089 22709-22951 D/bt_btm: LogMsg: btm_flt_update_cb: Recd: 7, 7, 0, 0, 59
2023-04-06 22:37:10.089 22709-22951 D/bt_btm: LogMsg: counter = 194, maxfilt = 64, num_avbl=59
2023-04-06 22:37:10.091 22709-22951 I/bt_btm: LogMsg: BTM_BleAdvFilterParamSetup
2023-04-06 22:37:10.091 22709-22951 D/bt_btm: LogMsg: BTM_BleAdvFilterParamSetup : Feat mask:64
2023-04-06 22:37:10.093 22709-22951 D/bt_btm: LogMsg: btm_flt_update_cb: Recd: 7, 7, 0, 0, 58
2023-04-06 22:37:10.093 22709-22951 D/bt_btm: LogMsg: counter = 195, maxfilt = 64, num_avbl=58
2023-04-06 22:37:10.095 22709-22951 I/bt_btm: LogMsg: BTM_BleAdvFilterParamSetup
2023-04-06 22:37:10.095 22709-22951 D/bt_btm: LogMsg: BTM_BleAdvFilterParamSetup : Feat mask:64
2023-04-06 22:37:10.097 22709-22951 D/bt_btm: LogMsg: btm_flt_update_cb: Recd: 7, 7, 0, 0, 57
2023-04-06 22:37:10.097 22709-22951 D/bt_btm: LogMsg: counter = 196, maxfilt = 64, num_avbl=57
2023-04-06 22:37:10.098 22709-22951 I/bt_btm: LogMsg: BTM_BleSetScanParams: 960, 96
2023-04-06 22:37:10.098 22709-22951 I/bt_btif: LogMsg: BTA_DmBleObserve:start = 0 
2023-04-06 22:37:10.098 22709-22951 I/bt_btif: LogMsg: BTA_DmBleObserve:start = 1 
2023-04-06 22:37:10.098 22709-22951 I/bt_btm: LogMsg: BTM_BleObserve : scan_type:1, 960, 96, 0
2023-04-06 22:37:10.098 22709-22951 I/bt_btm: LogMsg: btm_ble_stop_scan 
2023-04-06 22:37:10.098 22709-22951 I/bt_btm: LogMsg: btm_update_scanner_filter_policy
2023-04-06 22:37:10.098 22709-22951 I/bt_btm: LogMsg: btm_send_hci_set_scan_params scan_type=1 scan_int=960 scan_win=96
2023-04-06 22:37:10.098 22709-22951 I/bt_btm: LogMsg: BTM_BleObserve : scan_type:1, 960, 96, 0
2023-04-06 22:37:10.098 22709-22951 I/bt_btm: LogMsg: btm_send_hci_set_scan_params scan_type=1 scan_int=960 scan_win=96
2023-04-06 22:37:10.105 22709-22951 D/bt_btm: LogMsg: btm_flt_update_cb: Recd: 7, 7, 0, 0, 56
2023-04-06 22:37:10.105 22709-22951 D/bt_btm: LogMsg: counter = 197, maxfilt = 64, num_avbl=56
2023-04-06 22:37:10.105 22709-22951 I/bt_btm: LogMsg: BTM_BleAdvFilterParamSetup
2023-04-06 22:37:10.105 22709-22951 D/bt_btm: LogMsg: BTM_BleAdvFilterParamSetup : Feat mask:64
2023-04-06 22:37:10.109 22709-22951 D/bt_btm: LogMsg: btm_flt_update_cb: Recd: 7, 7, 0, 0, 55
2023-04-06 22:37:10.109 22709-22951 D/bt_btm: LogMsg: counter = 198, maxfilt = 64, num_avbl=55
2023-04-06 22:37:10.109 22709-22951 I/bt_btm: LogMsg: BTM_BleAdvFilterParamSetup
2023-04-06 22:37:10.109 22709-22951 D/bt_btm: LogMsg: BTM_BleAdvFilterParamSetup : Feat mask:64
2023-04-06 22:37:10.112 22709-22951 I/bt_btm: LogMsg: BTM_BleAdvFilterParamSetup
2023-04-06 22:37:10.112 22709-22951 D/bt_btm: LogMsg: BTM_BleAdvFilterParamSetup : Feat mask:64
2023-04-06 22:37:10.113 22709-22951 D/bt_btm: LogMsg: btm_flt_update_cb: Recd: 7, 7, 0, 0, 54
2023-04-06 22:37:10.113 22709-22951 D/bt_btm: LogMsg: counter = 199, maxfilt = 64, num_avbl=54
2023-04-06 22:37:10.114 22709-22951 I/bt_btm: LogMsg: BTM_BleSetScanParams: 960, 96
2023-04-06 22:37:10.115 22709-22951 I/bt_btif: LogMsg: BTA_DmBleObserve:start = 0 
2023-04-06 22:37:10.115 22709-22951 I/bt_btm: LogMsg: BTM_BleObserve : scan_type:1, 960, 96, 0
2023-04-06 22:37:10.115 22709-22951 I/bt_btm: LogMsg: btm_ble_stop_scan 
2023-04-06 22:37:10.115 22709-22951 I/bt_btm: LogMsg: btm_update_scanner_filter_policy
2023-04-06 22:37:10.115 22709-22951 I/bt_btm: LogMsg: btm_send_hci_set_scan_params scan_type=1 scan_int=960 scan_win=96
2023-04-06 22:37:10.115 22709-22951 I/bt_btif: LogMsg: BTA_DmBleObserve:start = 1 
2023-04-06 22:37:10.115 22709-22951 I/bt_btm: LogMsg: BTM_BleObserve : scan_type:1, 960, 96, 0
2023-04-06 22:37:10.115 22709-22951 I/bt_btm: LogMsg: btm_send_hci_set_scan_params scan_type=1 scan_int=960 scan_win=96
2023-04-06 22:37:10.119 22709-22951 I/bt_btm: LogMsg: BTM_BleAdvFilterParamSetup
2023-04-06 22:37:10.119 22709-22951 D/bt_btm: LogMsg: BTM_BleAdvFilterParamSetup : Feat mask:64
2023-04-06 22:37:10.120 22709-22951 D/bt_btm: LogMsg: btm_flt_update_cb: Recd: 7, 7, 0, 0, 53
2023-04-06 22:37:10.120 22709-22951 D/bt_btm: LogMsg: counter = 200, maxfilt = 64, num_avbl=53
2023-04-06 22:37:10.121 22709-22951 I/bt_btm: LogMsg: BTM_BleSetScanParams: 960, 96
2023-04-06 22:37:10.121 22709-22951 I/bt_btif: LogMsg: BTA_DmBleObserve:start = 0 
2023-04-06 22:37:10.121 22709-22951 I/bt_btm: LogMsg: BTM_BleObserve : scan_type:1, 960, 96, 0
2023-04-06 22:37:10.121 22709-22951 I/bt_btm: LogMsg: btm_ble_stop_scan 
2023-04-06 22:37:10.121 22709-22951 I/bt_btm: LogMsg: btm_update_scanner_filter_policy
2023-04-06 22:37:10.121 22709-22951 I/bt_btm: LogMsg: btm_send_hci_set_scan_params scan_type=1 scan_int=960 scan_win=96
2023-04-06 22:37:10.121 22709-22951 I/bt_btif: LogMsg: BTA_DmBleObserve:start = 1 
2023-04-06 22:37:10.121 22709-22951 I/bt_btm: LogMsg: BTM_BleObserve : scan_type:1, 960, 96, 0
2023-04-06 22:37:10.121 22709-22951 I/bt_btm: LogMsg: btm_send_hci_set_scan_params scan_type=1 scan_int=960 scan_win=96
2023-04-06 22:37:10.126 22709-22951 I/bt_btm: LogMsg: BTM_BleAdvFilterParamSetup
2023-04-06 22:37:10.126 22709-22951 D/bt_btm: LogMsg: BTM_BleAdvFilterParamSetup : Feat mask:64
2023-04-06 22:37:10.126 22709-22951 D/bt_btm: LogMsg: btm_flt_update_cb: Recd: 7, 7, 0, 0, 52
2023-04-06 22:37:10.126 22709-22951 D/bt_btm: LogMsg: counter = 201, maxfilt = 64, num_avbl=52
2023-04-06 22:37:10.127 22709-22951 I/bt_btif: LogMsg: BTA_DmBleObserve:start = 0 
2023-04-06 22:37:10.127 22709-22951 I/bt_btm: LogMsg: BTM_BleObserve : scan_type:1, 960, 96, 0
2023-04-06 22:37:10.127 22709-22951 I/bt_btm: LogMsg: btm_ble_stop_scan 
2023-04-06 22:37:10.127 22709-22951 I/bt_btm: LogMsg: btm_update_scanner_filter_policy
