2023-04-06 22:37:10.128 22709-22951 I/bt_btm: LogMsg: btm_send_hci_set_scan_params scan_type=1 scan_int=960 scan_win=96
2023-04-06 22:37:10.128 22709-22951 I/bt_btm: LogMsg: BTM_BleSetScanParams: 960, 96
2023-04-06 22:37:10.129 22709-22951 I/bt_btif: LogMsg: BTA_DmBleObserve:start = 1 
2023-04-06 22:37:10.129 22709-22951 I/bt_btm: LogMsg: BTM_BleObserve : scan_type:1, 960, 96, 0
2023-04-06 22:37:10.129 22709-22951 I/bt_btm: LogMsg: btm_send_hci_set_scan_params scan_type=1 scan_int=960 scan_win=96
2023-04-06 22:37:10.701 22709-22969 D/hw_bt_btif: LogMsg: HwTwsFindRecord: looking for record ff:ff:**:**:**:1f
2023-04-06 22:37:10.702 22709-22969 D/hw_bt_btif: LogMsg: HwTwsFindRecord: looking for record 28:0f:**:**:**:1a
2023-04-06 22:37:10.703 22709-22969 D/hw_bt_btif: LogMsg: HwTwsFindRecord: looking for record 4c:a6:**:**:**:bc
2023-04-06 22:37:10.706 22709-22969 D/hw_bt_btif: LogMsg: HwTwsFindRecord: looking for record 14:0a:**:**:**:0a
2023-04-06 22:37:12.060 6756-26413 I/Notfiy_PhoneListManager: 1300103300|R|I|doPhoneRing mIsPhoneForbidden is true, so return
2023-04-06 22:37:13.755 22709-22951 I/bt_rfcomm: LogMsg: PORT_DataInd with data length 8, p_mcb:0x7021f7a8e8,p_port:0x7021f78638,dlci:7
2023-04-06 22:37:13.756 22709-22951 I/bt_rfcomm: LogMsg: rfc_inc_credit:7
2023-04-06 22:37:13.756 22709-22951 I/bt_btif: LogMsg: bta_ag_sm_execute: handle=0x0002, bd_addr=c0:83:**:**:**:0b, state=BTA_AG_OPEN_ST(0x02), event=BTA_AG_RFC_DATA_EVT(0x050b)
2023-04-06 22:37:13.756 22709-22951 I/bt_rfcomm: LogMsg: PORT_ReadData() handle:5 max_len:512
2023-04-06 22:37:13.756 22709-22951 I/bt_rfcomm: LogMsg: PORT_ReadData queue:0 returned:8
2023-04-06 22:37:13.756 22709-22951 D/bt_bta_dm: bta_dm_rm_cback: BTA Role management callback count:2 status:BTA_SYS_CONN_BUSY peer:c0:83:xx:xx:xx:0b
2023-04-06 22:37:13.757 22709-22951 I/bt_btm_pm: BTM_SetPowerMode: Device is already in requested mode 0, interval: 0, max: 0, min: 0
2023-04-06 22:37:13.757 22709-22951 D/bt_bta_dm: bta_dm_rm_cback: BTA Role management callback count:2 status:BTA_SYS_CONN_IDLE peer:c0:83:xx:xx:xx:0b
2023-04-06 22:37:13.757 22709-22750 D/hw_bt_btif: LogMsg: HwTwsDdmBtifHfUpstreamsEvt: Entering DDM version of btif_hf_upstreams_evt
2023-04-06 22:37:13.757 22709-22750 D/hw_bt_btif: LogMsg: HwTwsDdmBtifHfUpstreamsEvt: event=BTA_AG_AT_UNAT_EVT
2023-04-06 22:37:13.757 22709-22750 I/bt_btif: LogMsg: btif_hf_upstreams_evt: event=BTA_AG_AT_UNAT_EVT
2023-04-06 22:37:13.759 22709-23584 I/bt_btif: LogMsg: BTHF: FormattedAtResponse
2023-04-06 22:37:13.759 22709-23584 W/bt_btif: LogMsg: IsConnectedByIndex - not connected
2023-04-06 22:37:13.759 22709-23584 I/bt_btif: LogMsg: BTHF: AtResponse
2023-04-06 22:37:13.760 22709-23584 W/bt_btif: LogMsg: IsConnectedByIndex - not connected
2023-04-06 22:37:13.760 22709-22951 I/bt_btif: LogMsg: bta_ag_sm_execute: handle=0x0002, bd_addr=c0:83:**:**:**:0b, state=BTA_AG_OPEN_ST(0x02), event=BTA_AG_API_RESULT_EVT(0x0506), result=BTA_AG_UNAT_RES(0x14)
2023-04-06 22:37:13.760 22709-22951 I/bt_rfcomm: LogMsg: PORT_WriteData() max_len:17
2023-04-06 22:37:13.760 22709-22951 I/bt_rfcomm: LogMsg: PORT_WriteData 17 bytes
2023-04-06 22:37:13.760 22709-22951 I/bt_rfcomm: LogMsg: PORT_Write : Data is being sent
2023-04-06 22:37:13.760 22709-22951 I/bt_btif: LogMsg: bta_ag_sm_execute: handle=0x0002, bd_addr=c0:83:**:**:**:0b, state=BTA_AG_OPEN_ST(0x02), event=BTA_AG_API_RESULT_EVT(0x0506), result=BTA_AG_UNAT_RES(0x14)
2023-04-06 22:37:13.760 22709-22951 I/bt_rfcomm: LogMsg: PORT_WriteData() max_len:6
2023-04-06 22:37:13.761 22709-22951 I/bt_rfcomm: LogMsg: PORT_WriteData 6 bytes
2023-04-06 22:37:13.761 22709-22951 I/bt_rfcomm: LogMsg: PORT_Write : Data is being sent
2023-04-06 22:37:14.635 22709-22951 I/bt_btif: LogMsg: bta_sys_event: Event 0x512
2023-04-06 22:37:14.635 22709-22951 I/bt_btif: LogMsg: bta_ag_sm_execute: handle=0x0002, bd_addr=c0:83:**:**:**:0b, state=BTA_AG_OPEN_ST(0x02), event=BTA_AG_RING_TIMEOUT_EVT(0x0512)
2023-04-06 22:37:14.635 22709-22951 I/bt_rfcomm: LogMsg: PORT_WriteData() max_len:8
2023-04-06 22:37:14.635 22709-22951 I/bt_rfcomm: LogMsg: PORT_WriteData 8 bytes
2023-04-06 22:37:14.636 22709-22951 I/bt_rfcomm: LogMsg: PORT_Write : Data is being sent
2023-04-06 22:37:14.636 22709-22951 I/bt_rfcomm: LogMsg: PORT_WriteData() max_len:28
2023-04-06 22:37:14.636 22709-22951 I/bt_rfcomm: LogMsg: PORT_WriteData 28 bytes
2023-04-06 22:37:14.636 22709-22951 I/bt_rfcomm: LogMsg: PORT_Write : Data is being sent
2023-04-06 22:37:17.490 6756-6812 D/com.huawei.agc.apms: Collector: sending [0] AppStart events.
2023-04-06 22:37:17.491 6756-6812 D/com.huawei.agc.apms: Collector: sending [0] ActivityLoad events.
2023-04-06 22:37:17.491 6756-6812 D/com.huawei.agc.apms: Collector: sending [0] ActivityRender events.
2023-04-06 22:37:17.491 6756-6812 D/com.huawei.agc.apms: Collector: sending [0] Http events.
2023-04-06 22:37:17.491 6756-6812 D/com.huawei.agc.apms: Collector: sending [0] WebViewLoad events.
2023-04-06 22:37:17.491 6756-6812 D/com.huawei.agc.apms: Collector: sending [0] WebViewError events.
2023-04-06 22:37:17.492 6756-6812 D/com.huawei.agc.apms: Creating a new Non sampled Session: 7d545483d82a4522be1bd5b0dc74543e
2023-04-06 22:37:17.493 6756-6812 D/com.huawei.agc.apms: tick took 2ms.
2023-04-06 22:37:17.665 22709-22951 I/bt_rfcomm: LogMsg: PORT_DataInd with data length 8, p_mcb:0x7021f7a8e8,p_port:0x7021f78638,dlci:7
2023-04-06 22:37:17.666 22709-22951 I/bt_rfcomm: LogMsg: rfc_inc_credit:7
2023-04-06 22:37:17.666 22709-22951 I/bt_btif: LogMsg: bta_ag_sm_execute: handle=0x0002, bd_addr=c0:83:**:**:**:0b, state=BTA_AG_OPEN_ST(0x02), event=BTA_AG_RFC_DATA_EVT(0x050b)
2023-04-06 22:37:17.666 22709-22951 I/bt_rfcomm: LogMsg: PORT_ReadData() handle:5 max_len:512
2023-04-06 22:37:17.666 22709-22951 I/bt_rfcomm: LogMsg: PORT_ReadData queue:0 returned:8
2023-04-06 22:37:17.666 22709-22951 D/bt_bta_dm: bta_dm_rm_cback: BTA Role management callback count:2 status:BTA_SYS_CONN_BUSY peer:c0:83:xx:xx:xx:0b
2023-04-06 22:37:17.667 22709-22951 I/bt_btm_pm: BTM_SetPowerMode: Device is already in requested mode 0, interval: 0, max: 0, min: 0
2023-04-06 22:37:17.667 22709-22951 D/bt_bta_dm: bta_dm_rm_cback: BTA Role management callback count:2 status:BTA_SYS_CONN_IDLE peer:c0:83:xx:xx:xx:0b
2023-04-06 22:37:17.667 22709-22750 D/hw_bt_btif: LogMsg: HwTwsDdmBtifHfUpstreamsEvt: Entering DDM version of btif_hf_upstreams_evt
2023-04-06 22:37:17.667 22709-22750 D/hw_bt_btif: LogMsg: HwTwsDdmBtifHfUpstreamsEvt: event=BTA_AG_AT_UNAT_EVT
2023-04-06 22:37:17.667 22709-22750 I/bt_btif: LogMsg: btif_hf_upstreams_evt: event=BTA_AG_AT_UNAT_EVT
2023-04-06 22:37:17.669 22709-23584 I/bt_btif: LogMsg: BTHF: FormattedAtResponse
2023-04-06 22:37:17.670 22709-23584 W/bt_btif: LogMsg: IsConnectedByIndex - not connected
2023-04-06 22:37:17.670 22709-23584 I/bt_btif: LogMsg: BTHF: AtResponse
2023-04-06 22:37:17.670 22709-22951 I/bt_btif: LogMsg: bta_ag_sm_execute: handle=0x0002, bd_addr=c0:83:**:**:**:0b, state=BTA_AG_OPEN_ST(0x02), event=BTA_AG_API_RESULT_EVT(0x0506), result=BTA_AG_UNAT_RES(0x14)
2023-04-06 22:37:17.670 22709-22951 I/bt_rfcomm: LogMsg: PORT_WriteData() max_len:17
2023-04-06 22:37:17.670 22709-23584 W/bt_btif: LogMsg: IsConnectedByIndex - not connected
2023-04-06 22:37:17.670 22709-22951 I/bt_rfcomm: LogMsg: PORT_WriteData 17 bytes
2023-04-06 22:37:17.670 22709-22951 I/bt_rfcomm: LogMsg: PORT_Write : Data is being sent
2023-04-06 22:37:17.671 22709-22951 I/bt_btif: LogMsg: bta_ag_sm_execute: handle=0x0002, bd_addr=c0:83:**:**:**:0b, state=BTA_AG_OPEN_ST(0x02), event=BTA_AG_API_RESULT_EVT(0x0506), result=BTA_AG_UNAT_RES(0x14)
2023-04-06 22:37:17.671 22709-22951 I/bt_rfcomm: LogMsg: PORT_WriteData() max_len:6
2023-04-06 22:37:17.671 22709-22951 I/bt_rfcomm: LogMsg: PORT_WriteData 6 bytes
2023-04-06 22:37:17.671 22709-22951 I/bt_rfcomm: LogMsg: PORT_Write : Data is being sent
2023-04-06 22:37:19.636 22709-22951 I/bt_btif: LogMsg: bta_sys_event: Event 0x512
2023-04-06 22:37:19.637 22709-22951 I/bt_btif: LogMsg: bta_ag_sm_execute: handle=0x0002, bd_addr=c0:83:**:**:**:0b, state=BTA_AG_OPEN_ST(0x02), event=BTA_AG_RING_TIMEOUT_EVT(0x0512)
2023-04-06 22:37:19.637 22709-22951 I/bt_rfcomm: LogMsg: PORT_WriteData() max_len:8
2023-04-06 22:37:19.637 22709-22951 I/bt_rfcomm: LogMsg: PORT_WriteData 8 bytes
2023-04-06 22:37:19.637 22709-22951 I/bt_rfcomm: LogMsg: PORT_Write : Data is being sent
2023-04-06 22:37:19.637 22709-22951 I/bt_rfcomm: LogMsg: PORT_WriteData() max_len:28
2023-04-06 22:37:19.637 22709-22951 I/bt_rfcomm: LogMsg: PORT_WriteData 28 bytes
2023-04-06 22:37:19.637 22709-22951 I/bt_rfcomm: LogMsg: PORT_Write : Data is being sent
2023-04-06 22:37:20.127 22709-22951 I/bt_rfcomm: LogMsg: PORT_DataInd with data length 4, p_mcb:0x7021f7a8e8,p_port:0x7021f78638,dlci:7
2023-04-06 22:37:20.127 22709-22951 I/bt_rfcomm: LogMsg: rfc_inc_credit:7
2023-04-06 22:37:20.128 22709-22951 I/bt_btif: LogMsg: bta_ag_sm_execute: handle=0x0002, bd_addr=c0:83:**:**:**:0b, state=BTA_AG_OPEN_ST(0x02), event=BTA_AG_RFC_DATA_EVT(0x050b)
2023-04-06 22:37:20.128 22709-22951 I/bt_rfcomm: LogMsg: PORT_ReadData() handle:5 max_len:512
2023-04-06 22:37:20.128 22709-22951 I/bt_rfcomm: LogMsg: PORT_ReadData queue:0 returned:4
2023-04-06 22:37:20.128 22709-22951 D/bt_bta_dm: bta_dm_rm_cback: BTA Role management callback count:2 status:BTA_SYS_CONN_BUSY peer:c0:83:xx:xx:xx:0b
2023-04-06 22:37:20.128 22709-22951 I/bt_btm_pm: BTM_SetPowerMode: Device is already in requested mode 0, interval: 0, max: 0, min: 0
2023-04-06 22:37:20.129 22709-22951 I/bt_rfcomm: LogMsg: PORT_WriteData() max_len:6
2023-04-06 22:37:20.129 22709-22951 I/bt_rfcomm: LogMsg: PORT_WriteData 6 bytes
2023-04-06 22:37:20.129 22709-22951 I/bt_rfcomm: LogMsg: PORT_Write : Data is being sent
2023-04-06 22:37:20.129 22709-22951 D/bt_bta_dm: bta_dm_rm_cback: BTA Role management callback count:2 status:BTA_SYS_CONN_IDLE peer:c0:83:xx:xx:xx:0b
2023-04-06 22:37:20.130 22709-22750 D/hw_bt_btif: LogMsg: HwTwsDdmBtifHfUpstreamsEvt: Entering DDM version of btif_hf_upstreams_evt
2023-04-06 22:37:20.130 22709-22750 D/hw_bt_btif: LogMsg: HwTwsDdmBtifHfUpstreamsEvt: event=BTA_AG_AT_A_EVT
2023-04-06 22:37:20.130 22709-22750 I/bt_btif: LogMsg: btif_hf_upstreams_evt: event=BTA_AG_AT_A_EVT
2023-04-06 22:37:20.139 22709-23584 I/bt_btif: LogMsg: BTHF: SetScoAllowed
2023-04-06 22:37:20.143 22709-23584 I/bt_btif: LogMsg: BTHF: SetActiveDevice
2023-04-06 22:37:20.273 22709-22709 I/hw_bt_btif: LogMsg: HwSetHDCallState: HD call state=0
2023-04-06 22:37:20.282 22709-23584 I/bt_btif: LogMsg: BTHF: PhoneStateChange
2023-04-06 22:37:20.282 22709-23584 W/bt_btif: LogMsg: IsConnectedByIndex - not connected
2023-04-06 22:37:20.282 22709-23584 W/bt_btif: LogMsg: IsConnectedByIndex - not connected
2023-04-06 22:37:20.282 22709-23584 I/bt_btif_hf: PhoneStateChange: bd_addr:c0:83:xx:xx:xx:0b active_bda:c0:83:xx:xx:xx:0b num_active:1 prev_num_active:0 num_held:0 prev_num_held:0 call_state:BTHF_CALL_STATE_IDLE prev_call_state:BTHF_CALL_STATE_INCOMING
2023-04-06 22:37:20.282 22709-22951 I/bt_btif: LogMsg: bta_ag_sm_execute: handle=0x0002, bd_addr=c0:83:**:**:**:0b, state=BTA_AG_OPEN_ST(0x02), event=BTA_AG_API_RESULT_EVT(0x0506), result=BTA_AG_IN_CALL_CONN_RES(0x0c)
2023-04-06 22:37:20.282 22709-22951 I/bt_rfcomm: LogMsg: PORT_WriteData() max_len:14
2023-04-06 22:37:20.282 22709-22951 I/bt_rfcomm: LogMsg: PORT_WriteData 14 bytes
2023-04-06 22:37:20.282 22709-22951 I/bt_rfcomm: LogMsg: PORT_Write : Data is being sent
2023-04-06 22:37:20.282 22709-22951 I/bt_rfcomm: LogMsg: PORT_WriteData() max_len:14
2023-04-06 22:37:20.282 22709-22951 I/bt_rfcomm: LogMsg: PORT_WriteData 14 bytes
2023-04-06 22:37:20.282 22709-22951 I/bt_rfcomm: LogMsg: PORT_Write : Data is being sent
2023-04-06 22:37:20.282 22709-22951 I/bt_stack: [INFO:bta_ag_sco.cc(1557)] bta_ag_sco_open: open c0:83:**:**:**:0b
2023-04-06 22:37:20.282 22709-22951 D/hw_bt_btif: LogMsg: HwTwsDdmGetCallState: call state (0)
2023-04-06 22:37:20.282 22709-22951 I/bt_btif: LogMsg: bta_ag_sco_event: index=0x0000, device=c0:83:**:**:**:0b, state=BTA_AG_SCO_LISTEN_ST[1], event=BTA_AG_SCO_OPEN_E[1]
2023-04-06 22:37:20.282 22709-22951 D/bt_btm: LogMsg: BTM_RemoveSco
2023-04-06 22:37:20.282 22709-22951 D/bt_bta_dm: bta_dm_rm_cback: BTA Role management callback count:2 status:BTA_SYS_CONN_BUSY peer:c0:83:xx:xx:xx:0b
2023-04-06 22:37:20.282 22709-22951 I/bt_btm_pm: BTM_SetPowerMode: Device is already in requested mode 0, interval: 0, max: 0, min: 0
2023-04-06 22:37:20.282 22709-22951 D/hw_bt_btif: LogMsg: HwTwsFindRecord: looking for record c0:83:**:**:**:0b
2023-04-06 22:37:20.282 22709-22951 D/hw_bt_btif: LogMsg: HwTwsFindRecord: found record 0
2023-04-06 22:37:20.282 22709-22951 I/bt_rfcomm: LogMsg: PORT_WriteData() max_len:11
2023-04-06 22:37:20.282 22709-22951 I/bt_rfcomm: LogMsg: PORT_WriteData 11 bytes
2023-04-06 22:37:20.282 22709-22951 I/bt_rfcomm: LogMsg: PORT_Write : Data is being sent
2023-04-06 22:37:20.283 22709-22951 D/hw_bt_btif: LogMsg: HiechoGetAudioCapsMatchByType not found addr: addr=c0:83:**:**:**:0b capType=-1
2023-04-06 22:37:20.288 6756-6756 I/Notfiy_PhoneListManager: 1300103300|R|I|incoming onReceive state: OFFHOOK incomingNumber: 702
2023-04-06 22:37:20.288 6756-6756 I/Notfiy_PhoneListManager: 1300103300|R|I|doPhoneIdleOrOffHook mIsPhoneForbidden: true mIsPhoneRing: false
2023-04-06 22:37:20.289 6756-6756 I/Notfiy_PhoneListManager: 1300103300|R|I|onCallStateChanged state: 2 incomingNumber: 702
2023-04-06 22:37:20.289 6756-6756 I/Notfiy_PhoneListManager: 1300103300|R|I|doPhoneIdleOrOffHook mIsPhoneForbidden: true mIsPhoneRing: false
2023-04-06 22:37:20.294 6756-6756 I/Notfiy_PhoneListManager: 1300103300|R|I|incoming onReceive state: OFFHOOK incomingNumber: null
2023-04-06 22:37:20.294 6756-6756 I/Notfiy_PhoneListManager: 1300103300|R|I|doPhoneIdleOrOffHook mIsPhoneForbidden: true mIsPhoneRing: false
2023-04-06 22:37:20.306 6756-6756 I/Notfiy_PhoneListManager: 1300103300|R|I|incoming onReceive state: OFFHOOK incomingNumber: 702
2023-04-06 22:37:20.307 6756-6756 I/Notfiy_PhoneListManager: 1300103300|R|I|doPhoneIdleOrOffHook mIsPhoneForbidden: true mIsPhoneRing: false
2023-04-06 22:37:20.308 22709-22951 D/bt_bta_dm: bta_dm_rm_cback: BTA Role management callback count:2 status:BTA_SYS_CONN_BUSY peer:c0:83:xx:xx:xx:0b
2023-04-06 22:37:20.308 22709-22951 I/bt_btm_pm: BTM_SetPowerMode: Device is already in requested mode 0, interval: 0, max: 0, min: 0
2023-04-06 22:37:20.308 22709-22951 I/bt_rfcomm: LogMsg: PORT_WriteDataCO() handle:19
2023-04-06 22:37:20.308 22709-22951 I/bt_rfcomm: LogMsg: PORT_WriteData 44 bytes
2023-04-06 22:37:20.308 22709-22951 I/bt_rfcomm: LogMsg: PORT_Write : Data is being sent
2023-04-06 22:37:20.308 22709-22951 D/bt_bta_dm: bta_dm_rm_cback: BTA Role management callback count:2 status:BTA_SYS_CONN_IDLE peer:c0:83:xx:xx:xx:0b
2023-04-06 22:37:20.308 22709-22951 I/bt_btm_pm: BTM_SetPowerMode: Device is already in requested mode 0, interval: 0, max: 0, min: 0
2023-04-06 22:37:20.308 22709-22951 I/bt_rfcomm: LogMsg: p_len=44 bytes
2023-04-06 22:37:20.311 22709-22951 I/bt_rfcomm: LogMsg: PORT_DataInd with data length 9, p_mcb:0x7021f7a8e8,p_port:0x7021f78638,dlci:7
2023-04-06 22:37:20.311 22709-22951 I/bt_rfcomm: LogMsg: rfc_inc_credit:7
2023-04-06 22:37:20.311 22709-22951 I/bt_btif: LogMsg: bta_ag_sm_execute: handle=0x0002, bd_addr=c0:83:**:**:**:0b, state=BTA_AG_OPEN_ST(0x02), event=BTA_AG_RFC_DATA_EVT(0x050b)
2023-04-06 22:37:20.311 22709-22951 I/bt_rfcomm: LogMsg: PORT_ReadData() handle:5 max_len:512
2023-04-06 22:37:20.311 22709-22951 I/bt_rfcomm: LogMsg: PORT_ReadData queue:0 returned:9
2023-04-06 22:37:20.311 22709-22951 D/bt_bta_dm: bta_dm_rm_cback: BTA Role management callback count:2 status:BTA_SYS_CONN_BUSY peer:c0:83:xx:xx:xx:0b
2023-04-06 22:37:20.311 22709-22951 I/bt_btm_pm: BTM_SetPowerMode: Device is already in requested mode 0, interval: 0, max: 0, min: 0
2023-04-06 22:37:20.311 22709-22951 I/bt_rfcomm: LogMsg: PORT_WriteData() max_len:6
2023-04-06 22:37:20.311 22709-22951 I/bt_rfcomm: LogMsg: PORT_WriteData 6 bytes
2023-04-06 22:37:20.311 22709-22951 I/bt_rfcomm: LogMsg: PORT_Write : Data is being sent
2023-04-06 22:37:20.311 22709-22951 I/bt_btif: LogMsg: bta_ag_sco_event: index=0xffff, device=c0:83:**:**:**:0b, state=BTA_AG_SCO_CODEC_ST[2], event=BTA_AG_SCO_CN_DONE_E[3]
2023-04-06 22:37:20.311 22709-22951 I/bt_btif: LogMsg: bta_ag_create_sco: BEFORE codec_updated=0, codec_fallback=0, sco_codec=2, peer_codec=3, msbc_settings=0, device=c0:83:**:**:**:0b
2023-04-06 22:37:20.311 22709-22951 D/hw_bt_btif: LogMsg: HiechoGetAudioCapsMatchByType not found addr: addr=c0:83:**:**:**:0b capType=-1
2023-04-06 22:37:20.312 22709-22951 I/bt_stack: [INFO:bta_av_main.cc(957)] bta_av_sco_chg_cback: status=BTA_SYS_SCO_OPEN, num_links=1
2023-04-06 22:37:20.313 22709-22951 D/hw_bt_btif: LogMsg: HiechoGetAudioCapsMatchByType not found addr: addr=c0:83:**:**:**:0b capType=-1
2023-04-06 22:37:20.313 22709-22951 D/hw_bt_btif: LogMsg: HiechoGetAudioCapsMatchByType not found addr: addr=c0:83:**:**:**:0b capType=-1
2023-04-06 22:37:20.313 22709-22951 I/bt_stack: [INFO:btm_sco.cc(476)] btm_send_connect_request: enhanced parameter list txbw=0x1f40, rxbw=0x1f40, latency_ms=0xd, retransmit_effort=0x2, pkt_type=0x388, path=0x1
2023-04-06 22:37:20.313 22709-22951 D/bt_btm_sec: btm_sec_is_a_bonded_dev: Device record bonded check peer:c0:83:xx:xx:xx:0b is_bonded:true
2023-04-06 22:37:20.313 22709-22951 I/bt_btif: LogMsg: bta_ag_create_sco: orig 1, inx 0x0000, pkt types 0x0388
2023-04-06 22:37:20.313 22709-22951 I/bt_btif: LogMsg: bta_ag_create_sco: AFTER codec_updated=0, codec_fallback=0, sco_codec=2, peer_codec=3, msbc_settings=0, device=c0:83:**:**:**:0b
2023-04-06 22:37:20.313 22709-22951 D/bt_bta_dm: bta_dm_rm_cback: BTA Role management callback count:2 status:BTA_SYS_CONN_IDLE peer:c0:83:xx:xx:xx:0b
2023-04-06 22:37:20.314 22709-22750 D/hw_bt_btif: LogMsg: HwTwsDdmBtifHfUpstreamsEvt: Entering DDM version of btif_hf_upstreams_evt
2023-04-06 22:37:20.314 22709-22750 D/hw_bt_btif: LogMsg: HwTwsDdmBtifHfUpstreamsEvt: event=BTA_AG_AT_BCS_EVT
2023-04-06 22:37:20.314 22709-22750 I/bt_btif: LogMsg: btif_hf_upstreams_evt: event=BTA_AG_AT_BCS_EVT
2023-04-06 22:37:20.317 2129-3261 I/AS.AudioService: onAccessoryPlugMediaUnmute newDevice=16 [bt_sco]
2023-04-06 22:37:20.321 22709-22709 I/bt_btm: LogMsg: BTM: BTM_VendorSpecificCommand: Opcode: 0xFE00, ParamLen: 3.
2023-04-06 22:37:20.331 22709-22709 I/bt_btm: LogMsg: BTM: BTM_VendorSpecificCommand: Opcode: 0xFE00, ParamLen: 3.
2023-04-06 22:37:20.337 22709-22709 I/bt_btm: LogMsg: BTM: BTM_VendorSpecificCommand: Opcode: 0xFE00, ParamLen: 3.
2023-04-06 22:37:20.338 22709-22951 I/bt_rfcomm: LogMsg: PORT_DataInd with data length 60, p_mcb:0x7021f7a8e8,p_port:0x7021f79208,dlci:17
2023-04-06 22:37:20.338 22709-22951 I/bt_rfcomm: LogMsg: rfc_inc_credit:10
2023-04-06 22:37:20.344 22709-22951 D/bt_bta_dm: bta_dm_rm_cback: BTA Role management callback count:2 status:BTA_SYS_CONN_BUSY peer:c0:83:xx:xx:xx:0b
2023-04-06 22:37:20.344 22709-22951 I/bt_btm_pm: BTM_SetPowerMode: Device is already in requested mode 0, interval: 0, max: 0, min: 0
2023-04-06 22:37:20.344 22709-22951 I/bt_rfcomm: LogMsg: PORT_WriteDataCO() handle:19
2023-04-06 22:37:20.344 22709-22951 I/bt_rfcomm: LogMsg: PORT_WriteData 76 bytes
2023-04-06 22:37:20.344 22709-22951 I/bt_rfcomm: LogMsg: PORT_Write : Data is being sent
2023-04-06 22:37:20.344 22709-22951 D/bt_bta_dm: bta_dm_rm_cback: BTA Role management callback count:2 status:BTA_SYS_CONN_IDLE peer:c0:83:xx:xx:xx:0b
2023-04-06 22:37:20.344 22709-22951 I/bt_rfcomm: LogMsg: p_len=76 bytes
2023-04-06 22:37:20.374 22709-22951 I/bt_rfcomm: LogMsg: PORT_DataInd with data length 51, p_mcb:0x7021f7a8e8,p_port:0x7021f78488,dlci:32
2023-04-06 22:37:20.374 22709-22951 I/bt_rfcomm: LogMsg: rfc_inc_credit:32
2023-04-06 22:37:20.378 22709-22951 D/bt_bta_dm: bta_dm_rm_cback: BTA Role management callback count:2 status:BTA_SYS_CONN_BUSY peer:c0:83:xx:xx:xx:0b
2023-04-06 22:37:20.378 22709-22951 I/bt_btm_pm: BTM_SetPowerMode: Device is already in requested mode 0, interval: 0, max: 0, min: 0
2023-04-06 22:37:20.378 22709-22951 I/bt_rfcomm: LogMsg: PORT_WriteDataCO() handle:3
2023-04-06 22:37:20.378 22709-22951 I/bt_rfcomm: LogMsg: PORT_WriteData 55 bytes
2023-04-06 22:37:20.378 22709-22951 I/bt_rfcomm: LogMsg: PORT_Write : Data is being sent
2023-04-06 22:37:20.378 22709-22951 D/bt_bta_dm: bta_dm_rm_cback: BTA Role management callback count:2 status:BTA_SYS_CONN_IDLE peer:c0:83:xx:xx:xx:0b
2023-04-06 22:37:20.378 22709-22951 I/bt_rfcomm: LogMsg: p_len=55 bytes
2023-04-06 22:37:20.388 22709-22951 D/bt_btm: LogMsg: btm_sco_connected: hci_status 0x0
2023-04-06 22:37:20.388 22709-22951 D/bt_btm_sec: btm_sec_is_a_bonded_dev: Device record bonded check peer:c0:83:xx:xx:xx:0b is_bonded:true
2023-04-06 22:37:20.388 22709-22951 I/bt_btif: LogMsg: bta_ag_sm_execute: handle=0x0002, bd_addr=c0:83:**:**:**:0b, state=BTA_AG_OPEN_ST(0x02), event=BTA_AG_SCO_OPEN_EVT(0x050c)
2023-04-06 22:37:20.388 22709-22951 I/bt_btif: LogMsg: bta_ag_sco_event: index=0x0000, device=c0:83:**:**:**:0b, state=BTA_AG_SCO_OPENING_ST[3], event=BTA_AG_SCO_CONN_OPEN_E[7]
2023-04-06 22:37:20.389 22709-22750 D/hw_bt_btif: LogMsg: HwTwsDdmBtifHfUpstreamsEvt: Entering DDM version of btif_hf_upstreams_evt
2023-04-06 22:37:20.389 22709-22951 D/hw_bt_btif: LogMsg: HiechoGetAudioCapsMatchByType not found addr: addr=c0:83:**:**:**:0b capType=-1
2023-04-06 22:37:20.389 22709-22750 D/hw_bt_btif: LogMsg: HwTwsDdmBtifHfUpstreamsEvt: event=BTA_AG_AT_BCS_EVT
2023-04-06 22:37:20.389 22709-22750 I/bt_btif: LogMsg: btif_hf_upstreams_evt: event=BTA_AG_AT_BCS_EVT
2023-04-06 22:37:20.389 22709-22951 D/hw_bt_btif: LogMsg: HiechoGetAudioCapsMatchByType not found addr: addr=c0:83:**:**:**:0b capType=-1
2023-04-06 22:37:20.389 22709-22951 D/hw_bt_btif: LogMsg: HiechoGetAudioCapsMatchByType not found addr: addr=c0:83:**:**:**:0b capType=-1
2023-04-06 22:37:20.389 22709-22951 I/bt_btm_pm: BTM_SetPowerMode: Device is already in requested mode 0, interval: 0, max: 0, min: 0
2023-04-06 22:37:20.389 22709-22951 D/hw_bt_btif: LogMsg: HiechoGetAudioCapsMatchByType not found addr: addr=c0:83:**:**:**:0b capType=-1
2023-04-06 22:37:20.389 22709-22951 D/hw_bt_btif: LogMsg: HiechoGetAudioCapsMatchByType not found addr: addr=c0:83:**:**:**:0b capType=-1
2023-04-06 22:37:20.389 22709-22951 I/bt_btm_pm: BTM_SetPowerMode: Device is already in requested mode 0, interval: 0, max: 0, min: 0
2023-04-06 22:37:20.389 22709-22750 D/hw_bt_btif: LogMsg: HwTwsDdmBtifHfUpstreamsEvt: Entering DDM version of btif_hf_upstreams_evt
2023-04-06 22:37:20.390 22709-22750 D/hw_bt_btif: LogMsg: HwTwsDdmBtifHfUpstreamsEvt: event=BTA_AG_AUDIO_OPEN_EVT
2023-04-06 22:37:20.390 22709-22750 I/bt_btif: LogMsg: btif_hf_upstreams_evt: event=BTA_AG_AUDIO_OPEN_EVT
2023-04-06 22:37:20.390 22709-22750 D/bt_btif_hf: btif_hf_upstreams_evt: Audio open event:BTA_AG_AUDIO_OPEN_EVT
2023-04-06 22:37:20.503 3873-4167 D/BtDft_NcBtDftManager: handleBtParam id = EVENT_BT_BEHAVIOR
2023-04-06 22:37:20.595 3693-4680 I/SarControl_Manager: handleControlSAR, wifi_bt_value=-1
2023-04-06 22:37:20.597 3693-4680 I/SarControl_Manager: handleControlSAR, wifi_bt_value=-1
2023-04-06 22:37:20.625 2129-3262 I/AS.AudioDeviceBroker: onUpdateCommunicationRoute, preferredCommunicationDevice: AudioDeviceAttributes: role:output type:bt_sco addr:C0:83:C9:0C:D2:0B eventSource: setNewModeOwner
2023-04-06 22:37:20.628 2129-3262 I/AS.AudioDeviceBroker: onUpdateCommunicationRoute, preferredCommunicationDevice: AudioDeviceAttributes: role:output type:bt_sco addr:C0:83:C9:0C:D2:0B eventSource: BtHelper.receiveBtEvent
2023-04-06 22:37:20.629 2129-3262 I/AS.AudioDeviceInventory: setPreferredDevicesForStrategySync, strategy: 14 devices: [AudioDeviceAttributes: role:output type:bt_sco addr:C0:83:C9:0C:D2:0B]
2023-04-06 22:37:21.675 3693-4680 I/SarControl_Manager: handleControlSAR, wifi_bt_value=-1


电话
2023-04-06 22:34:37.824 22709-22951 I/bt_btm_pm: btm_pm_proc_mode_change: Power mode switched from immediate:active[0] to immediate:sniff[2]
2023-04-06 22:34:37.824 22709-22951 D/bt_btm: LogMsg: btm mode change to active; check l2c_link for outgoing packets
2023-04-06 22:34:37.873 22709-22709 I/hw_bt_btif: LogMsg: HwSetHDCallState: HD call state=0
2023-04-06 22:34:37.876 22709-23584 I/bt_btif: LogMsg: BTHF: PhoneStateChange
2023-04-06 22:34:37.876 22709-23584 W/bt_btif: LogMsg: IsConnectedByIndex - not connected
2023-04-06 22:34:37.876 22709-23584 W/bt_btif: LogMsg: IsConnectedByIndex - not connected
2023-04-06 22:34:37.876 22709-23584 I/bt_btif_hf: PhoneStateChange: bd_addr:c0:83:xx:xx:xx:0b active_bda:02:00:xx:xx:xx:00 num_active:1 prev_num_active:0 num_held:0 prev_num_held:0 call_state:BTHF_CALL_STATE_IDLE prev_call_state:BTHF_CALL_STATE_ALERTING
2023-04-06 22:34:37.877 22709-22951 I/bt_btif: LogMsg: bta_ag_sm_execute: handle=0x0002, bd_addr=c0:83:**:**:**:0b, state=BTA_AG_OPEN_ST(0x02), event=BTA_AG_API_RESULT_EVT(0x0506), result=BTA_AG_OUT_CALL_CONN_RES(0x10)
2023-04-06 22:34:37.877 22709-22951 I/bt_rfcomm: LogMsg: PORT_WriteData() max_len:14
2023-04-06 22:34:37.877 22709-22951 I/bt_rfcomm: LogMsg: PORT_WriteData 14 bytes
2023-04-06 22:34:37.877 22709-22951 I/bt_rfcomm: LogMsg: PORT_Write : Data is being sent
2023-04-06 22:34:37.877 22709-22951 I/bt_rfcomm: LogMsg: PORT_WriteData() max_len:14
2023-04-06 22:34:37.877 22709-22951 I/bt_rfcomm: LogMsg: PORT_WriteData 14 bytes
2023-04-06 22:34:37.877 22709-22951 I/bt_rfcomm: LogMsg: PORT_Write : Data is being sent
2023-04-06 22:34:38.853 6756-6798 I/TimeEat_PoolMonitor: 1300103300|R|I|haf-def-1-main, state{[20, 5, 7], poolSize=3, activeCount=0, runNum=0, waitNum=(0, 0, 0)}, stage{interval=121109, cmpNum=3, avgRunTime=2, maxRunTime=6}, total{taskCmpNum=702, avgRunTime=18, maxRunTime=2189}
2023-04-06 22:34:39.390 22709-22951 I/bt_btm_pm: btm_pm_proc_mode_change: Power mode switched from immediate:sniff[2] to immediate:active[0]
2023-04-06 22:34:39.391 22709-22951 D/bt_btm: LogMsg: btm mode change to active; check l2c_link for outgoing packets
2023-04-06 22:34:39.865 22709-22951 I/bt_btm: LogMsg: btm_ble_stop_scan 
2023-04-06 22:34:39.865 22709-22951 I/bt_btm: LogMsg: btm_update_scanner_filter_policy
2023-04-06 22:34:39.865 22709-22951 I/bt_btm: LogMsg: btm_send_hci_set_scan_params scan_type=1 scan_int=960 scan_win=96
2023-04-06 22:34:39.865 22709-22951 I/bt_btm: LogMsg: btm_ble_stop_auto_conn
2023-04-06 22:34:39.865 22709-22951 I/bt_stack: [INFO:btm_ble_connection_establishment.cc(299)] btm_ble_create_conn_cancel.
2023-04-06 22:34:39.866 22709-22951 D/bt_btm_ble: btm_ble_set_random_address: Updating local random address:69:12:xx:xx:xx:13
2023-04-06 22:34:39.866 22709-22951 I/bt_stack: [INFO:btm_ble_bgconn.cc(674)] btm_ble_resume_bg_conn
2023-04-06 22:34:39.866 22709-22951 I/bt_stack: [INFO:btm_ble_bgconn.cc(481)] btm_ble_start_auto_conn
2023-04-06 22:34:39.866 22709-22951 I/bt_stack: [INFO:btm_ble_bgconn.cc(507)] btm_ble_start_auto_conn no need to triger connection
2023-04-06 22:34:39.872 22709-22951 I/bt_btm: LogMsg: HwBleConnCompleteDelayReport
2023-04-06 22:34:39.872 22709-22951 I/bt_btm: LogMsg: IsBleAclBusy: g_bleAclInfo.handle 0x0
2023-04-06 22:34:39.872 22709-22951 I/bt_btm: LogMsg: HwBleConnCompleteDelayReport bda 00:00:**:**:**:00, handle=0x0, status=0x2, role=0x0. ble acl conn no need delay report
2023-04-06 22:34:39.872 22709-22951 I/bt_stack: [INFO:btm_ble_connection_establishment.cc(213)] btm_ble_conn_complete: bda:00:00:**:**:**:00
2023-04-06 22:34:39.872 22709-22951 D/bt_btm_ble: btm_ble_update_mode_operation: Resuming le background connections
2023-04-06 22:34:39.872 22709-22951 I/bt_stack: [INFO:btm_ble_bgconn.cc(674)] btm_ble_resume_bg_conn
2023-04-06 22:34:39.873 22709-22951 I/bt_stack: [INFO:btm_ble_bgconn.cc(481)] btm_ble_start_auto_conn
2023-04-06 22:34:39.873 22709-22951 I/bt_stack: [INFO:btm_ble_bgconn.cc(406)] btm_execute_wl_dev_operation
2023-04-06 22:34:39.873 22709-22951 I/bt_stack: [INFO:btm_ble_connection_establishment.cc(68)] btm_send_hci_create_connection: scan_int=2048 scan_win=128 init_filter_policy=1 addr_type_peer=2 bda_peer=00:00:**:**:**:00 addr_type_own=3 conn_int_min=24 conn_int_max=40 conn_latency=0 conn_timeout=500 min_ce_len0 max_ce_len=0 initiating_phys=7
2023-04-06 22:34:39.873 22709-22951 D/hw_bt_btif: LogMsg: HwTwsFusionPairBleCreated: remoteBda = 00:00:**:**:**:00
2023-04-06 22:34:39.873 22709-22951 D/hw_bt_btif: LogMsg: HwTwsFusionPairSyncSecInfo 00:00:**:**:**:00
2023-04-06 22:34:41.369 22709-22951 I/bt_btm_pm: btm_pm_proc_mode_change: Power mode switched from immediate:active[0] to immediate:sniff[2]
2023-04-06 22:34:41.369 22709-22951 D/bt_btm: LogMsg: btm mode change to active; check l2c_link for outgoing packets
2023-04-06 22:34:45.854 2450-23972 I/sensors-hal: handle_sns_std_sensor_event:552, [ambient_light] ts=476756078753292, lux = 11, cct = 5917, ir = 3, raw_red=8 raw_green=7 raw_blue=8 raw_clear=22
2023-04-06 22:34:45.958 2450-23972 I/sensors-hal: handle_sns_std_sensor_event:552, [ambient_light] ts=476756178766938, lux = 11, cct = 5912, ir = 3, raw_red=8 raw_green=7 raw_blue=8 raw_clear=22
2023-04-06 22:34:46.056 2450-23972 I/sensors-hal: handle_sns_std_sensor_event:552, [ambient_light] ts=476756278765688, lux = 11, cct = 5912, ir = 3, raw_red=8 raw_green=7 raw_blue=8 raw_clear=22
2023-04-06 22:34:46.156 2450-23972 I/sensors-hal: handle_sns_std_sensor_event:552, [ambient_light] ts=476756378765948, lux = 11, cct = 5912, ir = 3, raw_red=8 raw_green=7 raw_blue=8 raw_clear=22
2023-04-06 22:34:46.259 2450-23972 I/sensors-hal: handle_sns_std_sensor_event:552, [ambient_light] ts=476756478766678, lux = 11, cct = 5916, ir = 3, raw_red=8 raw_green=7 raw_blue=8 raw_clear=22
2023-04-06 22:34:46.357 2450-23972 I/sensors-hal: handle_sns_std_sensor_event:552, [ambient_light] ts=476756578756990, lux = 11, cct = 5916, ir = 3, raw_red=8 raw_green=7 raw_blue=8 raw_clear=22
2023-04-06 22:34:46.454 2450-23972 I/sensors-hal: handle_sns_std_sensor_event:552, [ambient_light] ts=476756678767198, lux = 11, cct = 5916, ir = 3, raw_red=8 raw_green=7 raw_blue=8 raw_clear=22
2023-04-06 22:34:46.559 2450-23972 I/sensors-hal: handle_sns_std_sensor_event:552, [ambient_light] ts=476756778756261, lux = 11, cct = 5883, ir = 3, raw_red=8 raw_green=7 raw_blue=8 raw_clear=22
2023-04-06 22:34:46.656 2450-23972 I/sensors-hal: handle_sns_std_sensor_event:552, [ambient_light] ts=476756878766678, lux = 11, cct = 5883, ir = 3, raw_red=8 raw_green=7 raw_blue=8 raw_clear=22
2023-04-06 22:34:46.756 2450-23972 I/sensors-hal: handle_sns_std_sensor_event:552, [ambient_light] ts=476756978771625, lux = 11, cct = 5883, ir = 3, raw_red=8 raw_green=7 raw_blue=8 raw_clear=22
2023-04-06 22:34:49.497 22709-22470 I/bt_btif: LogMsg: btif_hh_poll_event_thread: ret=0, revents=0, count=603000
2023-04-06 22:34:51.093 6756-6756 I/R_IntegratedServicesReceiver: 1300103300|R|I|onReceive handle action is :com.huawei.bone.ACTION_NOTIFICATION_PUSH
2023-04-06 22:34:51.093 6756-6756 I/R_IntegratedServicesReceiver: 1300103300|R|I|pushNotificationToDevice enter
2023-04-06 22:34:51.094 6756-6756 I/R_NotifySendUtil: 1300103300|R|I|setStringTextList textContentLength = 8, sContentLength = 498
2023-04-06 22:34:51.095 6756-6756 I/R_NotifySendUtil: 1300103300|R|I|setStringTextList textContentLength = 1124, sContentLength = 498
2023-04-06 22:34:51.097 6756-6756 I/ContentPermission: authority:sms mPermissionType = 4
2023-04-06 22:34:51.097 6756-6756 V/StubController: hsm should not control this permission: 4
2023-04-06 22:34:51.097 2129-4334 I/ContentProviderHelper: Successfully start provider ContentProviderRecord{9ebda26 u0 com.android.providers.telephony/.SmsProvider} launchingApp=null caller pid= 6756
2023-04-06 22:34:51.115 6756-25357 I/FormalHASDK: e==> HiAnalyticsDataManager.getInitFlag(String tag) is execute.TAG: _default_config_tag
2023-04-06 22:34:51.115 6756-25357 I/FormalHASDK: HiAnalyticsInstance==> onEvent. TAG:_default_config_tag, TYPE:1, eventId:85070006
2023-04-06 22:34:51.117 22709-22951 D/bt_bta_dm: bta_dm_rm_cback: BTA Role management callback count:2 status:BTA_SYS_CONN_BUSY peer:c0:83:xx:xx:xx:0b
2023-04-06 22:34:51.117 22709-22951 I/bt_btm_pm: BTM_SetPowerMode: Setting power mode for peer:c0:83:xx:xx:xx:0b current_mode:immediate:sniff[2] new_mode:forced:active[0]
2023-04-06 22:34:51.117 22709-22951 D/bt_btm: LogMsg: forced:active: Found controller in mode:btm_pm_snd_md_req
2023-04-06 22:34:51.117 22709-22951 I/bt_btm_pm: btm_pm_snd_md_req: Switching from immediate:sniff[0x02] to immediate:active[0x00]
2023-04-06 22:34:51.117 22709-22951 I/bt_rfcomm: LogMsg: PORT_WriteDataCO() handle:3
2023-04-06 22:34:51.117 22709-22951 I/bt_rfcomm: LogMsg: PORT_WriteData 691 bytes
2023-04-06 22:34:51.117 22709-22951 I/bt_rfcomm: LogMsg: PORT_Write : Data is being sent
2023-04-06 22:34:51.117 22709-22951 W/bt_btm_pm: BTM_LinkIsPending: pm_pend_link:10
2023-04-06 22:34:51.117 22709-22951 D/hw_bt_btif: LogMsg: HiechoGetAudioCapsMatchByType not found addr: addr=c0:83:**:**:**:0b capType=-1
2023-04-06 22:34:51.117 22709-22951 D/bt_bta_dm: bta_dm_rm_cback: BTA Role management callback count:2 status:BTA_SYS_CONN_IDLE peer:c0:83:xx:xx:xx:0b
2023-04-06 22:34:51.118 22709-22951 I/bt_rfcomm: LogMsg: p_len=691 bytes
2023-04-06 22:34:51.118 6756-25360 I/FormalHASDK: RecordTask==> record evt size: 17, TAG: _default_config_tag, TYPE: maint
2023-04-06 22:34:51.125 22709-22951 D/bt_btm: LogMsg: btm_pm_proc_cmd_status: Notifying callback that link power mode is complete peer:c0:83:xx:xx:xx:0b
2023-04-06 22:34:51.125 22709-22951 I/bt_btm_pm: btm_pm_proc_cmd_status: Clearing pending power mode link state:immediate:pending
2023-04-06 22:34:51.378 22709-22951 I/bt_btm_pm: btm_pm_proc_mode_change: Power mode switched from immediate:pending[5] to immediate:active[0]
2023-04-06 22:34:51.378 22709-22951 D/bt_btm: LogMsg: btm mode change to active; check l2c_link for outgoing packets
2023-04-06 22:34:51.454 22709-22951 I/bt_rfcomm: LogMsg: PORT_DataInd with data length 14, p_mcb:0x7021f7a8e8,p_port:0x7021f78488,dlci:32
2023-04-06 22:34:51.454 22709-22951 I/bt_rfcomm: LogMsg: rfc_inc_credit:32
2023-04-06 22:34:51.455 22709-22951 I/bt_rfcomm: LogMsg: PORT_DataInd with data length 51, p_mcb:0x7021f7a8e8,p_port:0x7021f78488,dlci:32
2023-04-06 22:34:51.459 22709-22951 D/bt_bta_dm: bta_dm_rm_cback: BTA Role management callback count:2 status:BTA_SYS_CONN_BUSY peer:c0:83:xx:xx:xx:0b
2023-04-06 22:34:51.459 22709-22951 I/bt_btm_pm: BTM_SetPowerMode: Device is already in requested mode 0, interval: 0, max: 0, min: 0
2023-04-06 22:34:51.459 22709-22951 I/bt_rfcomm: LogMsg: PORT_WriteDataCO() handle:3
2023-04-06 22:34:51.459 22709-22951 I/bt_rfcomm: LogMsg: PORT_WriteData 55 bytes
2023-04-06 22:34:51.459 22709-22951 I/bt_rfcomm: LogMsg: PORT_Write : Data is being sent
2023-04-06 22:34:51.459 22709-22951 D/bt_bta_dm: bta_dm_rm_cback: BTA Role management callback count:2 status:BTA_SYS_CONN_IDLE peer:c0:83:xx:xx:xx:0b
2023-04-06 22:34:51.459 22709-22951 I/bt_rfcomm: LogMsg: p_len=55 bytes

微信

收
2023-04-06 22:46:42.897 22709-22951 I/bt_btm_pm: btm_pm_proc_mode_change: Power mode switched from immediate:active[0] to immediate:sniff[2]
2023-04-06 22:46:42.898 22709-22951 D/bt_btm: LogMsg: btm mode change to active; check l2c_link for outgoing packets
2023-04-06 22:46:42.944 29394-29595 I/mars::stn: [longlink_connect_monitor.cc:470, OnHeartbeatAlarmSet]:longlink_progress on_heartbeat_set, time: 477473183, time interval:210000
2023-04-06 22:46:44.746 28412-28412 D/[KindaLib] ProxyConstructorMap: createObject: KOfflinePayService
2023-04-06 22:46:44.747 28412-28412 D/[KindaLib] ProxyConstructorMap: can not find proxy creator method or is not view
2023-04-06 22:46:44.747 28412-28412 D/[KindaLib] ProxyConstructorMap: createObject: KOfflinePayService
2023-04-06 22:46:44.747 28412-28412 D/[KindaLib] ProxyConstructorMap: can not find proxy creator method or is not view
2023-04-06 22:46:44.747 28412-28412 D/[KindaLib] ProxyConstructorMap: createObject: KOfflinePayService
2023-04-06 22:46:44.747 28412-28412 D/[KindaLib] ProxyConstructorMap: can not find proxy creator method or is not view
2023-04-06 22:46:44.749 28412-28412 D/[KindaLib] ProxyConstructorMap: createObject: KOfflinePayService
2023-04-06 22:46:44.749 28412-28412 D/[KindaLib] ProxyConstructorMap: can not find proxy creator method or is not view
2023-04-06 22:46:44.749 28412-28412 D/[KindaLib] ProxyConstructorMap: createObject: KOfflinePayService
2023-04-06 22:46:44.750 28412-28412 D/[KindaLib] ProxyConstructorMap: can not find proxy creator method or is not view
2023-04-06 22:46:45.492 2129-4124 I/NetworkStats: openSessionForUsageStats, pid = 28412, pkg = com.tencent.mm
2023-04-06 22:46:45.497 2129-3204 I/NetworkStats: openSessionForUsageStats, pid = 28412, pkg = com.tencent.mm
2023-04-06 22:46:45.500 29394-29595 I/mars::stn: [longlink_connect_monitor.cc:470, OnHeartbeatAlarmSet]:longlink_progress on_heartbeat_set, time: 477475739, time interval:210000
2023-04-06 22:46:45.616 29394-29502 V/adam: 14:46:45.616 29502 V adam looper.cpp 131: receive invoke event!
2023-04-06 22:46:45.616 29394-29549 V/adam: 14:46:45.616 29549 V adam looper.cpp 273: wakeup lock: acquire
2023-04-06 22:46:45.617 29394-29549 V/adam: 14:46:45.617 29549 V adam looper.cpp 265: idle wait
2023-04-06 22:46:45.618 29394-29571 V/adam: 14:46:45.617 29571 V adam adam_packer_utils.cpp 18: --> adam_packer_pack_body
2023-04-06 22:46:45.618 29394-29571 V/adam: 14:46:45.618 29571 V adam lz4_util.cpp 21: --> Lz4Compress
2023-04-06 22:46:45.618 29394-29571 V/adam: 14:46:45.618 29571 V adam lz4_util.cpp 30: going to compress len:179, max:195
2023-04-06 22:46:45.618 29394-29571 V/adam: 14:46:45.618 29571 V adam lz4_util.cpp 32: finish compress len:174
2023-04-06 22:46:45.619 29394-29571 V/adam: 14:46:45.619 29571 V adam lz4_util.cpp 21: <-- Lz4Compress +1
2023-04-06 22:46:45.619 29394-29571 V/adam: 14:46:45.619 29571 V adam adam_crypto_utils.cpp 34: --> aes_gcm_encrypt
2023-04-06 22:46:45.620 29394-29571 V/adam: 14:46:45.619 29571 V adam adam_crypto_utils.cpp 102: finish enc in:174, keylen:32, iv:12, tag:16, out:202
2023-04-06 22:46:45.620 29394-29571 V/adam: 14:46:45.620 29571 V adam adam_crypto_utils.cpp 34: <-- aes_gcm_encrypt +1
2023-04-06 22:46:45.620 29394-29571 V/adam: 14:46:45.620 29571 V adam adam_packer_utils.cpp 62: comalgo:1, encalgo:1, origlen:179, compressed:174, encrypt:202
2023-04-06 22:46:45.620 29394-29571 V/adam: 14:46:45.620 29571 V adam adam_packer_utils.cpp 18: <-- adam_packer_pack_body +3
2023-04-06 22:46:45.621 29394-29571 V/adam: 14:46:45.620 29571 V adam adam_server_session.cpp 518: cmdtype:18, orig:179, encrypt:202
2023-04-06 22:46:45.621 29394-29549 V/adam: 14:46:45.621 29549 V adam looper.cpp 268: wakeup lock: release
2023-04-06 22:46:45.622 22709-22951 D/bt_bta_dm: bta_dm_rm_cback: BTA Role management callback count:2 status:BTA_SYS_CONN_BUSY peer:c0:83:xx:xx:xx:0b
2023-04-06 22:46:45.622 22709-22951 I/bt_btm_pm: BTM_SetPowerMode: Setting power mode for peer:c0:83:xx:xx:xx:0b current_mode:immediate:sniff[2] new_mode:forced:active[0]
2023-04-06 22:46:45.622 22709-22951 D/bt_btm: LogMsg: forced:active: Found controller in mode:btm_pm_snd_md_req
2023-04-06 22:46:45.622 22709-22951 I/bt_btm_pm: btm_pm_snd_md_req: Switching from immediate:sniff[0x02] to immediate:active[0x00]
2023-04-06 22:46:45.625 22709-22951 I/bt_rfcomm: LogMsg: PORT_WriteDataCO() handle:31
2023-04-06 22:46:45.625 22709-22951 I/bt_rfcomm: LogMsg: PORT_WriteData 246 bytes
2023-04-06 22:46:45.625 22709-22951 I/bt_rfcomm: LogMsg: PORT_Write : Data is being sent
2023-04-06 22:46:45.627 22709-22951 W/bt_btm_pm: BTM_LinkIsPending: pm_pend_link:10
2023-04-06 22:46:45.627 22709-22951 D/hw_bt_btif: LogMsg: HiechoGetAudioCapsMatchByType not found addr: addr=c0:83:**:**:**:0b capType=-1
2023-04-06 22:46:45.627 22709-22951 D/bt_bta_dm: bta_dm_rm_cback: BTA Role management callback count:2 status:BTA_SYS_CONN_IDLE peer:c0:83:xx:xx:xx:0b
2023-04-06 22:46:45.627 22709-22951 I/bt_rfcomm: LogMsg: p_len=246 bytes
2023-04-06 22:46:45.631 22709-22951 D/bt_btm: LogMsg: btm_pm_proc_cmd_status: Notifying callback that link power mode is complete peer:c0:83:xx:xx:xx:0b
2023-04-06 22:46:45.631 22709-22951 I/bt_btm_pm: btm_pm_proc_cmd_status: Clearing pending power mode link state:immediate:pending
2023-04-06 22:46:45.637 28412-28412 I/HwViewRootImpl: removeInvalidNode all the node in jank list is out of time
2023-04-06 22:46:45.780 28412-29351 V/AudioManager: getStreamVolume streamType: 5 volume: 0
2023-04-06 22:46:45.884 28412-28430 I/OpenGLRenderer: gpu complete fence is not signaled
2023-04-06 22:46:45.888 22709-22951 I/bt_btm_pm: btm_pm_proc_mode_change: Power mode switched from immediate:pending[5] to immediate:active[0]
2023-04-06 22:46:45.888 22709-22951 D/bt_btm: LogMsg: btm mode change to active; check l2c_link for outgoing packets
2023-04-06 22:46:45.918 22709-22951 I/bt_rfcomm: LogMsg: PORT_DataInd with data length 85, p_mcb:0x7021f7a8e8,p_port:0x7021f79c28,dlci:2
2023-04-06 22:46:45.918 22709-22951 I/bt_rfcomm: LogMsg: rfc_inc_credit:10
2023-04-06 22:46:45.923 29394-29493 V/adam: 14:46:45.923 29493 V adam looper.cpp 131: receive invoke event!
2023-04-06 22:46:45.924 29394-29549 V/adam: 14:46:45.924 29549 V adam looper.cpp 273: wakeup lock: acquire
2023-04-06 22:46:45.925 29394-29549 V/adam: 14:46:45.924 29549 V adam adam_crypto_utils.cpp 106: --> aes_gcm_decrypt
2023-04-06 22:46:45.925 29394-29549 V/adam: 14:46:45.925 29549 V adam adam_crypto_utils.cpp 179: finish dec in:38, keylen:32, iv:12, tag:16, out:10
2023-04-06 22:46:45.925 29394-29549 V/adam: 14:46:45.925 29549 V adam adam_crypto_utils.cpp 106: <-- aes_gcm_decrypt +1
2023-04-06 22:46:45.926 29394-29549 V/adam: 14:46:45.925 29549 V adam looper.cpp 131: receive invoke event!
2023-04-06 22:46:45.926 29394-29549 V/adam: 14:46:45.926 29549 V adam adam_server_session.cpp 243: recv app cmd taskid:745, funcname:GetConversationList
2023-04-06 22:46:45.927 29394-29549 V/adam: 14:46:45.926 29549 V adam looper.cpp 265: idle wait
2023-04-06 22:46:45.927 29394-29549 V/adam: 14:46:45.927 29549 V adam looper.cpp 268: wakeup lock: release
2023-04-06 22:46:45.953 29394-29502 V/adam: 14:46:45.953 29502 V adam looper.cpp 131: receive invoke event!
2023-04-06 22:46:45.954 29394-29549 V/adam: 14:46:45.953 29549 V adam looper.cpp 273: wakeup lock: acquire
2023-04-06 22:46:45.954 29394-29549 V/adam: 14:46:45.954 29549 V adam looper.cpp 265: idle wait
2023-04-06 22:46:45.955 29394-29549 V/adam: 14:46:45.955 29549 V adam looper.cpp 268: wakeup lock: release
2023-04-06 22:46:45.955 29394-29571 V/adam: 14:46:45.955 29571 V adam adam_packer_utils.cpp 18: --> adam_packer_pack_body
2023-04-06 22:46:45.956 29394-29571 V/adam: 14:46:45.956 29571 V adam lz4_util.cpp 21: --> Lz4Compress
2023-04-06 22:46:45.956 29394-29571 V/adam: 14:46:45.956 29571 V adam lz4_util.cpp 30: going to compress len:1182, max:1202
2023-04-06 22:46:45.957 29394-29571 V/adam: 14:46:45.957 29571 V adam lz4_util.cpp 32: finish compress len:698
2023-04-06 22:46:45.957 29394-29571 V/adam: 14:46:45.957 29571 V adam lz4_util.cpp 21: <-- Lz4Compress +1
2023-04-06 22:46:45.958 29394-29571 V/adam: 14:46:45.957 29571 V adam adam_crypto_utils.cpp 34: --> aes_gcm_encrypt
2023-04-06 22:46:45.958 29394-29571 V/adam: 14:46:45.958 29571 V adam adam_crypto_utils.cpp 102: finish enc in:698, keylen:32, iv:12, tag:16, out:726
2023-04-06 22:46:45.959 29394-29571 V/adam: 14:46:45.958 29571 V adam adam_crypto_utils.cpp 34: <-- aes_gcm_encrypt +1
2023-04-06 22:46:45.959 29394-29571 V/adam: 14:46:45.959 29571 V adam adam_packer_utils.cpp 62: comalgo:1, encalgo:1, origlen:1182, compressed:698, encrypt:726
2023-04-06 22:46:45.959 29394-29571 V/adam: 14:46:45.959 29571 V adam adam_packer_utils.cpp 18: <-- adam_packer_pack_body +5
2023-04-06 22:46:45.960 29394-29571 V/adam: 14:46:45.960 29571 V adam adam_server_session.cpp 518: cmdtype:17, orig:1182, encrypt:726
2023-04-06 22:46:45.962 22709-22951 D/bt_bta_dm: bta_dm_rm_cback: BTA Role management callback count:2 status:BTA_SYS_CONN_BUSY peer:c0:83:xx:xx:xx:0b
2023-04-06 22:46:45.962 22709-22951 I/bt_btm_pm: BTM_SetPowerMode: Device is already in requested mode 0, interval: 0, max: 0, min: 0
2023-04-06 22:46:45.962 22709-22951 I/bt_rfcomm: LogMsg: PORT_WriteDataCO() handle:31
2023-04-06 22:46:45.963 22709-22951 I/bt_rfcomm: LogMsg: PORT_WriteData 755 bytes
2023-04-06 22:46:45.963 22709-22951 I/bt_rfcomm: LogMsg: PORT_Write : Data is being sent
2023-04-06 22:46:45.963 22709-22951 D/bt_bta_dm: bta_dm_rm_cback: BTA Role management callback count:2 status:BTA_SYS_CONN_IDLE peer:c0:83:xx:xx:xx:0b
2023-04-06 22:46:45.963 22709-22951 I/bt_rfcomm: LogMsg: p_len=755 bytes
2023-04-06 22:46:46.090 28412-28603 D/HARDCODER: [header.h,genReqPack:46]"getReqPack funcid:1013, dataLen:151 callertid:28615 timestamp:477476328"
2023-04-06 22:46:46.090 28412-28603 D/HARDCODER: [header.h,genReqPack:87]"genReqPack json header len:52, requestid:1680792406090307"
2023-04-06 22:46:46.090 28412-28603 D/HARDCODER: [protocol.h,requestUnifyCpuIOThreadCoreGpu:1190]"requestUnifyCpuIOThreadCoreGpu requestid:1680792406090307, scene:6, action:127040, cpulevel:2, iolevel:2, bindlen:0, gpulevel:1, timeoutms:1029"
2023-04-06 22:46:46.090 28412-28603 D/HARDCODER: [com_tencent_mm_hardcoder_HardCoderJNI.cpp,Java_com_tencent_mm_hardcoder_HardCoderJNI_requestUnifyCpuIOThreadCoreGpu:358]"requestUnifyCpuIOThreadCoreGpu, requestId:1680792406090307, scene:6, action:127040, cpulevel:2, iolevel:2, bindtids len:1, " "gpulevel:0 timeout:1029 tid:28615 timestamp:" PRId64
2023-04-06 22:46:46.090 28412-28605 D/HARDCODER: [localsocket.h,loop:185]"loop, poll success, revents&POLLIN:1, read pipe ret:4"
2023-04-06 22:46:46.090 28412-28605 D/HARDCODER: [localsocket.h,checkCanWrite:63]"checkCanWrite poll ret:1 revent&POLLOUT:4, fd:240"
2023-04-06 22:46:46.090 28412-28605 D/HARDCODER: [localsocket.h,loop:160]"loop, send sendPack finish, ret:203, fd:240, len:203, offset:203, queue:0, costtime:0 "
2023-04-06 22:46:46.091 2129-28606 D/GameLocalSocketServer: uid: 10209, pid: 28412, sock: 1155, begin: 0x48444352, recv len: 203, updated: 0
2023-04-06 22:46:46.168 2129-3204 I/ContentProviderHelper: Successfully start provider ContentProviderRecord{9274f63 u0 com.huawei.android.launcher/.LauncherProvider} launchingApp=null caller pid= 28412
2023-04-06 22:46:46.169 3432-23194 I/HwLauncher: LauncherProvider launcher call - method:setAppBadgeCount arg:nullextras:[app_shortcut_custom_id=null][app_shortcut_class_name=com.tencent.mm.ui.LauncherUI][app_badge_count=5] uid:10209 pid =28412
2023-04-06 22:46:46.169 2129-3204 I/ContentProviderHelper: Successfully start provider ContentProviderRecord{9274f63 u0 com.huawei.android.launcher/.LauncherProvider} launchingApp=null caller pid= 28412
2023-04-06 22:46:46.170 3432-468 I/HwLauncher: LauncherProvider launcher call - method:setAppBadgeCount arg:nullextras:[app_shortcut_custom_id=[shortcut_60c3b0c296c39d5dc384012526c2830d72c385c3b04dc282c3b5c3aac392]][app_shortcut_class_name=com.tencent.mm.ui.LauncherUI][app_badge_count=4] uid:10209 pid =28412
2023-04-06 22:46:46.405 22709-22951 I/bt_rfcomm: LogMsg: PORT_DataInd with data length 85, p_mcb:0x7021f7a8e8,p_port:0x7021f79c28,dlci:2
2023-04-06 22:46:46.405 22709-22951 I/bt_rfcomm: LogMsg: rfc_inc_credit:10
2023-04-06 22:46:46.408 29394-29498 V/adam: 14:46:46.408 29498 V adam looper.cpp 131: receive invoke event!
2023-04-06 22:46:46.409 29394-29549 V/adam: 14:46:46.408 29549 V adam looper.cpp 273: wakeup lock: acquire
2023-04-06 22:46:46.409 29394-29549 V/adam: 14:46:46.409 29549 V adam adam_crypto_utils.cpp 106: --> aes_gcm_decrypt
2023-04-06 22:46:46.410 29394-29549 V/adam: 14:46:46.410 29549 V adam adam_crypto_utils.cpp 179: finish dec in:38, keylen:32, iv:12, tag:16, out:10
2023-04-06 22:46:46.411 29394-29549 V/adam: 14:46:46.410 29549 V adam adam_crypto_utils.cpp 106: <-- aes_gcm_decrypt +1
2023-04-06 22:46:46.411 29394-29549 V/adam: 14:46:46.411 29549 V adam looper.cpp 131: receive invoke event!
2023-04-06 22:46:46.411 29394-29549 V/adam: 14:46:46.411 29549 V adam adam_server_session.cpp 243: recv app cmd taskid:747, funcname:GetConversationList
2023-04-06 22:46:46.412 29394-29549 V/adam: 14:46:46.412 29549 V adam looper.cpp 265: idle wait
2023-04-06 22:46:46.413 29394-29549 V/adam: 14:46:46.412 29549 V adam looper.cpp 268: wakeup lock: release
2023-04-06 22:46:46.428 29394-29502 V/adam: 14:46:46.428 29502 V adam looper.cpp 131: receive invoke event!
2023-04-06 22:46:46.428 29394-29549 V/adam: 14:46:46.428 29549 V adam looper.cpp 273: wakeup lock: acquire
2023-04-06 22:46:46.429 29394-29549 V/adam: 14:46:46.428 29549 V adam looper.cpp 265: idle wait
2023-04-06 22:46:46.429 29394-29549 V/adam: 14:46:46.429 29549 V adam looper.cpp 268: wakeup lock: release
2023-04-06 22:46:46.429 29394-29571 V/adam: 14:46:46.429 29571 V adam adam_packer_utils.cpp 18: --> adam_packer_pack_body
2023-04-06 22:46:46.430 29394-29571 V/adam: 14:46:46.429 29571 V adam lz4_util.cpp 21: --> Lz4Compress
2023-04-06 22:46:46.430 29394-29571 V/adam: 14:46:46.430 29571 V adam lz4_util.cpp 30: going to compress len:1182, max:1202
2023-04-06 22:46:46.430 29394-29571 V/adam: 14:46:46.430 29571 V adam lz4_util.cpp 32: finish compress len:698
2023-04-06 22:46:46.431 29394-29571 V/adam: 14:46:46.431 29571 V adam lz4_util.cpp 21: <-- Lz4Compress +2
2023-04-06 22:46:46.431 29394-29571 V/adam: 14:46:46.431 29571 V adam adam_crypto_utils.cpp 34: --> aes_gcm_encrypt
2023-04-06 22:46:46.431 29394-29571 V/adam: 14:46:46.431 29571 V adam adam_crypto_utils.cpp 102: finish enc in:698, keylen:32, iv:12, tag:16, out:726
2023-04-06 22:46:46.431 29394-29571 V/adam: 14:46:46.431 29571 V adam adam_crypto_utils.cpp 34: <-- aes_gcm_encrypt +0
2023-04-06 22:46:46.432 29394-29571 V/adam: 14:46:46.431 29571 V adam adam_packer_utils.cpp 62: comalgo:1, encalgo:1, origlen:1182, compressed:698, encrypt:726
